[    0.000000] Booting Linux on physical CPU 0x0
[    0.000000] Initializing cgroup subsys cpuset
[    0.000000] Initializing cgroup subsys cpu
[    0.000000] Initializing cgroup subsys cpuacct
[    0.000000] Linux version 4.4.146+ (piggz@linux-f1uu) (gcc version 4.9.x 20150123 (prerelease) (GCC) ) #16 SMP PREEMPT Sun Nov 22 10:20:28 UTC 2020
[    0.000000] Boot CPU: AArch64 Processor [410fd034]
[    0.000000] mrdump_get_cb: mrdump_cbaddr=0x000000000011e000, mrdump_cbsize=0x0000000000002000
[    0.000000] [PHY layout]mblock-10-ccci   :   0x7c000000 - 0x7d5fffff (0x1600000)
[    0.000000] [PHY layout]mblock-8-ccci   :   0x80000000 - 0x800fffff (0x100000)
[    0.000000] [PHY layout]mblock-7-SPM-reserved   :   0x77ff0000 - 0x77ffffff (0x10000)
[    0.000000] [PHY layout]mblock-6-framebuffer   :   0x7dca0000 - 0x7feeffff (0x2250000)
[    0.000000] [PHY layout]mblock-5-atf-log-reserved   :   0x6ffc0000 - 0x6fffffff (0x40000)
[    0.000000] [PHY layout]mblock-4-teei-reserved   :   0x70000000 - 0x73bfffff (0x3c00000)
[    0.000000] [PHY layout]mblock-3-SPM-reserved   :   0x7fef0000 - 0x7fefffff (0x10000)
[    0.000000] [PHY layout]mblock-2-SSPM-reserved   :   0x7ff00000 - 0x7ffbffff (0xc0000)
[    0.000000] [PHY layout]atf-reserved-memory@44610000   :   0x54600000 - 0x5463ffff (0x40000)
[    0.000000] [PHY layout]soter-shared-mem   :   0x8fe00000 - 0x8fffffff (0x200000)
[    0.000000] Reserved memory: initialized node soter-shared-mem, compatible id microtrust,shared_mem
[    0.000000] [PHY layout]reserve-memory-sspm_share   :   0x9ff80000 - 0x9fffffff (0x80000)
[    0.000000] Reserved memory: initialized node reserve-memory-sspm_share, compatible id mediatek,reserve-memory-sspm_share
[    0.000000] [PHY layout]consys-reserve-memory   :   0xafe00000 - 0xafffffff (0x200000)
[    0.000000] [CONNADP]reserve_memory_consys_fn: name: consys-reserve-memory, base: 0xafe00000, size: 0x200000
[    0.000000] Reserved memory: initialized node consys-reserve-memory, compatible id mediatek,consys-reserve-memory
[    0.000000] ZMC: zmc_memory_init, name: zone-movable-cma-memory, base: 0x00000000c0000000, size: 0x000000007fc00000
[    0.000000] ZMC: zmc_is_the_last: phys end: 0x0000000140000000, rmem end max: 0x0000000140000000
[    0.000000] ZMC: check_and_fix_base: total phys size: 0x00000000f84d0000
[    0.000000] ZMC: Start to zone: 0
[    0.000000] memory-ssvp: setup_feature_size, can't find DT node, memory-ssmr-features
[    0.000000] memory-ssvp: setup_feature_size, rmem->size: 0x000000007fc00000
[    0.000000] memory-ssvp: setup_feature_size, svp-size: 0x0000000000000000
[    0.000000] memory-ssvp: finalize_region_size, svp_region: 0x0000000000000000
[    0.000000] memory-ssvp: ssvp_preinit, total target size: 0x0000000000000000
[    0.000000] memory-ssvp: ssvp_preinit, SSVP initialization: skipped, no SSVP requirements
[    0.000000] ZMC: Start to zone: 1
[    0.000000] ZMC: ::[memory-lowpower]: size: 0xffffffffffffffff, align: 0x0000000010000000
[    0.000000] ZMC: ::[0x00000000c0000000-0x000000013fc00000] remain of rmem
[    0.000000] ZMC: ::cma_init_reserved_mem - [0x00000000c0000000 - 0x000000013fc00000]
[    0.000000] memory-lowpower: zmc_memory_lowpower_init: memory-lowpower-fullness
[    0.000000] memory-lowpower: memory_lowpower_fullness, success to grab the "last pageblock"
[    0.000000] ZMC: ::[PASS]: memory-lowpower[0x00000000c0000000-0x000000013fc00000] (rmem->size=0x0000000000000000)
[    0.000000] Reserved memory: initialized node zone-movable-cma-memory, compatible id mediatek,zone_movable_cma
[    0.000000] [dram_dummy_read_reserve_mem_of_init] dram_rank0_addr = 0x000000006ffbf000, size = 0x1000
[    0.000000] Reserved memory: initialized node reserve-memory-dram_r0_dummy_read, compatible id reserve-memory-dram_r0_dummy_read
[    0.000000] Reserved memory: failed to allocate memory for node 'reserve-memory-dram_r1_dummy_read'
[    0.000000] [memblock]mediatek,pstore: 0x54410000 - 0x544f0000 (0xe0000)
[    0.000000] Reserved memory: initialized node pstore-reserved-memory@54410000, compatible id mediatek,pstore
[    0.000000] [memblock]mediatek,minirdump: 0x544f0000 - 0x54500000 (0x10000)
[    0.000000] Reserved memory: initialized node minirdump-reserved-memory@544f0000, compatible id mediatek,minirdump
[    0.000000] [PHY layout]kernel   :   0x40000000 - 0x545fffff (0x14600000)
[    0.000000] [PHY layout]kernel   :   0x54640000 - 0x6ffbffff (0x1b980000)
[    0.000000] [PHY layout]kernel   :   0x73c00000 - 0x77feffff (0x43f0000)
[    0.000000] [PHY layout]kernel   :   0x78000000 - 0x7bffffff (0x4000000)
[    0.000000] [PHY layout]kernel   :   0x7d600000 - 0x7dc9ffff (0x6a0000)
[    0.000000] [PHY layout]kernel   :   0x7ffc0000 - 0x7fffffff (0x40000)
[    0.000000] [PHY layout]kernel   :   0x80100000 - 0x8fdfffff (0xfd00000)
[    0.000000] [PHY layout]kernel   :   0x90000000 - 0x9ff7ffff (0xff80000)
[    0.000000] [PHY layout]kernel   :   0xa0000000 - 0xafdfffff (0xfe00000)
[    0.000000] [PHY layout]kernel   :   0xb0000000 - 0x13fffffff (0x90000000)
[    0.000000] On node 0 totalpages: 1017040
[    0.000000]   DMA zone: 7700 pages used for memmap
[    0.000000]   DMA zone: 0 pages reserved
[    0.000000]   DMA zone: 492752 pages, LIFO batch:31
[    0.000000]   Normal zone: 8192 pages used for memmap
[    0.000000]   Normal zone: 524288 pages, LIFO batch:31
[    0.000000] psci: probing for conduit method from DT.
[    0.000000] psci: PSCIv1.0 detected in firmware.
[    0.000000] psci: Using standard PSCI v0.2 function IDs
[    0.000000] psci: MIGRATE_INFO_TYPE not supported.
[    0.000000] PERCPU: Embedded 23 pages/cpu @ffffffc06fc78000 s53656 r8192 d32360 u94208
[    0.000000] pcpu-alloc: s53656 r8192 d32360 u94208 alloc=23*4096
[    0.000000] pcpu-alloc: [0] 0 [0] 1 [0] 2 [0] 3 [0] 4 [0] 5 [0] 6 [0] 7 
[    0.000000] CPU features: enabling workaround for ARM errata 855873
[    0.000000] CPU features: enabling workaround for ARM erratum 845719
[    0.000000] CPU features: enabling workaround for ARM erratum 855872
[    0.000000] Built 1 zonelists in Zone order, mobility grouping on.  Total pages: 1001148
[    0.000000] [cpu_ntf] <00>ffffff80081b2644 (page_alloc_cpu_notify)
[    0.000000] Kernel command line: console=tty0 console=ttyMT0,921600n1 vmalloc=496M slub_max_order=0 slub_debug=OFZPU androidboot.hardware=mt6763 maxcpus=8 firmware_class.path=/vendor/firmware loop.max_part=7 has_battery_removed=0 androidboot.verifiedbootstate=green skip_initramfs rootwait ro init=/init root=PARTUUID=902d5f3f-434a-4de7-8988-321e88c9b8aa androidboot.veritymode=enforcing bootopt=64S3,32N2,64N2 androidboot.selinux=permissive androidboot.atm=disabled androidboot.meta_log_disable=0 androidboot.dtbo_idx=0 lpddr_used_index=2 printk.disable_uart=1 bootprof.pl_t=1090 bootprof.lk_t=2190 bootprof.logo_t=1071 boot_reason=4 androidboot.serialno=GS290CTM906879 androidboot.bootreason=reboot gpt=1 usb2jtag_mode=0 mrdump_ddrsv=yes mrdump_cb=0x11e000,0x2000
[    0.000000] PID hash table entries: 4096 (order: 3, 32768 bytes)
[    0.000000] Dentry cache hash table entries: 524288 (order: 10, 4194304 bytes)
[    0.000000] Inode-cache hash table entries: 262144 (order: 9, 2097152 bytes)
[    0.000000] software IO TLB [mem 0xafc30000-0xafc70000] (0MB) mapped at [ffffffc06fc30000-ffffffc06fc6ffff]
[    0.000000] Memory: 1601400K/4068160K available (13396K kernel code, 1398K rwdata, 4448K rodata, 4352K init, 4655K bss, 373704K reserved, 2093056K cma-reserved)
[    0.000000] Virtual kernel memory layout:
                   modules : 0xffffff8000000000 - 0xffffff8008000000   (   128 MB)
                   vmalloc : 0xffffff8008000000 - 0xffffffbdbfff0000   (   246 GB)
                     .init : 0xffffff80091f4000 - 0xffffff8009634000   (  4352 KB)
                     .text : 0xffffff8008080000 - 0xffffff8008d96000   ( 13400 KB)
                   .rodata : 0xffffff8008d96000 - 0xffffff80091f4000   (  4472 KB)
                     .data : 0xffffff8009634000 - 0xffffff8009791b50   (  1399 KB)
                   vmemmap : 0xffffffbdc0000000 - 0xffffffbfc0000000   (     8 GB maximum)
                             0xffffffbdc0000000 - 0xffffffbdc4000000   (    64 MB actual)
                   fixed   : 0xffffffbffe7fb000 - 0xffffffbffec00000   (  4116 KB)
                   PCI I/O : 0xffffffbffee00000 - 0xffffffbfffe00000   (    16 MB)
                   memory  : 0xffffffc000000000 - 0xffffffc100000000   (  4096 MB)
[    0.000000] [cpu_ntf] <00>ffffff80081f6d0c (slab_cpuup_callback)
[    0.000000] SLUB: HWalign=64, Order=0-0, MinObjects=0, CPUs=8, Nodes=1
[    0.000000] [cpu_ntf] <00>ffffff80080fdfb0 (sched_ilb_notifier)
[    0.000000] Initializing HMP scheduler:
[    0.000000] Preemptible hierarchical RCU implementation.
[    0.000000] 	Build-time adjustment of leaf fanout to 64.
[    0.000000] [cpu_ntf] <00>ffffff8008125df8 (rcu_cpu_notify)

[    0.000000] **********************************************************
[    0.000000] **   NOTICE NOTICE NOTICE NOTICE NOTICE NOTICE NOTICE   **
[    0.000000] **                                                      **
[    0.000000] ** trace_printk() being used. Allocating extra memory.  **
[    0.000000] **                                                      **
[    0.000000] ** This means that this is a DEBUG kernel and it is     **
[    0.000000] ** unsafe for production use.                           **
[    0.000000] **                                                      **
[    0.000000] ** If you see this message and you are not debugging    **
[    0.000000] ** the kernel, report this immediately to your vendor!  **
[    0.000000] **                                                      **
[    0.000000] **   NOTICE NOTICE NOTICE NOTICE NOTICE NOTICE NOTICE   **
[    0.000000] **********************************************************
[    0.000000] [cpu_ntf] <00>ffffff800848b71c (radix_tree_callback)
[    0.000000] NR_IRQS:64 nr_irqs:64 0
[    0.000000] GIC: Using split EOI/Deactivate mode
[    0.000000] [cpu_ntf] <00>ffffff80084bfba4 (gic_secondary_init)
[    0.000000] ### gic-v3 init done. ###
[    0.000000] [cpu_ntf] <00>ffffff8008597098 (gic_sched_hotplug_callback)
[    0.000000] ### gic-v3 scheduled pm init done ###
[    0.000000] [cpu_ntf] <00>ffffff800812f44c (timer_cpu_notify)
[    0.000000] [cpu_ntf] <00>ffffff80081312ac (hrtimer_cpu_notify)
[    0.000000] mtk_infracfg_ao_init: infra mfg debug: 050000f2
[    0.000000] arch_timer_init:arch_timer_rate(0xc65d40),PHYS_SECURE_PPI=1,PHYS_NONSECURE_PPI=2,VIRT_PPI=3,HYP_PPI=4
[    0.000000] arch_timer_init:arch_timer_c3stop=1
[    0.000000] arch_timer_register:arch_timer_rate(0xc65d40),arch_timer_use_virtual=0
[    0.000000] arch_timer_register:request_percpu_irq PHYS_SECURE_PPI err=0
[    0.000000] arch_timer_register:request_percpu_irq PHYS_NONSECURE_PPI err=0
[    0.000000] [cpu_ntf] <00>ffffff8008a61bc4 (arch_timer_cpu_notify)
[    0.000000] Architected cp15 timer(s) running at 13.00MHz (phys).
[    0.000000] clocksource: arch_sys_counter: mask: 0xffffffffffffff max_cycles: 0x2ff89eacb, max_idle_ns: 440795202429 ns
[    0.000000] sched_clock: 56 bits at 13MHz, resolution 76ns, wraps every 4398046511101ns
[    0.000051] [mtk_gpt] base=0xffffff8009c2a000, irq=5
[    0.000059] [mtk_gpt] gpt1, base=0xffffff8009c2a010
[    0.000065] [mtk_gpt] gpt2, base=0xffffff8009c2a020
[    0.000070] [mtk_gpt] gpt3, base=0xffffff8009c2a030
[    0.000075] [mtk_gpt] gpt4, base=0xffffff8009c2a040
[    0.000080] [mtk_gpt] gpt5, base=0xffffff8009c2a050
[    0.000085] [mtk_gpt] gpt6, base=0xffffff8009c2a060
[    0.000122] [mtk_gpt] gpt1: clkdiv=1, cmp=128, hz=250, freq=32000
[    0.000137] [mtk_gpt] acao clkevt, freq=32000
[    0.001186] [cpu_ntf] <00>ffffff80081467e4 (hotplug_cfd)
[    0.001258] Console: colour dummy device 80x25
[    0.004277] console [tty0] enabled
[    0.005066] console [ttyMT0] enabled
[    0.005127] ram_console: buffer start: 0xffffff8009c32000, size: 0x800
[    0.005404] pmic & external buck: 0xff
[    0.005421] ram_console: CPU notifier status: 18, 66, 0x0, 188363140493
[    0.005445] ram_console: CPU HPS footprint: 2136, 0x0, 11, 8106
[    0.005466] ram_console: last init function: 0xffffff8001004ae0
[    0.005655] Calibrating delay loop (skipped), value calculated using timer frequency.. 26.00 BogoMIPS (lpj=52000)
[    0.005693] pid_max: default: 32768 minimum: 301
[    0.005784] [cpu_ntf] <00>ffffff80082443e0 (buffer_cpu_notify)
[    0.005812] Security Framework initialized
[    0.005833] Yama: becoming mindful.
[    0.005866] SELinux:  Initializing.
[    0.005929] SELinux:  Starting in permissive mode
[    0.005963] Mount-cache hash table entries: 8192 (order: 4, 65536 bytes)
[    0.005992] Mountpoint-cache hash table entries: 8192 (order: 4, 65536 bytes)
[    0.006373] [cpu_ntf] <00>ffffff80081b94ec (ratelimit_handler)
[    0.006723] Initializing cgroup subsys memory
[    0.006770] Initializing cgroup subsys devices
[    0.006800] Initializing cgroup subsys freezer
[    0.006828] Initializing cgroup subsys net_cls
[    0.006855] Initializing cgroup subsys perf_event
[    0.006882] Initializing cgroup subsys debug
[    0.006937] [cpu_ntf] <00>ffffff80080a4a24 (smpboot_thread_call)
[    0.007115] init_heavy_tlb start.
[    0.007139] init_heavy_tlb: cpu=0 thresh_l=2147483647 thresh_h=250 max_capaicy=716
[    0.007172] init_heavy_tlb: cpu=1 thresh_l=2147483647 thresh_h=250 max_capaicy=716
[    0.007204] init_heavy_tlb: cpu=2 thresh_l=2147483647 thresh_h=250 max_capaicy=716
[    0.007235] init_heavy_tlb: cpu=3 thresh_l=2147483647 thresh_h=250 max_capaicy=716
[    0.007267] init_heavy_tlb: cpu=4 thresh_l=250 thresh_h=2147483647 max_capaicy=1024
[    0.007299] init_heavy_tlb: cpu=5 thresh_l=250 thresh_h=2147483647 max_capaicy=1024
[    0.007331] init_heavy_tlb: cpu=6 thresh_l=250 thresh_h=2147483647 max_capaicy=1024
[    0.007362] init_heavy_tlb: cpu=7 thresh_l=250 thresh_h=2147483647 max_capaicy=1024
[    0.007586] ASID allocator initialised with 32768 entries
[    0.007618] [cpu_ntf] <00>ffffff80080aaf74 (cpu_callback)
[    0.011568] [cpu_ntf] <00>ffffff80080c5c7c (workqueue_cpu_up_callback)
[    0.011596] [cpu_ntf] <00>ffffff80080c5fc8 (workqueue_cpu_down_callback)
[    0.023647] [cpu_ntf] <00>ffffff80080de688 (migration_call)
[    0.023675] [cpu_ntf] <00>ffffff80080dabc0 (sched_cpu_active)
[    0.023701] [cpu_ntf] <00>ffffff80080d9474 (sched_cpu_inactive)
[    0.027686] [cpu_ntf] <00>ffffff800819623c (hotplug_event_notify)
[    0.027843] [cpu_ntf] <00>ffffff800855efa4 (cpu_hotplug_cb_notifier)
[    0.027867] CPU Hotplug Low Power Notification
[    0.028205] init_get_max_DRAM_size done. phone_dram_sz: 0x100000000, kernel_mem_sz: 0x100000000
[    0.028311] tag_devinfo_data size:200, HRID size:4
[    0.028333] [devinfo][SegCode] Segment Code=0x13
[    0.028387] log_store: sram header address 0xffffff8009c34f00.
[    0.028410] log_store log buff addr:0x41799520, size 0x80000. buff flag 0x427.
[    0.028442] sig 0x5678ef90 flag 0x427 add 0x7ffc0000 size 0x40000 offsize 0x20 point 0x2808e
[    0.050653] Brought up 8 CPUs
[    0.050689] SMP: Total of 8 processors activated.
[    0.050710] CPU features: detected feature: GIC system register CPU interface
[    0.050740] CPU: All CPU(s) started at EL2
[    0.050813] alternatives: patching kernel code
[    0.055713] [cpu_ntf] <00>ffffff80080cfeb0 (sched_domains_numa_masks_update)
[    0.055752] [cpu_ntf] <00>ffffff80080e30c0 (cpuset_cpu_active)
[    0.055776] [cpu_ntf] <00>ffffff80080e3130 (cpuset_cpu_inactive)
[    0.055805] [cpu_ntf] <00>ffffff80080dab2c (hotplug_hrtick)
[    0.056763] devtmpfs: initialized
[    0.056997] [cpu_ntf] <00>ffffff800851ffe8 (device_hotplug_notifier)
[    0.079361] [PHY layout]tee_reserved_mem   :   0x6ffc0000 - 0x73bfffff (0x3c40000)
[    0.079417] [debug]available DRAM size = 0x100000000
               [PHY layout]FB (dt) :  0x7dca0000 - 0x7feeffff  (0x2250000)
[    0.079822] 
                register_restart_handler- 0xffffff8009bce478, Notify call: - 0xffffff80089e2624
[    0.079884] ARCH_RESET register mtk_restart_handler  ok!!!!
[    0.081228] clocksource: jiffies: mask: 0xffffffff max_cycles: 0xffffffff, max_idle_ns: 7645041785100000 ns
[    0.081275] futex hash table entries: 2048 (order: 5, 131072 bytes)
[    0.134289] xor: measuring software checksum speed
[    0.170952]    8regs     :  2551.000 MB/sec
[    0.211027]    8regs_prefetch:  2331.000 MB/sec
[    0.251103]    32regs    :  2927.000 MB/sec
[    0.291177]    32regs_prefetch:  2640.000 MB/sec
[    0.291192] xor: using function: 32regs (2927.000 MB/sec)
[    0.291223] pinctrl core: initialized pinctrl subsystem
[    0.291708] [PLAT DBG INFO] 0xd8a3: 0x11d80c(ffffff8009c3e80c), 64
[    0.291728] [PLAT DBG INFO] 0xe31c: 0x11d84c(ffffff8009c4084c), 16
[    0.291744] [PLAT DBG INFO] 0x0: 0x0(          (null)), 0
[    0.292267] mtk_wdt_get_base_addr: compatible node found: toprgu
[    0.292574] NET: Registered protocol family 16
[    0.293414] ramoops: using module parameters
[    0.293507] ramoops: pstore:address is 0x54410000, size is 0xe0000, console_size is 0x40000, pmsg_size is 0x10000
[    0.301609] console [pstore-1] enabled
[    0.301790] pstore: Registered ramoops as persistent store backend
[    0.301808] ramoops: attached 0xe0000@0x54410000, ecc: 0/0
[    0.302298] [EMI] dram_type(3)
[    0.302313] [EMI] ch_num(2)
[    0.302325] [EMI] rk_num(2)
[    0.302338] [EMI] rank0_size(0x10)
[    0.302345] [EMI] rank1_size(0x10)
[    0.302526] PWRAP reg: 0xffffff8009dba000,  irq: 12
[    0.302613] ------------[ cut here ]------------
[    0.302641] WARNING: CPU: 1 PID: 0 at /parentroot/parentroot/data/piggz/mer/android/droid.yggdrasil/kernel/volla/mt6763/drivers/misc/mediatek/pmic_wrap/mt6763/pwrap_hal.c:1485 mt_pmic_wrap_irq+0xec/0xf0()
[    0.302707] Modules linked in:
[    0.302730] CPU: 1 PID: 0 Comm: swapper/1 Not tainted 4.4.146+ #16
[    0.302756] Hardware name: MT6763V/V (DT)
[    0.302777] Call trace:
[    0.302793] [<ffffff800808b3dc>] dump_backtrace+0x0/0x1bc
[    0.302822] [<ffffff800808b7a8>] show_stack+0x14/0x1c
[    0.302846] [<ffffff8008484d58>] dump_stack+0x98/0xb8
[    0.302873] [<ffffff80080a4304>] warn_slowpath_null+0x78/0xd0
[    0.302873] [DRAMC] dram info dram rank number = 2
[    0.302885] dram_dummy_read_fixup: 0x000000013ffff000
[    0.302890] [DRAMC] dram info dram rank0 base = 0x6ffbf000
[    0.302892] [DRAMC] dram info dram rank1 base = 0x13ffff000
[    0.302895] [DRAMC]find dt_scan_dram_info
[    0.302994] [<ffffff800864e208>] mt_pmic_wrap_irq+0xec/0xf0
[    0.303018] [<ffffff800811afb8>] handle_irq_event_percpu+0x78/0x29c
[    0.303025] mtk_wdt_init ok
[    0.303065] [<ffffff800811b220>] handle_irq_event+0x44/0x74
[    0.303090] [<ffffff800811eb54>] handle_fasteoi_irq+0xb4/0x1b4
[    0.303117] [<ffffff800811a440>] generic_handle_irq+0x24/0x38
[    0.303142] [<ffffff800811a778>] __handle_domain_irq+0xa4/0x260
[    0.303167] [<ffffff80080818a0>] gic_handle_irq+0xf4/0x1a0
[    0.303192] Exception stack(0xffffffc03d677cc0 to 0xffffffc03d677df0)
[    0.303222] 7cc0: ffffff8009277008 0000004066a18000 0000000000000000 0000000000000000
[    0.303257] 7ce0: 0000000000000000 0000000487ab0000 00000000fffedb1b 0000000000000000
[    0.303292] 7d00: ffffffc03d652a20 ffffffc03d677e70 00000000000009c0 00000000007db3f8
[    0.303327] 7d20: 0000000000000001 0000000000000303 0000000000b77da3 00000000e11d663e
[    0.303362] 7d40: 000000000682054e 00000000432aff97 0000000079bdfef3 ffffff8009277000
[    0.303398] 7d60: ffffff800978b000 ffffff800978b810 0000000000000001 ffffff800963ba98
[    0.303432] 7d80: 0000000000000000 0000000000000000 ffffff8008d9d3f0 ffffff8008d9d000
[    0.303467] 7da0: ffffffc03d652000 ffffffc03d677ef0 ffffff80080864a0 ffffffc03d677ef0
[    0.303502] 7dc0: ffffff80080864a4 0000000060400045 ffffff8008da2000 0000000000000000
[    0.303536] 7de0: ffffffffffffffff 00000000000000fb
[    0.303556] [<ffffff80080852f0>] el1_irq+0xf0/0x198
[    0.303580] [<ffffff80080864a4>] arch_cpu_idle+0x3c/0x180
[    0.303605] [<ffffff8008106448>] default_idle_call+0x18/0x2c
[    0.303631] [<ffffff80081067c0>] cpu_startup_entry+0x364/0x3fc
[    0.303656] [<ffffff8008091218>] secondary_start_kernel+0x254/0x404
[    0.303683] [<0000000040d8d03c>] 0x40d8d03c
[    0.303722] ---[ end trace 837f6958c90d49b9 ]---
[    0.307708] cpuidle: using governor menu
[    0.315716] cpuidle: using governor mtk_menu
[    0.316531] Power/swap IDLE BLOCKING INFO SETTING FAIL (type:3)
[    0.317293] vdso: 2 pages (1 code @ ffffff8008d9c000, 1 data @ ffffff8009639000)
[    0.317337] hw-breakpoint: found 6 breakpoint and 4 watchpoint registers.
[    0.317523] DMA: preallocated 256 KiB pool for atomic allocations
[    0.317708] [EIC] no built in eint hw deb property
[    0.317728] [EIC] builtin_mapping: spec=11, len=21
[    0.317746] [EIC] debtime_setting: entry=10, spec=0, len=20
[    0.318275] [Power/PPM] @ppm_main_data_init: cluster_num = 2
[    0.318296] [Power/PPM] @ppm_main_data_init: ppm cluster 0 -> core_num = 4, cpu_id = 0
[    0.318320] [Power/PPM] @ppm_main_data_init: ppm cluster 1 -> core_num = 4, cpu_id = 4
[    0.318345] [Power/PPM] @ppm_main_data_init: done!
[    0.318502] [Power/PPM] @ppm_main_pdrv_probe: ppm probe done!
[    0.318541] [Power/PPM] ppm_profile_init done
[    0.318556] [Power/PPM] ppm driver init done!
[    0.318748] ### CIRQ init done. ###
[    0.318822] [TRNG] module init
[    0.319307] [DISP]init_log_buffer success
[    0.319547] 
                MTK_SIP_KERNEL_WDT - 0xffffff80088e11c0
[    0.319575] 
                atf_aee_debug_virt_addr = 0xffffff8009e18000
[    0.324298] mrdump_cblock_init: done.
[    0.324371] mrdump_platform_init: MT-RAMDUMP init failed, lk version  not matched.
[    0.324422] mrdump_wd_dram_reserved_mode: DDR Reserved Mode ready or not? (yes)
[    0.324449] mtk_wdt_swsysret_config: before set wdt_sys_val =8000
[    0.324467] mtk_wdt_swsysret_config: after set wdt_sys_val =8000,wdt_sys_val=88008000
[    0.324491] mtk_rgu_dram_reserved: MTK_WDT_MODE(0xdd)
[    0.324507] mrdump_wd_dram_reserved_mode: DDR reserved mode enabled
[    0.324522] mrdump_hw_init: init_done.
[    0.324579] mirdump: reserved 544f0000+3000->ffffff8009e1d000
[    0.330930] mt6763 pinctrl probe
[    0.331325] mtk_pctrl_init------ ok
[    0.331687] mtk wdt driver probe ..
[    0.332420] ext_debugkey_eint=-1
[    0.335134] [EMI] module probe.
[    0.335342] [EMI DBG] INFRACFG_BASE@ ffffff8009e44000
[    0.335395] [EMI DBG] INFRA_AO_BASE@ ffffff8009e46000
[    0.335442] [EMI DBG] PERICFG_BASE@ ffffff8009e48000
[    0.335457] [EMI] get CEN_EMI_BASE @ ffffff8009e3c000
[    0.335472] [EMI] get EMI_MPU_BASE @ ffffff8009e3e000
[    0.335486] [EMI] get CH0_EMI_BASE @ ffffff8009e40000
[    0.335501] [EMI] get CH1_EMI_BASE @ ffffff8009e42000
[    0.335530] [MPU] initialize EMI MPU
[    0.335559] [MPU] get MPU IRQ: 45
[    0.338702] [DRAMC] module probe.
[    0.338751] [DRAMC]get DRAMC_AO_CHA_BASE_ADDR @ ffffff8009e4c000
[    0.338771] [DRAMC]get DRAMC_AO_CHB_BASE_ADDR @ ffffff8009e50000
[    0.338787] [DRAMC]get DDRPHY_AO_CHA_BASE_ADDR @ ffffff8009e58000
[    0.338802] [DRAMC]get DDRPHY_AO_CHB_BASE_ADDR @ ffffff8009e5c000
[    0.338817] [DRAMC]get DRAMC_NAO_CHA_BASE_ADDR @ ffffff8009e54000
[    0.338833] [DRAMC]get DRAMC_NAO_CHB_BASE_ADDR @ ffffff8009e56000
[    0.338848] [DRAMC]get DDRPHY_NAO_CHA_BASE_ADDR @ ffffff8009843000
[    0.338864] [DRAMC]get DDRPHY_NAO_CHB_BASE_ADDR @ ffffffc03d60fa20
[    0.339005] [DRAMC]get SLEEP_BASE_ADDR @ ffffff8009e60000
[    0.339107] [DRAMC]get SYS_TIMER_BASE_ADDR @ ffffff8009e62000
[    0.339124] [DRAMC Driver] dram type =3
[    0.339137] [DRAMC Driver] Channel num =2
[    0.339151] [DRAMC Driver] cbt mode =0
[    0.339166] [DRAMC Driver] Dram Data Rate = 3000
[    0.339180] [DRAMC Driver] shuffle_status = 0
[    0.339203] [DRAMC Driver] dram can support DFS
[    0.339910] SSPM is ready to service IPI
[    0.344753] disp driver(1) disp_probe begin
[    0.354205] disp driver(1) disp_probe end
[    0.377500] [pid=1]g_mmdvfs_step_util init with lp4 2-ch
[    0.377530] [pid=1]g_mmdvfs_step_util init
[    0.380473] systracker probe
[    0.380503] of_iomap for systracker @ 0xffffff8009e88000
[    0.380520] [systracker] bus_dbg_con is in infra
[    0.380546] systracker_platform_probe_default:113: irq # 50
[    0.401005] [cpu_ntf] <00>ffffff80081fe0cc (memcg_cpu_hotplug_callback)
[    0.401418] [cpu_ntf] <00>ffffff80084699fc (blk_cpu_notify)
[    0.401443] [cpu_ntf] <00>ffffff800846a184 (blk_iopoll_cpu_notify)
[    0.401468] [cpu_ntf] <00>ffffff8008470a8c (blk_mq_main_cpu_notify)
[    0.401486] [cpu_ntf] <00>ffffff800846b23c (blk_mq_queue_reinit_notify)
[    0.467598] raid6: int64x1  gen()   463 MB/s
[    0.535742] raid6: int64x1  xor()   518 MB/s
[    0.603903] raid6: int64x2  gen()   702 MB/s
[    0.617932] #@# __spm_check_dram_type(540) __spmfw_idx 0x0
[    0.672022] raid6: int64x2  xor()   636 MB/s
[    0.740138] raid6: int64x4  gen()  1053 MB/s
[    0.808261] raid6: int64x4  xor()   786 MB/s
[    0.876428] raid6: int64x8  gen()  1094 MB/s
[    0.944511] raid6: int64x8  xor()   768 MB/s
[    1.012688] raid6: neonx1   gen()   701 MB/s
[    1.080782] raid6: neonx1   xor()   736 MB/s
[    1.148898] raid6: neonx2   gen()  1138 MB/s
[    1.216996] raid6: neonx2   xor()  1018 MB/s
[    1.285125] raid6: neonx4   gen()  1523 MB/s
[    1.353233] raid6: neonx4   xor()  1196 MB/s
[    1.421377] raid6: neonx8   gen()  1364 MB/s
[    1.489478] raid6: neonx8   xor()  1131 MB/s
[    1.489494] raid6: using algorithm neonx4 gen() 1523 MB/s
[    1.489510] raid6: .... xor() 1196 MB/s, rmw enabled
[    1.489524] raid6: using intx1 recovery algorithm
[    1.489917] mcdi_sysram_base = ffffff8009e8c000
[    1.491360] [M4U] mau_start_monitor [0], start=0x0, end=0xfffff, write: 1, port_mask=0xffffffff, larb_mask=0xffffffff
[    1.491394] [M4U] mau_start_monitor [1], start=0x0, end=0xfffff, write: 0, port_mask=0xffffffff, larb_mask=0xffffffff
[    1.492591] mt6370_init (2.0.1_MTK): initializing...
[    1.492689] usb_type_c node found...
[    1.492737] tcpc_class_init (2.0.8_MTK)
[    1.492753] SVDM supported mode [0]: name = DisplayPort, svid = 0xff01
[    1.492770] SVDM supported mode [1]: name = Direct Charge, svid = 0x29cf
[    1.492787] dpm_check_supported_modes : found "disorder"...
[    1.492813] TCPC class init OK
[    1.492836] [CMDQ]Register 1 monitor task CB (cmdq_mdp_start_task_atomic_virtual,cmdq_mdp_finish_task_atomic_virtual)
[    1.493244] [CMDQ][CMDQ] platform_dev dev:ffffffc03bf51c10 PA:0x0000000010238000 VA:ffffff8009e9e000 irqId:58 irqSecId:59 clk gce:0xffffffc03b8c2540 timer:0xffffffc03b8c25c0
[    1.493284] [CMDQ]set dma mask result: 0
[    1.493333] [CMDQ]DEV: VA ref(mmsys_config): 0xffffff8009ea0000
[    1.493377] [CMDQ]DEV: VA ref(mdp_rdma0): 0xffffff8009ea2000
[    1.493415] [CMDQ]DEV: VA ref(mdp_rsz0): 0xffffff8009ea4000
[    1.493453] [CMDQ]DEV: VA ref(mdp_rsz1): 0xffffff8009ea6000
[    1.493492] [CMDQ]DEV: VA ref(mdp_wdma0): 0xffffff8009ea8000
[    1.493530] [CMDQ]DEV: VA ref(mdp_wrot0): 0xffffff8009eaa000
[    1.493567] [CMDQ]DEV: VA ref(mdp_tdshp0): 0xffffff8009eac000
[    1.493607] [CMDQ]DEV: VA ref(disp_color0): 0xffffff8009eae000
[    1.493648] [CMDQ]DEV: VA ref(venc): 0xffffff8009eb0000
[    1.495215] [CMDQ]DEV: PA ref(mm_mutex): start = 0x0000000014016000
[    1.495241] [CMDQ]free CPR size:544 thread:16
[    1.497193] [CMDQ]SRAM Chunk New-32bit unit: start: 0x0, count: 64, Name: Fake SPR
[    1.497221] [CMDQ]CPR for thread allocated, thread:16 free:1920
[    1.497239] [CMDQ]SRAM Chunk New-32bit unit: start: 0x40, count: 10, Name: Delay CPR
[    1.501373] [ccci0/util]opt_md2_support using default
[    1.501512] [ccci0/util]opt_md5_support using default
[    1.501621] [ccci0/util]opt_irat_support using default
[    1.502093] [PHY layout]ccci_md0 at LK  :  0xb0000000 - 0xbf7fffff  (0xf800000)
[    1.530077] Freeing modem memory: 180288K from phys b37f0000
[    1.530111] free_reserved_memory: 0xb37f0000 ~ 0xbe800000
[    1.531141] Freeing modem memory: 5504K from phys b12a0000
[    1.531159] free_reserved_memory: 0xb12a0000 ~ 0xb1800000
[    1.531389] Freeing modem memory: 320K from phys b11b0000
[    1.531405] free_reserved_memory: 0xb11b0000 ~ 0xb1200000
[    1.531594] Freeing modem memory: 64K from phys b37b0000
[    1.531610] free_reserved_memory: 0xb37b0000 ~ 0xb37c0000
[    1.533080] Freeing modem memory: 8192K from phys bf800000
[    1.533098] free_reserved_memory: 0xbf800000 ~ 0xc0000000
[    1.533550] [PHY layout]ccci_share_mem at LK  :  0x80000000 - 0x800fffff  (0x100000)
[    1.533698] [ccci0/util]using 0 as MTEE support
[    1.533731] [ccci0/util]Using default META MD setting[0][0]
[    1.535275] Init Richtek RegMap 1.1.13_G
[    1.535559] SCSI subsystem initialized
[    1.536224] mt-spi 1100a000.spi: master is unqueued, this is deprecated
[    1.536597] mt-spi 11010000.spi: master is unqueued, this is deprecated
[    1.536783] mt-spi 11012000.spi: master is unqueued, this is deprecated
[    1.536975] mt-spi 11013000.spi: master is unqueued, this is deprecated
[    1.537167] mt-spi 11018000.spi: master is unqueued, this is deprecated
[    1.537355] mt-spi 11019000.spi: master is unqueued, this is deprecated
[    1.538387] usbcore: registered new interface driver usbfs
[    1.538441] usbcore: registered new interface driver hub
[    1.538621] usbcore: registered new device driver usb
[    1.540991] mt_charger_probe
[    1.541550] Advanced Linux Sound Architecture Driver Initialized.
[    1.541937] [cpu_ntf] <00>ffffff8008b73240 (dev_cpu_callback)
[    1.542071] Bluetooth: Core ver 2.21
[    1.542121] NET: Registered protocol family 31
[    1.542136] Bluetooth: HCI device and connection manager initialized
[    1.542157] Bluetooth: HCI socket layer initialized
[    1.542175] Bluetooth: L2CAP socket layer initialized
[    1.542208] Bluetooth: SCO socket layer initialized
[    1.542431] ------------[ cut here ]------------
[    1.542447] WARNING: CPU: 4 PID: 1 at /parentroot/parentroot/data/piggz/mer/android/droid.yggdrasil/kernel/volla/mt6763/net/wireless/reg.c:523 regulatory_init+0xa4/0x1f8()
[    1.542488] db.txt is empty, you should update it...
[    1.542496] Modules linked in:

[    1.542522] CPU: 4 PID: 1 Comm: swapper/0 Tainted: G        W       4.4.146+ #16
[    1.542546] Hardware name: MT6763V/V (DT)
[    1.542561] Call trace:
[    1.542572] [<ffffff800808b3dc>] dump_backtrace+0x0/0x1bc
[    1.542594] [<ffffff800808b7a8>] show_stack+0x14/0x1c
[    1.542611] [<ffffff8008484d58>] dump_stack+0x98/0xb8
[    1.542630] [<ffffff80080a4548>] warn_slowpath_common+0x9c/0xd0
[    1.542650] [<ffffff80080a45dc>] warn_slowpath_fmt+0x60/0x80
[    1.542667] [<ffffff80092529d4>] regulatory_init+0xa4/0x1f8
[    1.542685] [<ffffff80092528b0>] cfg80211_init+0x74/0xf4
[    1.542702] [<ffffff8008081fb4>] do_one_initcall+0xa4/0x1cc
[    1.542719] [<ffffff80091f4c74>] kernel_init_freeable+0x19c/0x25c
[    1.542739] [<ffffff8008d86acc>] kernel_init+0x18/0x138
[    1.542758] [<ffffff8008085b60>] ret_from_fork+0x10/0x30
[    1.542776] ---[ end trace 837f6958c90d49ba ]---
[    1.543963] clocksource: Switched to clocksource arch_sys_counter
[    1.578179] [Power/cpufreq] (0, 1, 0)
[    1.578253] [Power/cpufreq] DVFS - @(Record)cpuhvfs_pvt_tbl_create----->(ffffff800a304c10)
[    1.583739] [regulator_register] pass to register vs1, min_uV:1200000 max_uV:2787500
[    1.583925] [regulator_register] pass to register vmodem, min_uV:500000 max_uV:1293750
[    1.584117] [regulator_register] pass to register vcore, min_uV:500000 max_uV:1293750
[    1.584271] [regulator_register] pass to register vproc, min_uV:500000 max_uV:1293750
[    1.584427] [regulator_register] pass to register vs2, min_uV:1200000 max_uV:2787500
[    1.584579] [regulator_register] pass to register vpa, min_uV:500000 max_uV:3650000
[    1.592429] [mt_idle_ntf] <00>ffffff800863c898 (pmic_auxadc_notify_call)
[    1.593017] Get default car_tune_value= 1000
[    1.593034] Get default r_fg_value= 100
[    1.594115]  pimix = 110
[    1.595595] [BLOCK_TAG] DRAM: 0x0000000040000000 - 0x0000000140000000, size: 0x100000000
[    1.596160] [ION]ion_init()
[    1.596713] [ION]ion_drv_probe() heap_nr=9
[    1.596867] ion_heap_create: Heap type is disabled: 1
[    1.596885] ion_mtk_heap_create: error creating heap ion_system_contig_heap type 1 base 0 size 0
[    1.597306] [ION]ion_sec_heap_create error: not support
[    1.597323] ion_mtk_heap_create: error creating heap ion_sec_heap type 13 base 0 size 0
[    1.597347] [ION]ion_sec_heap_create error: not support
[    1.597362] ion_mtk_heap_create: error creating heap ion_sec_heap_prot type 13 base 0 size 0
[    1.597385] [ION]ion_sec_heap_create error: not support
[    1.597400] ion_mtk_heap_create: error creating heap ion_sec_heap_2d_fr type 13 base 0 size 0
[    1.597424] [ION]ion_sec_heap_create error: not support
[    1.597438] ion_mtk_heap_create: error creating heap ion_sec_heap_wfd type 13 base 0 size 0
[    1.597863] [ION]ion_init fd register notifer fail
[    1.597990] NET: Registered protocol family 2
[    1.598450] TCP established hash table entries: 32768 (order: 6, 262144 bytes)
[    1.598714] TCP bind hash table entries: 32768 (order: 7, 524288 bytes)
[    1.599188] TCP: Hash tables configured (established 32768 bind 32768)
[    1.599261] UDP hash table entries: 2048 (order: 4, 65536 bytes)
[    1.599351] UDP-Lite hash table entries: 2048 (order: 4, 65536 bytes)
[    1.599629] NET: Registered protocol family 1
[    1.600627] [Power/clkbuf]clk_buf_dump_dts_log: PMIC_CLK_BUF?_STATUS=2 1 1 2 0 0 1
[    1.600655] [Power/clkbuf]clk_buf_dump_dts_log: PMIC_CLK_BUF?_DRV_CURR=-1 -1 -1 -1 -1 -1 -1
[    1.600723] [Power/clkbuf]clk_buf_dump_clkbuf_log DCXO_CW00=0x4e1d, CW02=0x3aee, CW11=0xb800, CW14=0x82b5, CW16=0x9455, top_spi_con1=0x0
[    1.600811] [Power/clkbuf]clk_buf_ctrl_internal: id=6, onoff=0
[    1.601020] Unpacking initramfs...
[    1.735490] Freeing initrd memory: 4128K
[    1.737052] [cpu_ntf] <00>ffffff8008aa82c8 (cpu_pmu_notify)
[    1.737104] hw perfevents: enabled with armv8_pmuv3 PMU driver, 7 counters available
[    1.741417] audit: initializing netlink subsys (disabled)
[    1.741505] audit: type=2000 audit(1.732:1): initialized
[    1.741743] Initialise system trusted keyring
[    1.741930] [cpu_ntf] <00>ffffff80081bff94 (cpu_callback)
[    1.746693] VFS: Disk quotas dquot_6.6.0
[    1.746809] VFS: Dquot-cache hash table entries: 512 (order 0, 4096 bytes)
[    1.747841] squashfs: version 4.0 (2009/01/31) Phillip Lougher
[    1.748153] Registering sdcardfs 0.1
[    1.748509] fuse init (API version 7.23)
[    1.748948] SELinux:  Registering netfilter hooks
[    1.753461] Key type asymmetric registered
[    1.753485] Asymmetric key parser 'x509' registered
[    1.753516] io scheduler noop registered
[    1.753534] io scheduler deadline registered
[    1.753691] io scheduler cfq registered (default)
[    1.753736] [cpu_ntf] <00>ffffff80084b6200 (percpu_counter_hotcpu_callback)
[    1.757051] Unable to detect cache hierarchy for CPU 0
[    1.762136] loop: module loaded
[    1.762690] zram: Added device: zram0
[    1.762732] [Power/gpufreq] @mt_gpufreq_init
[    1.763640] [Power/gpufreq] @mt_gpufreq_pdrv_probe: I am 6763 (10)
[    1.763779] [Power/spower] 3/15/13/7/5/2/3/
[    1.763802] [Power/gpufreq] setup gpufreqs table
[    1.763818] [Power/gpufreq] @mt_setup_gpufreqs_table: g_cur_gpu_freq = 950000, g_cur_gpu_volt = 90000
[    1.763845] [Power/gpufreq] mt_gpufreqs_power[0].gpufreq_khz = 700000
[    1.763862] [Power/gpufreq] mt_gpufreqs_power[0].gpufreq_volt = 80000
[    1.763878] [Power/gpufreq] mt_gpufreqs_power[0].gpufreq_power = 575
[    1.763894] [Power/gpufreq] mt_gpufreqs_power[1].gpufreq_khz = 530000
[    1.763910] [Power/gpufreq] mt_gpufreqs_power[1].gpufreq_volt = 70000
[    1.763926] [Power/gpufreq] mt_gpufreqs_power[1].gpufreq_power = 331
[    1.764284] [PBM] feature_en: 1, pbm_drv_done: 0
[    1.764302] [Power/gpufreq] GPU current frequency = 700000KHz
[    1.764322] [Power/gpufreq] Current Vproc = 800mV
[    1.764336] [Power/gpufreq] g_cur_gpu_freq = 700000, g_cur_gpu_volt = 80000
[    1.764353] [Power/gpufreq] g_cur_gpu_idx = 0, g_cur_gpu_OPPidx = 0
[    1.764512] [register_low_battery_notify] prio_val=2
[    1.764535] [register_battery_percent_notify] prio_val=2
[    1.764551] [register_battery_oc_notify] prio_val=2
[    1.766147] [Power/cpufreq] (0, 1, 0)
[    1.766192] [register_dlpt_notify] prio_val=0
[    1.766332] [PBM] pbm_module_init : Done
[    1.766387] Power_gs: pmic_manual_dump array malloc done
[    1.766406] Power_gs: golden setting base_remap table malloc done
[    1.766677] ------------[ cut here ]------------
[    1.766693] WARNING: CPU: 5 PID: 1 at /parentroot/parentroot/data/piggz/mer/android/droid.yggdrasil/kernel/volla/mt6763/kernel/events/core.c:3359 perf_event_read_local+0x16c/0x178()
[    1.766739] Modules linked in:
[    1.766757] CPU: 5 PID: 1 Comm: swapper/0 Tainted: G        W       4.4.146+ #16
[    1.766782] Hardware name: MT6763V/V (DT)
[    1.766798] Call trace:
[    1.766809] [<ffffff800808b3dc>] dump_backtrace+0x0/0x1bc
[    1.766831] [<ffffff800808b7a8>] show_stack+0x14/0x1c
[    1.766848] [<ffffff8008484d58>] dump_stack+0x98/0xb8
[    1.766868] [<ffffff80080a4304>] warn_slowpath_null+0x78/0xd0
[    1.766887] [<ffffff80081a0e64>] perf_event_read_local+0x16c/0x178
[    1.766905] [<ffffff8008567c7c>] ppm_cpi_pmu_enable_locked+0x84/0x11c
[    1.766925] [<ffffff8008567dc0>] ppm_cpi_pmu_probe_cpu+0xac/0x1e8
[    1.766943] [<ffffff8008568184>] ppm_cpi_pmu_probe+0x54/0xc4
[    1.766960] [<ffffff8009224ca8>] ppm_cpi_init+0xb0/0x118
[    1.766977] [<ffffff8008081fb4>] do_one_initcall+0xa4/0x1cc
[    1.766995] [<ffffff80091f4c74>] kernel_init_freeable+0x19c/0x25c
[    1.767014] [<ffffff8008d86acc>] kernel_init+0x18/0x138
[    1.767034] [<ffffff8008085b60>] ret_from_fork+0x10/0x30
[    1.767052] ---[ end trace 837f6958c90d49bb ]---
[    1.767472] [cpu_ntf] <00>ffffff8008568548 (ppm_cpi_notifier)
[    1.767500] [Power/PPM] @ppm_cpi_init: CPI done! enable = 1
[    1.767529] [Power/PPM] @ppm_dlpt_policy_init: register PPM_POLICY_DLPT done!
[    1.767563] [Power/PPM] @ppm_sysboost_policy_init: register PPM_POLICY_SYS_BOOST done!
[    1.767594] [Power/PPM] @ppm_ptpod_policy_init: register PPM_POLICY_PTPOD done!
[    1.767622] [register_battery_percent_notify] prio_val=1
[    1.767639] [register_battery_oc_notify] prio_val=1
[    1.767653] [register_low_battery_notify] prio_val=1
[    1.767668] [Power/PPM] @ppm_pwrthro_policy_init: register PPM_POLICY_PWR_THRO done!
[    1.767705] [Power/PPM] @ppm_thermal_policy_init: register PPM_POLICY_THERMAL done!
[    1.767743] [Power/PPM] @ppm_userlimit_policy_init: register PPM_POLICY_USER_LIMIT done!
[    1.767775] [Power/PPM] @ppm_forcelimit_policy_init: register PPM_POLICY_FORCE_LIMIT done!
[    1.767808] [Power/PPM] @ppm_ut_policy_init: register PPM_POLICY_UT done!
[    1.768044] MT_SCHED: Init complete, device major number = 245
[    1.768081] [cpu_ntf] <00>ffffff800858d02c (sched_cpu_notify)
[    1.769215] 11002000.apuart0: ttyMT0 at MMIO 0x0 (irq = 6, base_baud = 1625000) is a MTK UART
[    1.769537] 11003000.apuart1: ttyMT1 at MMIO 0x0 (irq = 9, base_baud = 1625000) is a MTK UART
[    1.771900] Loading st21nfc driver
[    1.774041] [MT AUXADC_probe3] get device tree info : start !!
[    1.774159] [AUXADC_AP] find node TEMPERATURE:0
[    1.774175] [AUXADC_AP] find node TEMPERATURE1:1
[    1.774190] [AUXADC_AP] find node ADC_FDD_RF_PARAMS_DYNAMIC_CUSTOM_CH:2
[    1.774212] [AUXADC_AP] find node BOARD_ID:3
[    1.774226] [AUXADC_AP] find node BOARD_ID_2:4
[    1.774241] [MT AUXADC_AP] adc_channel_info_init : done !!
[    1.775754] pwm[mt_pwm_probe@ 1755]: +
[    1.775820] [PWM] get PWM1-main clock, ffffffc03a6ee380
[    1.775844] [PWM] get PWM2-main clock, ffffffc03a6ee400
[    1.775867] [PWM] get PWM3-main clock, ffffffc03a6ee480
[    1.775892] [PWM] get PWM4-main clock, ffffffc03a6ee500
[    1.775917] [PWM] get PWM-HCLK-main clock, ffffffc03a6ee580
[    1.775944] [PWM] get PWM-main clock, ffffffc03a6ee600
[    1.776819] [ALS/PS] stk3x3x_init
[    1.776837] stk3x3x_init Instk3x3x_init Out
[    1.777701] [Gsensor] bmi160_acc_init
[    1.779137] [AFX133] afx133_init
[    1.784347] [PMIC] [pmic_register_interrupt_callback] register callback conflict intNo=154
[    1.784444] [Accdet]accdet_mod_init begin!
[    1.785293] [mt_accdet_probe]probe start..
[    1.785646] input: ACCDET as /devices/virtual/input/input0
[    1.785967] [accdet_get_dts_data]Start..
[    1.787105] [accdet_get_dts_data]mid-Key = 80, up_key = 206, down_key = 400
[    1.787133] [accdet_get_dts_data]pwm_width=0x500, pwm_thresh=0x500, mic_mode=1, mic_vol=6
[    1.787156] [accdet_get_dts_data] deb0=0x800,deb1=0x800,deb3=0x20,deb4=0x44
[    1.787173] [mt_accdet_probe]CONFIG_ACCDET_EINT opened!
[    1.787188] [accdet_setup_eint]enter
[    1.789431] [accdet_setup_eint]irq=681, deb=0
[    1.789451] [mt_accdet_probe]probe done!
[    1.791092] [Accdet]platform_driver_register done!
[    1.791108] [Accdet]accdet_mod_init done!
[    1.791139] usb_function_register name=via_gps
[    1.791160] usb_function_register name=via_pcv
[    1.791179] usb_function_register name=via_atc
[    1.791199] usb_function_register name=via_ets
[    1.791218] usb_function_register name=via_modem
[    1.791237] C2K_USB_NOTE,<init 701>, rawbulk functions init.
[    1.791270] C2K_USB_NOTE,<rawbulk_alloc_function 590>, rawbulk_alloc_function
[    1.791356] C2K_USB_NOTE,<rawbulk_alloc_function 590>, rawbulk_alloc_function
[    1.791431] C2K_USB_NOTE,<rawbulk_alloc_function 590>, rawbulk_alloc_function
[    1.791495] C2K_USB_NOTE,<rawbulk_alloc_function 590>, rawbulk_alloc_function
[    1.791562] C2K_USB_NOTE,<rawbulk_alloc_function 590>, rawbulk_alloc_function
[    1.791626] C2K_USB_NOTE,<rawbulk_alloc_function 590>, rawbulk_alloc_function
[    1.791694] C2K_USB_NOTE,<rawbulk_alloc_function 590>, rawbulk_alloc_function
[    1.791758] C2K_USB_NOTE,<rawbulk_alloc_function 590>, rawbulk_alloc_function
[    1.791831] C2K_USB_NOTE,<rawbulk_init 1249>, rawbulk_init
[    1.797471] mtk_rtc_common: rtc_init
[    1.799718] mtk_rtc_common: read al time = 2021/04/04 20:34:19 (1)
[    1.801583] mt-rtc mt-rtc: rtc core: registered mt-rtc as rtc0
[    1.801657] [MT6311] Kernel driver not support for SSPM
[    1.801673] [MT6311] MT6311 not exist!, user space driver not probe
[    1.802040] mt6356_gauge_probe: starts
[    1.802056] mt6356_parse_dt: starts
[    1.807523] musb-hdrc: version 6.0, ?dma?, otg (peripheral+host)
[    1.808266] musb_probe mac=0xffffff800a620000, phy=0xffffff800a640000, irq=92
[    1.808765] usb_phy_generic.0.auto supply vcc not found, using dummy regulator
[    1.821277] musb-hdrc musb-hdrc: MUSB HDRC host driver
[    1.821326] musb-hdrc musb-hdrc: new USB bus registered, assigned bus number 1
[    1.821365] usb usb1: usb_get_descriptor type=1 sz=18
[    1.821431] usb usb1: usb_get_descriptor type=2 sz=9
[    1.821466] usb usb1: usb_get_descriptor type=2 sz=25
[    1.822029] hub 1-0:1.0: USB hub found
[    1.822071] hub 1-0:1.0: 1 port detected
[    1.824161] can't find compatible node
[    1.825359] [BOOT_COMMON] [create_sysfs] No atag,meta found !
[    1.825633] disp driver(1) disp_probe_1 begin
[    1.828707] disp driver(1) disp_probe_1 end
[    1.832204] [CMDQ]SRAM Chunk New-32bit unit: start: 0x4a, count: 92, Name: DELAY_THREAD
[    1.832251] [CMDQ]overwrite delay function with cpr_offset = 74
[    1.832269] [CMDQ]======REC 0xffffff800a678000 command buffer:
[    1.832292] ffffff800a678000: 80008001 200002d0 fffdb7ff 02000000
[    1.832311] ffffff800a678010: 102380d0 a0800000 00024800 91800000
[    1.832329] ffffff800a678020: ffffffff a0800002 ffffffff a080801c
[    1.832347] ffffff800a678030: 80410000 b1430050 00388040 a0e20001
[    1.832364] ffffff800a678040: 00018041 b1650028 80010000 200002d1
[    1.832382] ffffff800a678050: 00000000 a0808041 801c0000 a0c18042
[    1.832400] ffffff800a678060: 00010001 b1000020 80410001 a0e20000
[    1.832418] ffffff800a678070: 00000002 b1620010 00000000 a0c10002
[    1.832436] ffffff800a678080: 80440000 b1430050 00388043 a0e20001
[    1.832453] ffffff800a678090: 00018044 b1650028 80010000 200002d2
[    1.832471] ffffff800a6780a0: 00000000 a0808044 801c0000 a0c18045
[    1.832489] ffffff800a6780b0: 00010001 b1000020 80440001 a0e20000
[    1.832507] ffffff800a6780c0: 00000002 b1620010 00000000 a0c10002
[    1.832525] ffffff800a6780d0: 80470000 b1430050 00388046 a0e20001
[    1.832543] ffffff800a6780e0: 00018047 b1650028 80010000 200002d3
[    1.832560] ffffff800a6780f0: 00000000 a0808047 801c0000 a0c18048
[    1.832578] ffffff800a678100: 00010001 b1000020 80470001 a0e20000
[    1.832596] ffffff800a678110: 00000002 b1620010 00000000 a0c10002
[    1.832614] ffffff800a678120: 0002801c b1610030 fffdb7ff 02000000
[    1.832632] ffffff800a678130: 102380d0 a0800000 00000000 91800000
[    1.832650] ffffff800a678140: 200002d0 a080804b 00010001 b1000010
[    1.832667] ffffff800a678150: 200003cd a080804b 804b0000 a0c10003
[    1.832685] ffffff800a678160: 00000000 40000000 fffffe98 10000000
[    1.832701] [CMDQ]======REC 0xffffff800a678000 command buffer END
[    1.832717] [CMDQ]REC 0xffffff800a678000 command buffer TRANSLATED:
[    1.832747] [CMDQ]Wait And Clear Event: CMDQ_SYNC_TOKEN_TIMER
[    1.832764] [CMDQ]Set MASK: 0xfffdb7ff
[    1.832780] [CMDQ]LOGIC: Reg0 = 0x102380d0
[    1.832798] [CMDQ]WRITE_S with mask: 0x00024800, Reg0, use_mask=1
[    1.832814] [CMDQ]LOGIC: Reg2 = 0xffffffff
[    1.832829] [CMDQ]LOGIC: Reg32796 = 0xffffffff
[    1.832847] [CMDQ]JUMP_C related: if (Reg32833 <= 0) jump +80
[    1.832865] [CMDQ]LOGIC: Reg1 = Reg56 - Reg32832
[    1.832882] [CMDQ]JUMP_C related: if (Reg1 < Reg32833) jump +40
[    1.832904] [CMDQ]Set Event: CMDQ_SYNC_TOKEN_DELAY_SET0
[    1.832920] [CMDQ]LOGIC: Reg32833 = 0x00000000
[    1.832936] [CMDQ]LOGIC: Reg32834 = Reg32796 + 0
[    1.832952] [CMDQ]JUMP_C related: if (1 == 1) jump +32
[    1.832969] [CMDQ]LOGIC: Reg0 = Reg32833 - Reg1
[    1.832985] [CMDQ]JUMP_C related: if (Reg0 >= Reg2) jump +16
[    1.833001] [CMDQ]LOGIC: Reg2 = Reg0 + 0
[    1.833016] [CMDQ]JUMP_C related: if (Reg32836 <= 0) jump +80
[    1.833033] [CMDQ]LOGIC: Reg1 = Reg56 - Reg32835
[    1.833049] [CMDQ]JUMP_C related: if (Reg1 < Reg32836) jump +40
[    1.833070] [CMDQ]Set Event: CMDQ_SYNC_TOKEN_DELAY_SET1
[    1.833086] [CMDQ]LOGIC: Reg32836 = 0x00000000
[    1.833102] [CMDQ]LOGIC: Reg32837 = Reg32796 + 0
[    1.833117] [CMDQ]JUMP_C related: if (1 == 1) jump +32
[    1.833133] [CMDQ]LOGIC: Reg0 = Reg32836 - Reg1
[    1.833149] [CMDQ]JUMP_C related: if (Reg0 >= Reg2) jump +16
[    1.833166] [CMDQ]LOGIC: Reg2 = Reg0 + 0
[    1.833181] [CMDQ]JUMP_C related: if (Reg32839 <= 0) jump +80
[    1.833198] [CMDQ]LOGIC: Reg1 = Reg56 - Reg32838
[    1.833214] [CMDQ]JUMP_C related: if (Reg1 < Reg32839) jump +40
[    1.833235] [CMDQ]Set Event: CMDQ_SYNC_TOKEN_DELAY_SET2
[    1.833251] [CMDQ]LOGIC: Reg32839 = 0x00000000
[    1.833266] [CMDQ]LOGIC: Reg32840 = Reg32796 + 0
[    1.833282] [CMDQ]JUMP_C related: if (1 == 1) jump +32
[    1.833298] [CMDQ]LOGIC: Reg0 = Reg32839 - Reg1
[    1.833314] [CMDQ]JUMP_C related: if (Reg0 >= Reg2) jump +16
[    1.833331] [CMDQ]LOGIC: Reg2 = Reg0 + 0
[    1.833346] [CMDQ]JUMP_C related: if (Reg2 != Reg32796) jump +48
[    1.833362] [CMDQ]Set MASK: 0xfffdb7ff
[    1.833376] [CMDQ]LOGIC: Reg0 = 0x102380d0
[    1.833391] [CMDQ]WRITE_S with mask: 0x00000000, Reg0, use_mask=1
[    1.833408] [CMDQ]LOGIC: Reg32843 = 0x200002d0
[    1.833424] [CMDQ]JUMP_C related: if (1 == 1) jump +16
[    1.833439] [CMDQ]LOGIC: Reg32843 = 0x200003cd
[    1.833455] [CMDQ]LOGIC: Reg3 = Reg32843 + 0
[    1.833471] [CMDQ]MARKER: sync_no_suspnd=0no_suspnd=0, no_inc=0, m=0, m_en=0, prefetch=0, irq=0
[    1.833494] [CMDQ]JUMP(relative): -360
[    1.833507] [CMDQ]======REC 0xffffff800a678000 command END
[    1.833532] [CMDQ][DelayThread]sram task size:368 free:1880
[    1.833548] [CMDQ][DelayThread]create delay thread task in SRAM task size:368 sram size:1880
[    1.835013] [GAMMA] disp_gamma_write_lut_reg: gamma table [0] not initialized

[    1.843215] init_decouple_buffers done
[    1.855363] [ION]ion_drv_create_heap: create heap: ion_fb_heap
[    1.857261] [DFRC] start to initialize fps policy
[    1.857283] [DFRC] register fps policy device
[    1.857373] [DFRC] register fps policy driver
[    1.857893] [DFRC] dfrc_init_kernel_policy
[    1.857915] [DFRC] reg_fps_policy: reg policy[3]
[    1.857933] [DFRC] reg_fps_policy: reg policy[2]
[    1.857951] [DFRC] reg_fps_policy: reg policy[4]
[    1.857968] [DFRC] reg_fps_policy: reg policy[5]
[    1.861823] [MALI] Alloc mtk_config
[    1.862408] mali 13040000.mali: Continuing without Mali regulator control
[    1.862949] mali 13040000.mali: GPU identified as 0x0 arch 6.0.10 r0p0 status 2
[    1.864770] mali 13040000.mali: Probed as mali0
[    1.868948] [ISP][ISP_probe] - E. ISP driver probe.
[    1.869039] [ISP][ISP_probe] nr_isp_devs=1, devnode(imgsys), map_addr=0xffffff800bfae000
[    1.869067] [ISP][ISP_probe] No IRQ!!: nr_isp_devs=1, devnode(imgsys), irq=0
[    1.869826] [ISP][ISP_probe] - X. ISP driver probe.
[    1.869875] [ISP][ISP_probe] - E. ISP driver probe.
[    1.869899] [ISP][ISP_probe] nr_isp_devs=2, devnode(dip1), map_addr=0xffffff800bfbc000
[    1.869937] [ISP][ISP_probe] No corresponding ISR!!: nr_isp_devs=2, devnode(dip1), irq=127
[    1.869961] [ISP][ISP_probe] - X. ISP driver probe.
[    1.870053] [ISP][ISP_probe] - E. ISP driver probe.
[    1.870113] [ISP][ISP_probe] nr_isp_devs=3, devnode(camsys), map_addr=0xffffff800bfc0000
[    1.870138] [ISP][ISP_probe] No IRQ!!: nr_isp_devs=3, devnode(camsys), irq=0
[    1.870155] [ISP][ISP_probe] - X. ISP driver probe.
[    1.870196] [ISP][ISP_probe] - E. ISP driver probe.
[    1.870216] [ISP][ISP_probe] nr_isp_devs=4, devnode(cam1), map_addr=0xffffff800bfc2000
[    1.870246] [ISP][ISP_probe] No corresponding ISR!!: nr_isp_devs=4, devnode(cam1), irq=130
[    1.870270] [ISP][ISP_probe] - X. ISP driver probe.
[    1.870304] [ISP][ISP_probe] - E. ISP driver probe.
[    1.870324] [ISP][ISP_probe] nr_isp_devs=5, devnode(cam2), map_addr=0xffffff800bfc4000
[    1.870390] [ISP][ISP_probe] nr_isp_devs=5, devnode(cam2), irq=131, ISR: cam2
[    1.870409] [ISP][ISP_probe] - X. ISP driver probe.
[    1.870445] [ISP][ISP_probe] - E. ISP driver probe.
[    1.870465] [ISP][ISP_probe] nr_isp_devs=6, devnode(cam3), map_addr=0xffffff800bfc6000
[    1.870516] [ISP][ISP_probe] nr_isp_devs=6, devnode(cam3), irq=132, ISR: cam3
[    1.870534] [ISP][ISP_probe] - X. ISP driver probe.
[    1.870590] [ISP][ISP_probe] - E. ISP driver probe.
[    1.870610] [ISP][ISP_probe] nr_isp_devs=7, devnode(camsv1), map_addr=0xffffff800bfc8000
[    1.870658] [ISP][ISP_probe] nr_isp_devs=7, devnode(camsv1), irq=135, ISR: camsv1
[    1.870682] [ISP][ISP_probe] - X. ISP driver probe.
[    1.870717] [ISP][ISP_probe] - E. ISP driver probe.
[    1.870737] [ISP][ISP_probe] nr_isp_devs=8, devnode(camsv2), map_addr=0xffffff800bfca000
[    1.870784] [ISP][ISP_probe] nr_isp_devs=8, devnode(camsv2), irq=136, ISR: camsv2
[    1.870808] [ISP][ISP_probe] - X. ISP driver probe.
[    1.870843] [ISP][ISP_probe] - E. ISP driver probe.
[    1.870864] [ISP][ISP_probe] nr_isp_devs=9, devnode(camsv3), map_addr=0xffffff800bfcc000
[    1.870915] [ISP][ISP_probe] nr_isp_devs=9, devnode(camsv3), irq=137, ISR: camsv3
[    1.870939] [ISP][ISP_probe] - X. ISP driver probe.
[    1.870976] [ISP][ISP_probe] - E. ISP driver probe.
[    1.870996] [ISP][ISP_probe] nr_isp_devs=10, devnode(camsv4), map_addr=0xffffff800bfce000
[    1.871044] [ISP][ISP_probe] nr_isp_devs=10, devnode(camsv4), irq=138, ISR: camsv4
[    1.871068] [ISP][ISP_probe] - X. ISP driver probe.
[    1.871103] [ISP][ISP_probe] - E. ISP driver probe.
[    1.871124] [ISP][ISP_probe] nr_isp_devs=11, devnode(camsv5), map_addr=0xffffff800bfd0000
[    1.871149] [ISP][ISP_probe] No IRQ!!: nr_isp_devs=11, devnode(camsv5), irq=0
[    1.871166] [ISP][ISP_probe] - X. ISP driver probe.
[    1.871201] [ISP][ISP_probe] - E. ISP driver probe.
[    1.871221] [ISP][ISP_probe] nr_isp_devs=12, devnode(camsv6), map_addr=0xffffff800bfd2000
[    1.871246] [ISP][ISP_probe] No IRQ!!: nr_isp_devs=12, devnode(camsv6), irq=0
[    1.871263] [ISP][ISP_probe] - X. ISP driver probe.
[    1.872579] [ISP][ISP_Init] Finding SMI_LARB compatible: mediatek,smi_larb0
[    1.872924] [ISP][ISP_Init] SMI_LARB0_BASE: ffffff800bfd4000
[    1.872942] [ISP][ISP_Init] Finding SMI_LARB compatible: mediatek,smi_larb1
[    1.873128] [ISP][ISP_Init] SMI_LARB1_BASE: ffffff800bfd6000
[    1.873145] [ISP][ISP_Init] Finding SMI_LARB compatible: mediatek,smi_larb2
[    1.873300] [ISP][ISP_Init] SMI_LARB2_BASE: ffffff800bfd8000
[    1.873317] [ISP][ISP_Init] Finding SMI_LARB compatible: mediatek,smi_larb3
[    1.873460] [ISP][ISP_Init] SMI_LARB3_BASE: ffffff800bfda000
[    1.873477] [ISP][ISP_Init] Finding SMI_LARB compatible: mediatek,smi_larb4
[    1.873894] [ISP][ISP_Init] find mediatek,smi_larb4 node failed!!!
[    1.873911] [ISP][ISP_Init] Finding SMI_LARB compatible: mediatek,smi_larb5
[    1.874186] [ISP][ISP_Init] find mediatek,smi_larb5 node failed!!!
[    1.874202] [ISP][ISP_Init] Finding SMI_LARB compatible: mediatek,smi_larb6
[    1.874445] [ISP][ISP_Init] find mediatek,smi_larb6 node failed!!!
[    1.874462] [ISP][ISP_Init] Finding SMI_LARB compatible: mediatek,smi_larb7
[    1.874704] [ISP][ISP_Init] find mediatek,smi_larb7 node failed!!!
[    1.877666] FDVT [FDVT_probe] FDVT PROBE!!!
[    1.877704] FDVT [FDVT_probe] DT, i=0, map_addr=0xffffff800bfea000
[    1.877774] FDVT [FDVT_probe] DT, i=0, map_irq=128
[    1.881138] kd_camera_hw supply vcama_sub2 not found, using dummy regulator
[    1.881210] kd_camera_hw supply vcamd_sub2 not found, using dummy regulator
[    1.881269] kd_camera_hw supply vcamio_sub2 not found, using dummy regulator
[    1.881318] kd_camera_hw supply vcama_main3 not found, using dummy regulator
[    1.881370] kd_camera_hw supply vcamd_main3 not found, using dummy regulator
[    1.881420] kd_camera_hw supply vcamio_main3 not found, using dummy regulator
[    1.882282] gpio_init : pinctrl err, cam3_pnd1
[    1.882300] gpio_init : pinctrl err, cam3_pnd0
[    1.882315] gpio_init : pinctrl err, cam3_rst1
[    1.882330] gpio_init : pinctrl err, cam3_rst0
[    1.882345] gpio_init : pinctrl err, cam4_pnd1
[    1.882360] gpio_init : pinctrl err, cam4_pnd0
[    1.882374] gpio_init : pinctrl err, cam4_rst1
[    1.882389] gpio_init : pinctrl err, cam4_rst0
[    1.882403] gpio_init : pinctrl err, cam4_vcama_on
[    1.882419] gpio_init : pinctrl err, cam4_vcama_off
[    1.882434] gpio_init : pinctrl err, cam4_vcamd_on
[    1.882448] gpio_init : pinctrl err, cam4_vcamd_off
[    1.882464] gpio_init : pinctrl err, cam_mipi_switch_en_1
[    1.882479] gpio_init : pinctrl err, cam_mipi_switch_en_0
[    1.882495] gpio_init : pinctrl err, cam_mipi_switch_sel_1
[    1.882511] gpio_init : pinctrl err, cam_mipi_switch_sel_0
[    1.882527] gpio_init : pinctrl err, cam0_afen_on
[    1.882542] gpio_init : pinctrl err, cam0_afen_off
[    1.882578] mclk_init : pinctrl err, cam0_mclk_on
[    1.882600] mclk_init : pinctrl err, cam1_mclk_on
[    1.882617] mclk_init : pinctrl err, cam1_mclk_on
[    1.882633] mclk_init : pinctrl err, cam1_mclk_on
[    1.882647] mclk_init : pinctrl err, (null)
[    1.886018] ------------[ cut here ]------------
[    1.886043] WARNING: CPU: 5 PID: 1 at /parentroot/parentroot/data/piggz/mer/android/droid.yggdrasil/kernel/volla/mt6763/fs/sysfs/dir.c:31 sysfs_warn_dup+0x6c/0x8c()
[    1.886087] sysfs: cannot create duplicate filename '/devices/platform/lens_actuator_sub_af.0'
[    1.886111] Modules linked in:
[    1.886130] CPU: 5 PID: 1 Comm: swapper/0 Tainted: G        W       4.4.146+ #16
[    1.886155] Hardware name: MT6763V/V (DT)
[    1.886170] Call trace:
[    1.886181] [<ffffff800808b3dc>] dump_backtrace+0x0/0x1bc
[    1.886203] [<ffffff800808b7a8>] show_stack+0x14/0x1c
[    1.886220] [<ffffff8008484d58>] dump_stack+0x98/0xb8
[    1.886240] [<ffffff80080a4548>] warn_slowpath_common+0x9c/0xd0
[    1.886260] [<ffffff80080a45dc>] warn_slowpath_fmt+0x60/0x80
[    1.886277] [<ffffff8008294504>] sysfs_warn_dup+0x6c/0x8c
[    1.886295] [<ffffff8008294624>] sysfs_create_dir_ns+0x90/0xa0
[    1.886313] [<ffffff8008489168>] kobject_add_internal+0x94/0x2cc
[    1.886332] [<ffffff8008489624>] kobject_add+0xa4/0x104
[    1.886348] [<ffffff8008519990>] device_add+0xdc/0x564
[    1.886367] [<ffffff800851eda0>] platform_device_add+0x174/0x238
[    1.886386] [<ffffff800851fa54>] platform_device_register+0x28/0x34
[    1.886406] [<ffffff800922e338>] SUB2AF_i2C_init+0x1c/0x44
[    1.886423] [<ffffff8008081fb4>] do_one_initcall+0xa4/0x1cc
[    1.886440] [<ffffff80091f4c74>] kernel_init_freeable+0x19c/0x25c
[    1.886460] [<ffffff8008d86acc>] kernel_init+0x18/0x138
[    1.886480] [<ffffff8008085b60>] ret_from_fork+0x10/0x30
[    1.886497] ---[ end trace 837f6958c90d49bc ]---
[    1.886512] kobject_add_internal failed for lens_actuator_sub_af.0 with -EEXIST, don't try to register things with the same name in the same directory.
[    1.887739] [register_low_battery_notify] prio_val=5
[    1.887761] [register_battery_percent_notify] prio_val=5
[    1.887776] [register_battery_oc_notify] prio_val=5
[    1.889184] [ccu][ccu_probe] ccu probe cuccess...
[    1.890325] [ccci1/mcd]gpio pinctrl is not ready yet, use workaround.
[    1.900070] [ccci0/rpc]get_md_dtsi_val 1, mediatek,md_drdi_rf_set_idx -- 0xf0f0f0f
[    1.900191] [ccci1/rpc]get md view gpio id from dt fail
[    1.900242] [ccci1/rpc]get md view gpio id from dt fail
[    1.900289] [ccci1/rpc]get md view gpio id from dt fail
[    1.900336] [ccci1/rpc]get md view gpio id from dt fail
[    1.900383] [ccci1/rpc]get md view gpio id from dt fail
[    1.900430] [ccci1/rpc]get md view gpio id from dt fail
[    1.900478] [ccci1/rpc]get md view gpio id from dt fail
[    1.900525] [ccci1/rpc]get md view gpio id from dt fail
[    1.900572] [ccci1/rpc]get md view gpio id from dt fail
[    1.900619] [ccci1/rpc]get md view gpio id from dt fail
[    1.903005] [ccci1/sys]swtp_init can't find compatible node
[    1.908880] [cpu_ntf] <00>ffffff8008887820 (tz_driver_cpu_callback)
[    1.909518] [ut_km][ERROR]: ut_keymaster class_create failed 200.
[    1.909541] [ut_km][ERROR]: ut_keymaster class_create failed 208.
[    1.909569] [ut_km][ERROR]: ut_keymaster class_create failed 217.
[    1.909687] [ut_km][ERROR]: ut_keymaster class_create failed 224.
[    1.909705] [ut_km][ERROR]: ut_keymaster class_create failed 231.
[    1.914186] mtk_change_policy: thermal/thermal_policy init
[    1.914400] [Thermal/TZ/BTS] mtkts_bts_prepare_table table_num=7
[    1.914428] [Thermal/TZ/BTSMDPA] mtkts_btsmdpa_prepare_table table_num=7
[    1.914455] [Thermal/TZ/CPU]tscpu_init
[    1.914891] [Thermal/TZ/CPU]thermal_prob
[    1.915555] [calibration] temp0=0xa49d8184, temp1=0x30f7e59, temp2=0xbf60afc0
[    1.915577] [lvts_cal] 0: 0x0, 1: 0x0, 2: 0x0
[    1.915592] [Thermal/TZ/CPU][cal] g_adc_ge_t      = 658
[    1.915607] [Thermal/TZ/CPU][cal] g_adc_oe_t      = 472
[    1.915622] [Thermal/TZ/CPU][cal] g_degc_cali     = 44
[    1.915636] [Thermal/TZ/CPU][cal] g_adc_cali_en_t = 1
[    1.915650] [Thermal/TZ/CPU][cal] g_o_slope       = 0
[    1.915664] [Thermal/TZ/CPU][cal] g_o_slope_sign  = 0
[    1.915679] [Thermal/TZ/CPU][cal] g_id            = 0
[    1.915693] [Thermal/TZ/CPU][cal] g_o_vtsmcu1     = 391
[    1.915708] [Thermal/TZ/CPU][cal] g_o_vtsmcu2     = 382
[    1.915722] [Thermal/TZ/CPU][cal] g_o_vtsmcu3     = 388
[    1.915736] [Thermal/TZ/CPU][cal] g_o_vtsmcu4     = 382
[    1.915751] [Thermal/TZ/CPU][cal] g_o_vtsmcu5     = 382
[    1.915765] [Thermal/TZ/CPU][cal] g_o_vtsabb      = 386
[    1.915780] [Thermal/TZ/CPU][cal] lvts_count1_b30c=  0
[    1.915794] [Thermal/TZ/CPU][cal] lvts_count2_b30c=  0
[    1.915808] [Thermal/TZ/CPU][cal] lvts_count3_b30c=  0
[    1.915823] [Thermal/TZ/CPU][cal] lvts_golden_temp1= 0
[    1.915837] [Thermal/TZ/CPU][cal] lvts_golden_temp2= 0
[    1.915851] [Thermal/TZ/CPU][cal] lvts_golden_temp3= 0
[    1.915866] [Thermal/TZ/CPU][T_De][cal] g_ge         = 356
[    1.915881] [Thermal/TZ/CPU][T_De][cal] g_gain       = 10356
[    1.915896] [Thermal/TZ/CPU][T_De][cal] g_x_roomt0   = 8912
[    1.915911] [Thermal/TZ/CPU][T_De][cal] g_x_roomt1   = 8891
[    1.915925] [Thermal/TZ/CPU][T_De][cal] g_x_roomt2   = 8905
[    1.915940] [Thermal/TZ/CPU][T_De][cal] g_x_roomt3   = 8891
[    1.915988] [Thermal/TZ/CPU][T_De][cal] g_x_roomt4   = 8891
[    1.916004] [Thermal/TZ/CPU][T_De][cal] g_x_roomt5   = 8901
[    1.916272] [Thermal/TZ/CPU]Driver is NOT ready to report valid temperatures
[    1.917643] [Thermal/TZ/PMIC] [mtktspmic_init]
[    1.917663] [Thermal/TZ/PMIC] [pmic_debug]  start
[    1.917706] [Thermal/TZ/PMIC] [pmic_debug] 6356_efuse: g_o_vts        = 1607
[    1.917723] [Thermal/TZ/PMIC] [pmic_debug] 6356_efuse: g_o_vts_2      = 1595
[    1.917739] [Thermal/TZ/PMIC] [pmic_debug] 6356_efuse: g_o_vts_3      = 1579
[    1.917755] [Thermal/TZ/PMIC] [pmic_debug] 6356_efuse: g_degc_cali    = 52
[    1.917772] [Thermal/TZ/PMIC] [pmic_debug] 6356_efuse: g_adc_cali_en  = 1
[    1.917788] [Thermal/TZ/PMIC] [pmic_debug] 6356_efuse: g_o_slope      = 0
[    1.917804] [Thermal/TZ/PMIC] [pmic_debug] 6356_efuse: g_o_slope_sign = 0
[    1.917820] [Thermal/TZ/PMIC] [pmic_debug] 6356_efuse: g_id		   = 0
[    1.917835] [Thermal/TZ/PMIC] [pmic_debug]  end
[    1.917848] [Thermal/TZ/PMIC] [pmic_debug] g_o_vts        = 0x647
[    1.917864] [Thermal/TZ/PMIC] [pmic_debug] g_o_vts_2      = 0x63b
[    1.917880] [Thermal/TZ/PMIC] [pmic_debug] g_o_vts_3      = 0x62b
[    1.917895] [Thermal/TZ/PMIC] [pmic_debug] g_degc_cali    = 0x34
[    1.917910] [Thermal/TZ/PMIC] [pmic_debug] g_adc_cali_en  = 0x1
[    1.917925] [Thermal/TZ/PMIC] [pmic_debug] g_o_slope      = 0x0
[    1.917940] [Thermal/TZ/PMIC] [pmic_debug] g_o_slope_sign = 0x0
[    1.917955] [Thermal/TZ/PMIC] [pmic_debug] g_id           = 0x0
[    1.917971] [Thermal/TZ/PMIC] [Thermal calibration] SLOPE1=1000000 SLOPE2=-1681 INTERCEPT=445988, Vbe = -706000
[    1.917996] [Thermal/TZ/PMIC] [Thermal calibration] SLOPE1=1000000 SLOPE2=-1863 INTERCEPT=401738, Vbe = -700000
[    1.918022] [Thermal/TZ/PMIC] [Thermal calibration] SLOPE1=1000000 SLOPE2=-1863 INTERCEPT=397980, Vbe = -693000
[    1.920089] [W]mtk_wcn_cmb_stub_query_ctrl:Thermal query not registered
[    1.920142] [Thermal/TZ/IMGS][mtk_imgs_init]
[    1.922707] [Thermal/TZ/CPU]tscpu_bind binding OK, 3
[    1.923025] [Thermal/TZ/CPU]tscpu_bind binding OK, 1
[    1.923211] [Thermal/TZ/CPU]tscpu_bind binding OK, 2
[    1.924785] [Thermal/TZ/CPU]tscpu_bind binding OK, 0
[    1.924923] [Cooler_NR]mtk_cooler_NR_init 215
[    1.924997] [Cooler_NR]mtk_cooler_NR_init 233
[    1.925077] [Thermal/TZ/PMIC] [mt6356tsbuck1_init]
[    1.925093] [Thermal/TZ/PMIC] [pmic_debug]  start
[    1.925134] [Thermal/TZ/PMIC] [pmic_debug] 6356_efuse: g_o_vts        = 1607
[    1.925151] [Thermal/TZ/PMIC] [pmic_debug] 6356_efuse: g_o_vts_2      = 1595
[    1.925167] [Thermal/TZ/PMIC] [pmic_debug] 6356_efuse: g_o_vts_3      = 1579
[    1.925184] [Thermal/TZ/PMIC] [pmic_debug] 6356_efuse: g_degc_cali    = 52
[    1.925200] [Thermal/TZ/PMIC] [pmic_debug] 6356_efuse: g_adc_cali_en  = 1
[    1.925216] [Thermal/TZ/PMIC] [pmic_debug] 6356_efuse: g_o_slope      = 0
[    1.925232] [Thermal/TZ/PMIC] [pmic_debug] 6356_efuse: g_o_slope_sign = 0
[    1.925248] [Thermal/TZ/PMIC] [pmic_debug] 6356_efuse: g_id		   = 0
[    1.925263] [Thermal/TZ/PMIC] [pmic_debug]  end
[    1.925277] [Thermal/TZ/PMIC] [pmic_debug] g_o_vts        = 0x647
[    1.925292] [Thermal/TZ/PMIC] [pmic_debug] g_o_vts_2      = 0x63b
[    1.925307] [Thermal/TZ/PMIC] [pmic_debug] g_o_vts_3      = 0x62b
[    1.925323] [Thermal/TZ/PMIC] [pmic_debug] g_degc_cali    = 0x34
[    1.925338] [Thermal/TZ/PMIC] [pmic_debug] g_adc_cali_en  = 0x1
[    1.925353] [Thermal/TZ/PMIC] [pmic_debug] g_o_slope      = 0x0
[    1.925368] [Thermal/TZ/PMIC] [pmic_debug] g_o_slope_sign = 0x0
[    1.925383] [Thermal/TZ/PMIC] [pmic_debug] g_id           = 0x0
[    1.925398] [Thermal/TZ/PMIC] [Thermal calibration] SLOPE1=1000000 SLOPE2=-1681 INTERCEPT=445988, Vbe = -706000
[    1.925424] [Thermal/TZ/PMIC] [Thermal calibration] SLOPE1=1000000 SLOPE2=-1863 INTERCEPT=401738, Vbe = -700000
[    1.925450] [Thermal/TZ/PMIC] [Thermal calibration] SLOPE1=1000000 SLOPE2=-1863 INTERCEPT=397980, Vbe = -693000
[    1.927304] [Thermal/TZ/PMIC] [mt6356tsbuck2_init]
[    1.927321] [Thermal/TZ/PMIC] [pmic_debug]  start
[    1.927361] [Thermal/TZ/PMIC] [pmic_debug] 6356_efuse: g_o_vts        = 1607
[    1.927378] [Thermal/TZ/PMIC] [pmic_debug] 6356_efuse: g_o_vts_2      = 1595
[    1.927394] [Thermal/TZ/PMIC] [pmic_debug] 6356_efuse: g_o_vts_3      = 1579
[    1.927410] [Thermal/TZ/PMIC] [pmic_debug] 6356_efuse: g_degc_cali    = 52
[    1.927426] [Thermal/TZ/PMIC] [pmic_debug] 6356_efuse: g_adc_cali_en  = 1
[    1.927442] [Thermal/TZ/PMIC] [pmic_debug] 6356_efuse: g_o_slope      = 0
[    1.927458] [Thermal/TZ/PMIC] [pmic_debug] 6356_efuse: g_o_slope_sign = 0
[    1.927473] [Thermal/TZ/PMIC] [pmic_debug] 6356_efuse: g_id		   = 0
[    1.927489] [Thermal/TZ/PMIC] [pmic_debug]  end
[    1.927502] [Thermal/TZ/PMIC] [pmic_debug] g_o_vts        = 0x647
[    1.927517] [Thermal/TZ/PMIC] [pmic_debug] g_o_vts_2      = 0x63b
[    1.927532] [Thermal/TZ/PMIC] [pmic_debug] g_o_vts_3      = 0x62b
[    1.927548] [Thermal/TZ/PMIC] [pmic_debug] g_degc_cali    = 0x34
[    1.927563] [Thermal/TZ/PMIC] [pmic_debug] g_adc_cali_en  = 0x1
[    1.927578] [Thermal/TZ/PMIC] [pmic_debug] g_o_slope      = 0x0
[    1.927593] [Thermal/TZ/PMIC] [pmic_debug] g_o_slope_sign = 0x0
[    1.927607] [Thermal/TZ/PMIC] [pmic_debug] g_id           = 0x0
[    1.927622] [Thermal/TZ/PMIC] [Thermal calibration] SLOPE1=1000000 SLOPE2=-1681 INTERCEPT=445988, Vbe = -706000
[    1.927647] [Thermal/TZ/PMIC] [Thermal calibration] SLOPE1=1000000 SLOPE2=-1863 INTERCEPT=401738, Vbe = -700000
[    1.927672] [Thermal/TZ/PMIC] [Thermal calibration] SLOPE1=1000000 SLOPE2=-1863 INTERCEPT=397980, Vbe = -693000
[    1.930971] mrdump_key_init:MRDUMP_KEY node mediatek, mrdump_ext_rst-eint is not exist
               MRDUMP_KEY is disabled
[    1.931065] mrdump_sysfs_init: done.
[    1.931363] atf_log: inited
[    1.931589] ATF reserved memory: 0x6ffc0000 - 0x73bfffff (0x3c40000)
[    1.931628] atf_buf_phy_ctl: 0x6ffc0000
[    1.931642] atf_buf_len: 63176704
[    1.931655] atf_buf_vir_ctl: ffffff800e7fe000
[    1.931668] atf_log_vir_addr: ffffff800e9a0100
[    1.931682] atf_log_len: 81664
[    1.931725] atf irq num 19.
[    1.931788] atf_time_sync: inited
[    1.933187] SSPM platform service is ready
[    1.933928] USB_BOOST, <test_loops(), 346> id<-1>, loops:100000, spent 0 sec, 700 usec
[    1.934655] USB_BOOST, <test_loops(), 346> id<0>, loops:100000, spent 0 sec, 699 usec
[    1.935541] USB_BOOST, <test_loops(), 346> id<1>, loops:100000, spent 0 sec, 698 usec
[    1.936390] USB_BOOST, <test_loops(), 346> id<2>, loops:100000, spent 0 sec, 715 usec
[    1.936531] USB_BOOST, <create_sys_fs(), 514> 
[    1.936744] USB_BOOST, <usb_boost_set_para_and_arg(), 146> para_range:<4>
[    1.936763] USB_BOOST, <usb_boost_set_para_and_arg(), 146> para_range:<4>
[    1.936780] USB_BOOST, <usb_boost_set_para_and_arg(), 146> para_range:<4>
[    1.936797] USB_BOOST, <usb_boost_set_para_and_arg(), 146> para_range:<4>
[    1.936814] USB_BOOST, <usb_boost_set_para_and_arg(), 146> para_range:<4>
[    1.936830] USB_BOOST, <usb_boost_set_para_and_arg(), 146> para_range:<4>
[    1.936924] [HW_INFO] hardware_info initialized ok 
[    1.937507] sys_timer 10017000.sys_timer: invalid resource
[    1.937526] unable to ioremap sysram base, might be disabled
[    1.937542] mult=161319385, shift=21, maxsec=5000
[    1.937560] enabled: 1, support_sysram: 0
[    1.940239] tun: Universal TUN/TAP device driver, 1.6
[    1.940263] tun: (C) 1999-2004 Max Krasnyansky <maxk@qualcomm.com>
[    1.940497] PPP generic driver version 2.4.2
[    1.940649] PPP BSD Compression module registered
[    1.940671] PPP Deflate Compression module registered
[    1.940707] PPP MPPE Compression module registered
[    1.940733] NET: Registered protocol family 24
[    1.940861] usbcore: registered new interface driver usb-storage
[    1.940913] usbcore: registered new interface driver ums-alauda
[    1.940956] usbcore: registered new interface driver ums-cypress
[    1.940998] usbcore: registered new interface driver ums-datafab
[    1.941040] usbcore: registered new interface driver ums-freecom
[    1.941083] usbcore: registered new interface driver ums-isd200
[    1.941127] usbcore: registered new interface driver ums-jumpshot
[    1.941168] usbcore: registered new interface driver ums-karma
[    1.941210] usbcore: registered new interface driver ums-onetouch
[    1.941252] usbcore: registered new interface driver ums-sddr09
[    1.941295] usbcore: registered new interface driver ums-sddr55
[    1.941337] usbcore: registered new interface driver ums-usbat
[    1.941383] usbcore: registered new interface driver trancevibrator
[    1.941447] usb_function_register name=acm
[    1.941486] usb_function_register name=gser
[    1.941759] usb_function_register name=rndis
[    1.941781] usb_function_register name=mass_storage
[    1.941802] usb_function_register name=ffs
[    1.941821] usb_function_register name=midi
[    1.941841] usb_function_register name=hid
[    1.941860] usb_function_register name=mtp
[    1.941879] usb_function_register name=ptp
[    1.941896] usb_function_register name=audio_source
[    1.941914] usb_function_register name=accessory
[    1.942694] input: mtk-kpd as /devices/platform/10010000.kp/input/input1
[    1.947252] focaltech_fp: FocalTech fingerprint device control driver registered.
[    1.947439] Mapp dma regs successfully.
[    1.947454]  mt_i2c_init driver as platform device
[    1.948147] [I2C] id : 0, freq : 400000, div : 5, ch_offset: 0, dma_ch_offset: 0
[    1.948269] mt-i2c 11007000.i2c: i2c0 clock source ffffffc037814640,clock src frequency 13650000
[    1.948634] Map cg regs successfully.
[    1.948692] [I2C] id : 1, freq : 400000, div : 5, ch_offset: 0, dma_ch_offset: 0
[    1.948783] mt-i2c 11014000.i2c: i2c1 clock source ffffffc037814c00,clock src frequency 13650000
[    1.948936] i2c i2c-1: of_i2c: modalias failure on /i2c@11014000/msensor@0d
[    1.948958] i2c i2c-1: of_i2c: modalias failure on /i2c@11014000/gyro@68
[    1.949438] [I2C] id : 2, freq : 400000, div : 5, ch_offset: 0, dma_ch_offset: 0
[    1.949524] mt-i2c 11015000.i2c: i2c2 clock source ffffffc037822600,clock src frequency 13650000
[    1.949800] MAINAF [AF_i2c_probe] Start
[    1.949816] MAINAF [Register_AF_CharDrv] Start
[    1.949961] MAINAF [Register_AF_CharDrv] End
[    1.949977] MAINAF [AFRegulatorCtrl] AFIOC_S_SETPOWERCTRL regulator_put           (null)
[    1.950277] MAINAF [AFRegulatorCtrl] [Init] regulator_get ffffffc037826300
[    1.950295] MAINAF [AF_i2c_probe] Attached!!
[    1.950434] [I2C] id : 5, freq : 3400000, div : 5, ch_offset: 0, dma_ch_offset: 0
[    1.950522] mt-i2c 1100f000.i2c: i2c5 clock source ffffffc037822f40,clock src frequency 13650000
[    1.951145] mt6370_pmu 5-0034: find mt6370_pmu_dts node
[    1.951181] regmap_device_register: name = mt6370_pmu
[    1.951226]  rt_regmap_mt6370_pmu: rt register cache data init
[    1.951260]  rt_regmap_mt6370_pmu: cache cata init successfully
[    1.956449] mt6370_pmu_core mt6370_pmu_core: mt6370_pmu_core_probe successfully
[    1.956755] mt6370_pmu_charger_probe: (1.1.24_MTK)
[    1.956778] mt6370_pmu_charger mt6370_pmu_charger: mt_parse_dt: no chg alias name
[    1.956804] mt6370_pmu_charger mt6370_pmu_charger: mt_parse_dt: no ls alias name
[    1.956892] mt_parse_dt can't find chg_data pinctrl default
[    1.956914] mt6370_pmu_charger mt6370_pmu_charger: mt6370_pmu_charger_probe: get usb switch failed
[    1.967001] mt6370_pmu_charger mt6370_pmu_charger: mt6370_pmu_charger_probe successfully
[    1.967171] mt6370_pmu_fled_probe (1.0.2_MTK) id = 0
[    1.967189] mt6370_fled_parse_dt start
[    1.967203] mt6370_fled_parse_dt use torch cur 300000
[    1.967379] mt6370_fled_parse_dt use strobe cur 1200000
[    1.967555] mt6370_fled_parse_dt use strobe timeout 2400
[    1.967734] mt6370_pmu_fled_probe flash name = mt-flash-led1
[    1.967816] rt-flash-led:rtfled_probe() line-388: Richtek FlashLED Driver is probing
[    1.967843] rt-flash-led:rtfled_check_hal_implement() line-374: check_hal_implemented have NULL item.
[    1.967934] rt-flash-led:rtfled_probe() line-406: Richtek FlashLED Driver initialized successfully
[    1.968449] mt6370_pmu_fled mt6370_pmu_fled.0: mt6370 fled inited
[    1.968469] mt6370_pmu_fled mt6370_pmu_fled.0: mt6370_pmu_fled_probe successfully
[    1.968618] mt6370_pmu_fled_probe (1.0.2_MTK) id = 1
[    1.968635] mt6370_fled_parse_dt start
[    1.968649] mt6370_fled_parse_dt use torch cur 200000
[    1.968827] mt6370_fled_parse_dt use strobe cur 1000000
[    1.969008] mt6370_fled_parse_dt use strobe timeout 1200
[    1.969105] mt6370_pmu_fled_probe flash name = mt-flash-led2
[    1.969183] rt-flash-led:rtfled_probe() line-388: Richtek FlashLED Driver is probing
[    1.969209] rt-flash-led:rtfled_check_hal_implement() line-374: check_hal_implemented have NULL item.
[    1.969297] rt-flash-led:rtfled_probe() line-406: Richtek FlashLED Driver initialized successfully
[    1.969325] mt6370_pmu_fled mt6370_pmu_fled.1: mt6370_pmu_fled_probe successfully
[    1.969474] mt6370_pmu_ldo mt6370_pmu_ldo: regulator_name = irtx_ldo, min_uV = 1600000, max_uV = 4000000
[    1.969906] mt6370_pmu_ldo mt6370_pmu_ldo: mt6370_pmu_ldo_probe successfully
[    1.971250] rt-flash-led:rtfled_probe() line-388: Richtek FlashLED Driver is probing
[    1.971340] rt-flash-led:rtfled_probe() line-406: Richtek FlashLED Driver initialized successfully
[    1.971475] mt6370_pmu_bled mt6370_pmu_bled: mt6370_pmu_bled_probe successfully
[    1.971619] mt6370_pmu_dsv mt6370_pmu_dsv: Probing....
[    1.971657] mt6370_pmu_dsv mt6370_pmu_dsv: regulator_name = dsv_pos, min_uV = 4000000, max_uV = 6000000
[    1.971692] mt6370_pmu_dsv mt6370_pmu_dsv: regulator_name = dsv_neg, min_uV = 4000000, max_uV = 6000000
[    1.972941] mt6370_pmu_dsv mt6370_pmu_dsv: mt6370_pmu_dsv_probe successfully
[    1.972974] mt6370_pmu 5-0034: mt6370_pmu_probe successfully
[    1.973131] mt6370_i2c_probe
[    1.973147] I2C functionality : OK...
[    1.975510] 0
[    1.975524] t2-t1 = 13
[    1.975536] 1
[    1.975547] t2-t1 = 10
[    1.975558] 2
[    1.975569] t2-t1 = 10
[    1.975580] 3
[    1.975591] t2-t1 = 10
[    1.975602] 4
[    1.975613] t2-t1 = 10
[    1.975624] 5
[    1.975635] t2-t1 = 10
[    1.975646] 6
[    1.975657] t2-t1 = 11
[    1.975669] 7
[    1.975679] t2-t1 = 10
[    1.975691] 8
[    1.975701] t2-t1 = 10
[    1.975713] 9
[    1.975723] t2-t1 = 10
[    1.975736] mt_parse_dt
[    1.976144] mt6370_chipID = 0x2486
[    1.976162] regmap_device_register: name = mt6370-4e
[    1.976209]  rt_regmap_mt6370-4e: rt register cache data init
[    1.976233]  rt_regmap_mt6370-4e: cache cata init successfully
[    1.976518] tcpc_device_register register tcpc device (type_c_port0)
[    1.976631] PD Timer number = 57
[    1.976751] tcpci_timer_init : init OK
[    1.976766] pd_parse_pdata
[    1.976863] pd_parse_pdata src pdo data =
[    1.976878] pd_parse_pdata 0: 0x00019032
[    1.976894] pd_parse_pdata snk pdo data =
[    1.976907] pd_parse_pdata 0: 0x000190c8
[    1.976921] pd_parse_pdata 1: 0xc0761e3c
[    1.976936] pd_parse_pdata id vdos data =
[    1.976950] pd_parse_pdata 0: 0xd10029cf
[    1.976964] pd_parse_pdata 1: 0x00000000
[    1.976977] pd_parse_pdata 2: 0x00010000
[    1.976991] pd_parse_pdata charging_policy = 33
[    1.977006] pd_parse_pdata_bats Battery NR = 1
[    1.977026] pd_parse_pdata_bats fix_bat_info[0].mfrs_info.vid = 0x29cf, 					    .mfrs_info.pid = 0x1711, 					    .mfrs_string = bat1, 					    .bat_design_cap = 3000
[    1.977063] pd_parse_pdata_countries Country NR = 0
[    1.977078] pd_parse_log_src_cap_ext vid = 0x29cf, pid = 0x1711, xid = 0x0, 		fw_ver = 0x2, hw_ver = 0x1
[    1.977104] pd_parse_log_src_cap_ext voltage_regulation = 0, hold_time_ms = 0, compliance = 0x0, 		touch_current = 0x0, peak_current = 0 0 0
[    1.977133] pd_parse_log_src_cap_ext touch_temp = 0, source_inputs = 0x0, 		batteries = 0x0, source_pdp = 0x2
[    1.977159] pd_parse_pdata_mfrs VID = 0x29cf, PID = 0x5081
[    1.977175] pd_parse_pdata_mfrs PD mfrs_string = RichtekTCPC
[    1.977242] dpm_caps: local_dr_power
[    1.977257] dpm_caps: local_dr_data
[    1.977271] dpm_caps: local_ext_power
[    1.977284] dpm_caps: local_usb_comm
[    1.977297] dpm_caps: local_usb_suspend
[    1.977311] dpm_caps: local_high_cap
[    1.977324] dpm_caps: local_give_back
[    1.977337] dpm_caps: local_no_suspend
[    1.977351] dpm_caps: local_vconn_supply
[    1.977364] dpm_caps: attemp_discover_cable_dfp
[    1.977379] dpm_caps: attemp_enter_dp_mode
[    1.977392] dpm_caps: attemp_discover_cable
[    1.977406] dpm_caps: attemp_discover_id
[    1.977420] dpm_caps: pr_reject_as_source
[    1.977433] dpm_caps: pr_reject_as_sink
[    1.977447] dpm_caps: pr_check_gp_source
[    1.977460] dpm_caps: pr_check_gp_sink
[    1.977473] dpm_caps: dr_reject_as_dfp
[    1.977487] dpm_caps: dr_reject_as_ufp
[    1.977501] dpm_caps = 0x0010e18b
[    1.977563] dp_parse_svid_data get displayport data fail
[    1.977666] TCPC-PE:pd_core_init
[    1.977882] usb_type_c 5-004e: PD_REV30
[    1.978076] mt6370_init_alert name = type_c_port0, gpio = 389
[    1.978128] mt6370_init_alert : IRQ number = 713
[    1.978246] IRQF_NO_THREAD Test
[    1.978296] mt6370_i2c_probe probe OK!
[    1.978407] [I2C] id : 3, freq : 400000, div : 5, ch_offset: 0, dma_ch_offset: 0
[    1.978528] mt-i2c 11011000.i2c: i2c3 clock source ffffffc0378762c0,clock src frequency 13650000
[    1.978835] i2c i2c-3: of_i2c: modalias failure on /i2c@11011000/alsps@51
[    1.979042] st21nfc_probe : Parse st21nfc DTS
[    1.979350] [dsc]nfc_parse_dt : get reset_gpio[373], irq_gpio[348], polarity_mode[0]
[    1.979374] st21nfc_probe : Parsed st21nfc DTS 373 348
[    1.979390] st21nfc_probe : after i2c_check_functionality 373 348
[    1.979407] st21nfc_probe : dev_cb_addr ffffffc037875d80
[    1.979441] st21nfc_probe : IRQ GPIO = 348
[    1.979468] st21nfc_probe : RST GPIO = 373
[    1.979664] st21nfc_probe : MT IRQ GPIO = 672
[    1.979877] [I2C] id : 4, freq : 400000, div : 5, ch_offset: 0, dma_ch_offset: 0
[    1.980016] mt-i2c 11017000.i2c: i2c4 clock source ffffffc037876bc0,clock src frequency 13650000
[    1.980311] DCAM dcam_i2c_probe dcam_r
[    1.980465] DCAM dcam_r_pdn_pin(402)  dcam_data->pdn_pin(402)
[    1.992319] MAINAF [AFRegulatorCtrl] AFIOC_S_SETPOWERCTRL regulator_put ffffffc037826300
[    1.992426] i2c i2c-4: Failed to register i2c client camera_main_two_eep at 0x54 (-16)
[    1.992452] i2c i2c-4: of_i2c: Failure registering /i2c@11017000/camera_main_two_eeprom@54
[    1.992528] [I2C] id : 6, freq : 3400000, div : 5, ch_offset: 0, dma_ch_offset: 0
[    1.992629] mt-i2c 11005000.i2c: i2c6 clock source ffffffc0378815c0,clock src frequency 13650000
[    1.992916] [I2C] id : 7, freq : 400000, div : 5, ch_offset: 0, dma_ch_offset: 0
[    1.993005] mt-i2c 11008000.i2c: i2c7 clock source ffffffc037881b40,clock src frequency 13650000
[    1.993192] [I2C] id : 8, freq : 400000, div : 5, ch_offset: 0, dma_ch_offset: 0
[    1.993276] mt-i2c 11009000.i2c: i2c8 clock source ffffffc03788b080,clock src frequency 13650000
[    1.993577] [I2C] id : 9, freq : 400000, div : 5, ch_offset: 0, dma_ch_offset: 0
[    1.993661] mt-i2c 11016000.i2c: i2c9 clock source ffffffc03788b780,clock src frequency 13650000
[    1.997261] [fgauge_read_RTC_boot_status] rtc_invalid 0 plugout 0 plugout_time 0 spare3 0x8b spare0 0x60 hw_id 0x5640
[    1.997377] [fgauge_get_profile_id]Battery id=(0) en:0,0
[    1.997396] fg active table:5
[    1.997428] [fgauge_get_profile_id]Battery id=(0) en:0,0
[    1.997445] fg_custom_init_from_dts
[    1.997459] read DISABLE_MTKBATTERY fail
[    1.997474] read RECORD_LOG fail
[    1.997492] Get MTK_CHR_EXIST failed
[    1.997508] Get PSEUDO1_IQ_OFFSET BAT0 failed
[    1.997525] Get COM_R_FG_VALUE failed
[    1.997544] Get MULTI_GAUGE0_EN failed
[    1.997559] Get FGC_FGV_TH1 failed
[    1.997573] Get FGC_FGV_TH2 failed
[    1.997586] Get FGC_FGV_TH3 failed
[    1.997600] Get UISOC_UPDATE_T failed
[    1.997614] Get UIFULLLIMIT_EN failed
[    1.997629] Get COM_FG_METER_RESISTANCE failed
[    2.000654] thermal thermal_zone13: failed to read out thermal zone (-19)
[    2.000692] [BAT_probe] power_supply_register Battery Success !!
[    2.000772]  fg_swocv_v = 36932 len 5 fg_swocv_v_tmp 36932 ptim_lk_v[36932]
[    2.000804]  fg_swocv_i = -5227 len 5 fg_swocv_i_tmp -5227 ptim_lk_i[-5227]
[    2.000835]  shutdown_time = 0522 len 1 shutdown_time_tmp 0 pl_shutdown_time[0]
[    2.000870] boot_voltage=3740 len 4 boot_voltage_tmp 3740 pl_bat_vol[3740]
[    2.001249] [battery_init] Initialization : DONE
[    2.040131] FG_CW2015 : cw_init : cw2015 init success!
[    2.040532] rt9465_init: with dts
[    2.040654] rt9465_probe (1.0.10_MTK)
[    2.040681] rt9465 3-004b: rt9465_parse_dt
[    2.040708] rt9465 3-004b: rt9465_parse_dt: no regmap represent slave addr
[    2.040735] rt9465 3-004b: rt9465_parse_dt: no regmap name
[    2.040759] rt9465 3-004b: rt9465_parse_dt: no alias name
[    2.040813] rt9465 3-004b: rt9465_parse_dt: intr/en gpio = 0, 374
[    2.040882] rt9465 3-004b: rt9465_parse_dt: intr/en gpio = 353, 374
[    2.040920] rt9465 3-004b: rt9465_parse_dt: chg_name:secondary_chg alias:rt9465
[    2.040954] rt9465 3-004b: rt9465_register_rt_regmap
[    2.040978] regmap_device_register: name = rt9465
[    2.041042]  rt_regmap_rt9465: rt register cache data init
[    2.041073]  rt_regmap_rt9465: cache cata init successfully
[    2.041310] rt9465 3-004b: rt9465_register_irq: irq = 677
[    2.041513] rt9465 3-004b: rt9465_probe: successfully
[    2.041665] MT5715 probe.
[    2.041685] MT5715 chip.
[    2.041754] MT5715 regmap.
[    2.041826] MT5715 probed successfully
[    2.041858] MT5715_parse_dt: dc gpio provided ok. mt5715->dc_gpio = 370
[    2.041888] MT5715_parse_dt: irq gpio provided ok. mt5715->irq_gpio = 358
[    2.042056] sucess to request IRQ 682: 0
[    2.043636] md: linear personality registered for level -1
[    2.043826] device-mapper: uevent: version 1.0.3
[    2.044236] device-mapper: ioctl: 4.34.0-ioctl (2015-10-28) initialised: dm-devel@redhat.com
[    2.044437] Bluetooth: Virtual HCI driver ver 1.5
[    2.045841] [msdc]DT probe msdc0!
[    2.045939] [msdc][msdc0] get irq # 16
[    2.046264] 11230000.msdc supply vqmmc not found, using dummy regulator
[    2.046990] [msdc][msdc0] hclk:371999833, clk_ctl:ffffffc03a58ad40, hclk_ctl:ffffffc03a58adc0
[    2.047450] [msdc]DT probe msdc1!
[    2.047525] mtk-msdc 11240000.msdc: Got CD GPIO
[    2.047602] [msdc][msdc1] get irq # 17
[    2.048192] [msdc][msdc1] hclk:185999916, clk_ctl:ffffffc03a58bf00, hclk_ctl:ffffffc03a58be80
[    2.048624] [msdc]msdc0: pin state init (2)
[    2.050653] hidraw: raw HID events driver (C) Jiri Kosina
[    2.051875] usbcore: registered new interface driver usbhid
[    2.051901] usbhid: USB HID core driver
[    2.052312] ashmem: initialized
[    2.052475] lowmemorykiller: lowmem_init: successful to register misc device!
[    2.054694] usbcore: registered new interface driver snd-usb-audio
[    2.056107] rt5509_driver_init
[    2.056586] [Thermal/TZ/CPU]krtatm_thread c 29100 p 0 cl 2147483647 gl 2147483647 s 0
[    2.059803] mtk_btcvsd_tx_probe: dev name mt-soc-btcvsd-tx-pcm
[    2.060057] speaker_amp 1-0034: mtk_spk_i2c_probe()
[    2.060076] +rt5509_i2c_probe
[    2.060337] i2c i2c-1: addr: 34, transfer ACK error
[    2.060357] i2c_dump_info ++++++++++++++++++++++++++++++++++++++++++
[    2.060373] I2C structure:
               [I2C]Clk=13650000,Id=1,Op=3,Irq_stat=2,Total_len=1
               [I2C]Trans_len=1,Trans_num=1,Trans_auxlen=1,speed=400000
               [I2C]Trans_stop=1,cg_cnt=1,hs_only=0, ch_offset=0,ch_offset_default=0
[    2.060432] base address 0xffffff800e992000
[    2.060452] I2C register:
               [I2C]SLAVE_ADDR=68,INTR_MASK=0,INTR_STAT=1,CONTROL=3a,TRANSFER_LEN=1
               [I2C]TRANSAC_LEN=2,DELAY_LEN=2,TIMING=107,LTIMING=12,START=2,FIFO_STAT=1
               [I2C]IO_CONFIG=3,HS=0,DCM_EN=7,DEBUGSTAT=300,EXT_CONF=1801,TRANSFER_LEN_AUX=1
[    2.060523] before enable DMA register(0x0):
               [I2C]INT_FLAG=0,INT_EN=0,EN=0,RST=0,
               [I2C]STOP=0,FLUSH=0,CON=0,TX_MEM_ADDR=0, RX_MEM_ADDR=0
               [I2C]TX_LEN=0,RX_LEN=0,INT_BUF_SIZE=0,DEBUG_STATUS=0
               [I2C]TX_MEM_ADDR2=0, RX_MEM_ADDR2=0
[    2.060588] DMA register(0xffffff800e994380):
               [I2C]INT_FLAG=0,INT_EN=0,EN=0,RST=0,
               [I2C]STOP=0,FLUSH=0,CON=0,TX_MEM_ADDR=0, RX_MEM_ADDR=0
               [I2C]TX_LEN=0,RX_LEN=0,INT_BUF_SIZE=0,DEBUG_STATUS=2
               [I2C]TX_MEM_ADDR2=0, RX_MEM_ADDR2=0
[    2.060649] i2c_dump_info ------------------------------------------
[    2.060666] i2c i2c-1: last transfer info:
[    2.060681] i2c i2c-1: [00] [    2.060334] SLAVE_ADDR=68,INTR_STAT=2,CONTROL=3a,FIFO_STAT=1101,DEBUGSTAT=300, tmo=500
[    2.060709] i2c i2c-1: [01] [    0.000000] SLAVE_ADDR=0,INTR_STAT=0,CONTROL=0,FIFO_STAT=0,DEBUGSTAT=0, tmo=0
[    2.060737] i2c i2c-1: [02] [    0.000000] SLAVE_ADDR=0,INTR_STAT=0,CONTROL=0,FIFO_STAT=0,DEBUGSTAT=0, tmo=0
[    2.060764] i2c i2c-1: [03] [    0.000000] SLAVE_ADDR=0,INTR_STAT=0,CONTROL=0,FIFO_STAT=0,DEBUGSTAT=0, tmo=0
[    2.060791] i2c i2c-1: [04] [    0.000000] SLAVE_ADDR=0,INTR_STAT=0,CONTROL=0,FIFO_STAT=0,DEBUGSTAT=0, tmo=0
[    2.060818] i2c i2c-1: [05] [    0.000000] SLAVE_ADDR=0,INTR_STAT=0,CONTROL=0,FIFO_STAT=0,DEBUGSTAT=0, tmo=0
[    2.060845] i2c i2c-1: [06] [    0.000000] SLAVE_ADDR=0,INTR_STAT=0,CONTROL=0,FIFO_STAT=0,DEBUGSTAT=0, tmo=0
[    2.060873] i2c i2c-1: [07] [    0.000000] SLAVE_ADDR=0,INTR_STAT=0,CONTROL=0,FIFO_STAT=0,DEBUGSTAT=0, tmo=0
[    2.060900] i2c i2c-1: [08] [    0.000000] SLAVE_ADDR=0,INTR_STAT=0,CONTROL=0,FIFO_STAT=0,DEBUGSTAT=0, tmo=0
[    2.060927] i2c i2c-1: [09] [    0.000000] SLAVE_ADDR=0,INTR_STAT=0,CONTROL=0,FIFO_STAT=0,DEBUGSTAT=0, tmo=0
[    2.060969] speaker_amp 1-0034: power on fail 1
[    2.060986] speaker_amp 1-0034: error -121
[    2.061010] speaker_amp: probe of 1-0034 failed with error -121
[    2.061101] mtk_soc_capture_platform_init
[    2.061972] mtk_capture_probe
[    2.061988] mtk_capture_probe: dev name mt-soc-ul1-pcm
[    2.062777] mtk_soc_dl1_probe: dev name mt-soc-dl1-pcm
[    2.065125] AudDrv_GPIO_probe
[    2.065398] AudDrv_GPIO_probe(), extbuck_fan53526_exist = 0
[    2.065416] AudDrv_GPIO_probe pinctrl_lookup_state aud_clk_mosi_off fail -19
[    2.065434] AudDrv_GPIO_probe pinctrl_lookup_state aud_clk_mosi_on fail -19
[    2.065453] AudDrv_GPIO_probe pinctrl_lookup_state aud_dat_miso2_off fail -19
[    2.065470] AudDrv_GPIO_probe pinctrl_lookup_state aud_dat_miso2_on fail -19
[    2.065487] AudDrv_GPIO_probe pinctrl_lookup_state aud_dat_mosi2_off fail -19
[    2.065504] AudDrv_GPIO_probe pinctrl_lookup_state aud_dat_mosi2_on fail -19
[    2.065521] AudDrv_GPIO_probe pinctrl_lookup_state vow_dat_miso_off fail -19
[    2.065538] AudDrv_GPIO_probe pinctrl_lookup_state vow_dat_miso_on fail -19
[    2.065555] AudDrv_GPIO_probe pinctrl_lookup_state vow_clk_miso_off fail -19
[    2.065572] AudDrv_GPIO_probe pinctrl_lookup_state vow_clk_miso_on fail -19
[    2.065588] AudDrv_GPIO_probe pinctrl_lookup_state aud_smartpa_reset fail -19
[    2.065605] AudDrv_GPIO_probe pinctrl_lookup_state aud_smartpa_on fail -19
[    2.065622] AudDrv_GPIO_probe pinctrl_lookup_state aud_smartpa_off fail -19
[    2.065639] AudDrv_GPIO_probe pinctrl_lookup_state aud_tdm_mode0 fail -19
[    2.065655] AudDrv_GPIO_probe pinctrl_lookup_state aud_tdm_mode1 fail -19
[    2.065672] AudDrv_GPIO_probe pinctrl_lookup_state audpmicclk-mode0 fail -19
[    2.065689] AudDrv_GPIO_probe pinctrl_lookup_state audpmicclk-mode1 fail -19
[    2.065706] AudDrv_GPIO_probe pinctrl_lookup_state audi2s1-mode0 fail -19
[    2.065723] AudDrv_GPIO_probe pinctrl_lookup_state audi2s1-mode1 fail -19
[    2.065740] AudDrv_GPIO_probe pinctrl_lookup_state extamp2-pullhigh fail -19
[    2.065757] AudDrv_GPIO_probe pinctrl_lookup_state extamp2-pulllow fail -19
[    2.065774] AudDrv_GPIO_probe pinctrl_lookup_state rcvspk-pullhigh fail -19
[    2.065791] AudDrv_GPIO_probe pinctrl_lookup_state rcvspk-pulllow fail -19
[    2.065808] AudDrv_GPIO_probe pinctrl_lookup_state hpdepop-pullhigh fail -19
[    2.065824] AudDrv_GPIO_probe pinctrl_lookup_state hpdepop-pulllow fail -19
[    2.065841] AudDrv_GPIO_probe pinctrl_lookup_state aud_clk_mosi_pull_high fail -19
[    2.065863] AudDrv_GPIO_probe pinctrl_lookup_state aud_clk_mosi_pull_low fail -19
[    2.066113] Auddrv_Reg_map
[    2.066344] [mt_idle_ntf] <00>ffffff8008b4aa00 (audio_idle_notify_call)
[    2.066396] InitSramManager mBlocknum = 12 mAud_Sram_Manager.mSramLength = 49152 mAud_Sram_Manager.mBlockSize = 4096
[    2.066428] EnableI2SDivPower, bEnable = 0, Diveder_name 0
[    2.066445] EnableI2SDivPower, bEnable = 0, Diveder_name 1
[    2.066461] EnableI2SDivPower, bEnable = 0, Diveder_name 2
[    2.066477] EnableI2SDivPower, bEnable = 0, Diveder_name 3
[    2.066493] EnableI2SDivPower, bEnable = 0, Diveder_name 4
[    2.066509] EnableI2SDivPower, bEnable = 0, Diveder_name 5
[    2.066525] EnableI2SDivPower, bEnable = 0, Diveder_name 6
[    2.066541] EnableI2SDivPower, bEnable = 0, Diveder_name 7
[    2.066557] init_afe_ops
[    2.066584] [ge_mt_soc_pcm_dl1] afe_irq_number=93
[    2.067472] mtk_soc_dummy_platform_init
[    2.068477] mtk_dummy_probe
[    2.068494] mtk_dummy_probe: dev name mt-soc-dummy-pcm
[    2.068626] mtk_soc_routing_platform_init
[    2.069440] mtk_afe_routing_probe
[    2.069455] mtk_afe_routing_probe: dev name mt-soc-routing-pcm
[    2.069572] mtk_soc_capture2_platform_init
[    2.070285] mtk_capture2_probe
[    2.070300] mtk_capture2_probe: dev name mt-soc-ul2-pcm
[    2.070909] mtk_i2s2_adc2_probe: dev name mt-soc-i2s2_adc2-pcm
[    2.070950] mtk_soc_voice_platform_init()
[    2.071614] mtk_voice_probe(), dev name mt-soc-voicemd1
[    2.071742] mtk_soc_voice_md2_platform_init()
[    2.072516] mtk_voice_md2_probe(), dev name mt-soc-voicemd2
[    2.076485] mtk_I2S0dl1_soc_platform_init
[    2.077167] mtk_I2S0dl1_probe: dev name mt-soc-i2s0dl1-pcm
[    2.077287] mtk_soc_i2s0_awb_platform_init
[    2.077957] mtk_i2s0_awb_probe
[    2.077972] mtk_i2s0_awb_probe: dev name mt-soc-i2s0awb-pcm
[    2.078079] mtk_soc_uldlloopback_platform_init
[    2.078727] mtk_uldlloopback_probe
[    2.078743] mtk_uldlloopback_probe: dev name mt-soc-uldlloopback-pcm
[    2.079531] mtk_soc_dl2_probe: dev name mt-soc-dl2-pcm
[    2.080408] mtk_mrgrx_soc_platform_init
[    2.081080] mtk_mrgrx_probe
[    2.081095] mtk_mrgrx_probe: dev name mt-soc-mrgrx-pcm
[    2.081223] mtk_soc_mrgrx_awb_platform_init
[    2.081881] mtk_mrgrx_awb_probe
[    2.081896] mtk_mrgrx_awb_probe: dev name mt-soc-mrgrx-awb-pcm
[    2.082017] mtk_fm_i2s_soc_platform_init
[    2.082669] mtk_fm_i2s_probe
[    2.082684] mtk_fm_i2s_probe: dev name mt-soc-fm-i2s-pcm
[    2.083438] mtk_fm_i2s_awb_probe: dev name mt-soc-fm-i2s-awb-pcm
[    2.085142] mtk_soc_bt_dai_platform_init
[    2.085840] mtk_bt_dai_probe
[    2.085855] mtk_bt_dai_probe: dev name mt-soc-voip-bt-in
[    2.085970] mtk_dai_stub_init:
[    2.086659] mtk_dai_stub_dev_probe  name mt_soc_dai_name
[    2.086676] mtk_dai_stub_dev_probe: dev name mt-soc-dai-driver
[    2.086730] mtk_dai_stub_dev_probe: rc  = 0
[    2.086823] mtk_routing_init:
[    2.087507] mtk_routing_dev_probe  name mt_soc_routing_dai_name
[    2.087525] mtk_routing_dev_probe: dev name Routing-Control
[    2.087628] mtk_dummy_codec_init:
[    2.088359] mtk_dummy_codec_dev_probe: dev name mt-soc-dummy-codec
[    2.091019] mtk-audio 11220000.audio: mtk_spk_update_dai_link(), mtk_spk_type 0
[    2.091049] mtk-audio 11220000.audio: mtk_spk_update_dai_link(), ext_Speaker_Multimedia, codec dai name = snd-soc-dummy-dai, codec name = snd-soc-dummy
[    2.092759] [msdc][msdc_command_resp_polling]: msdc0 CMD<52> MSDC_INT_CMDTMO Arg<0x00000c00>
[    2.093299] [msdc][msdc_command_resp_polling]: msdc0 CMD<52> MSDC_INT_CMDTMO Arg<0x80000c08>
[    2.093337] mtk_voice_platform_probe()
[    2.093429] mtk_afe_uldlloopback_probe
[    2.093498] dummy_codec_probe()
[    2.093566] mtk_afe_mrgrx_probe
[    2.093608] mtk_afe_mrgrx_awb_probe
[    2.093981] mtk_asoc_bt_dai_probe
[    2.094106] mtk_afe_capture2_probe
[    2.094164] mtk_i2s0_dl1_awb_probe
[    2.094192] mtk_voice_md2_platform_probe()
[    2.094227] mtk_afe_routing_platform_probe
[    2.094381] mtk_afe_fm_i2s_probe
[    2.094515] mtk_asoc_pcm_btcvsd_tx_platform_probe
[    2.094559] mtk_i2s2_adc2_data_probe
[    2.094782] mtk-audio 11220000.audio: mt-soc-codec-tx-dai <-> mt-soc-dl1dai-driver mapping ok
[    2.094875] mtk-audio 11220000.audio: mt-soc-codec-rx-dai <-> mt-soc-ul1dai-driver mapping ok
[    2.094992] mtk-audio 11220000.audio: mt-soc-codec-voicemd1-dai <-> mt-soc-voicemd1dai-driver mapping ok
[    2.095113] mtk-audio 11220000.audio: mt-soc-codec-uldlloopback-dai <-> mt-soc-uldlloopbackdai-driver mapping ok
[    2.095203] mtk-audio 11220000.audio: mt-soc-i2s0-dummy-dai-codec <-> mt-soc-i2s0dai-driver mapping ok
[    2.095320] mtk-audio 11220000.audio: mt-soc-mrgrx-dai-codec <-> mt-soc-mrgrxdai-driver mapping ok
[    2.095441] mtk-audio 11220000.audio: mt-soc-mrgrx-dummy-dai-codec <-> mt-soc-mrgrxdai-driver mapping ok
[    2.095531] mtk-audio 11220000.audio: mt-soc-codec-I2s0tx-dai <-> mt-soc-i2s0dl1dai-driver mapping ok
[    2.095621] mtk-audio 11220000.audio: mt-soc-codec-deepbuffer-tx-dai <-> snd-soc-dummy-dai mapping ok
[    2.095717] mtk-audio 11220000.audio: mt-soc-codec-dl1awb-dai <-> mt-soc-dl1awbdai-driver mapping ok
[    2.095805] mtk-audio 11220000.audio: mt-soc-codec-voicemd1-bt-dai <-> mt-soc-voicemd1-btdai-driver mapping ok
[    2.095895] mtk-audio 11220000.audio: mt-soc-codec-voipcall-btout-dai <-> mt-soc-voipcall-btdai-out-driver mapping ok
[    2.096019] mtk-audio 11220000.audio: mt-soc-codec-voipcall-btin-dai <-> mt-soc-voipcall-btdai-in-driver mapping ok
[    2.096110] mtk-audio 11220000.audio: mt-soc-tdmrx-dai-codec <-> mt-soc-tdmrxdai-driver mapping ok
[    2.096200] mtk-audio 11220000.audio: mt-soc-fmmrg2tx-dummy-dai-codec <-> mt-soc-fmmrgtxdai-driver mapping ok
[    2.096294] mtk-audio 11220000.audio: mt-soc-codec-rx-dai2 <-> mt-soc-ul2dai-driver mapping ok
[    2.096383] mtk-audio 11220000.audio: mt-soc-codec-i2s0awb-dai <-> mt-soc-i2s0awbdai-driver mapping ok
[    2.096503] mtk-audio 11220000.audio: mt-soc-codec-voicemd2-dai <-> mt-soc-voicemd2dai-driver mapping ok
[    2.096624] mtk-audio 11220000.audio: mt-soc-dummy-dai-codec <-> snd-soc-dummy-dai mapping ok
[    2.096712] mtk-audio 11220000.audio: mt-soc-codec-voicemd2-bt-dai <-> mt-soc-voicemd2-btdai-driver mapping ok
[    2.096803] mtk-audio 11220000.audio: mt-soc-codec-hp-impedance-dai <-> mt-soc-hpimpedancedai-driver mapping ok
[    2.096899] mtk-audio 11220000.audio: mt-soc-fm-i2s-dai-codec <-> mt-soc-fmi2S-driver mapping ok
[    2.096995] mtk-audio 11220000.audio: mt-soc-fm-i2s-dummy-dai-codec <-> mt-soc-fmi2S-driver mapping ok
[    2.097085] mtk-audio 11220000.audio: mt-soc-codec-tx-dai2 <-> mt-soc-dl2dai-driver mapping ok
[    2.097177] mtk-audio 11220000.audio: mt-soc-codec-offload-dai <-> snd-soc-dummy-dai mapping ok
[    2.097291] [msdc][msdc_command_resp_polling]: msdc0 CMD<8> MSDC_INT_CMDTMO Arg<0x000001aa>
[    2.097291] mtk-audio 11220000.audio: snd-soc-dummy-dai <-> snd-soc-dummy-dai mapping ok
[    2.097392] mtk-audio 11220000.audio: snd-soc-dummy-dai <-> snd-soc-dummy-dai mapping ok
[    2.097417] [msdc]msdc0 -> XXX CMD<8><0x1aa> Error<-110> Resp<0x0> <- msdc_dump_trans_error() : L<3849> PID<kworker/0:0><0x4>
[    2.097513] mtk-audio 11220000.audio: mt-soc-dummy-dai-codec <-> mt-soc-anc-record-dai-driver mapping ok
[    2.097685] mtk-audio 11220000.audio: mt-soc-codec-voiceusb-dai <-> snd-soc-dummy-dai mapping ok
[    2.097795] mtk-audio 11220000.audio: mt-soc-codec-voiceusb-echoref-dai <-> snd-soc-dummy-dai mapping ok
[    2.097859] [msdc][msdc_command_resp_polling]: msdc0 CMD<5> MSDC_INT_CMDTMO Arg<0x00000000>
[    2.097917] mtk-audio 11220000.audio: snd-soc-dummy-dai <-> snd-soc-dummy-dai mapping ok
[    2.098042] mtk-audio 11220000.audio: snd-soc-dummy-dai <-> snd-soc-dummy-dai mapping ok
[    2.098131] mtk-audio 11220000.audio: snd-soc-dummy-dai <-> mt-soc-i2s2adc2dai-driver mapping ok
[    2.098380] [msdc][msdc_command_resp_polling]: msdc0 CMD<5> MSDC_INT_CMDTMO Arg<0x00000000>
[    2.098390] mt-soc-dai-driver mt-soc-dai-driver: ASoC: Failed to create FM_I2S_Capture debugfs file
[    2.098402] mt-soc-dai-driver mt-soc-dai-driver: ASoC: Failed to create FM_I2S_Playback debugfs file
[    2.098442] mt-soc-dai-driver mt-soc-dai-driver: ASoC: Failed to create MRGRX_CAPTURE debugfs file
[    2.098452] mt-soc-dai-driver mt-soc-dai-driver: ASoC: Failed to create MRGRX_PLayback debugfs file
[    2.098465] mt-soc-dai-driver mt-soc-dai-driver: ASoC: Failed to create SCPVoice_PLayback debugfs file
[    2.098487] mt-soc-dai-driver mt-soc-dai-driver: ASoC: Failed to create I2S0_PLayback debugfs file
[    2.098496] mt-soc-dai-driver mt-soc-dai-driver: ASoC: Failed to create ULDL_Loopback debugfs file
[    2.098505] mt-soc-dai-driver mt-soc-dai-driver: ASoC: Failed to create Voice_MD2_PLayback debugfs file
[    2.098513] mt-soc-dai-driver mt-soc-dai-driver: ASoC: Failed to create Voice_MD1_PLayback debugfs file
[    2.098587] mt-soc-codec mt-soc-codec: ASoC: Failed to create MRGRX_PLayback debugfs file
[    2.098608] mt-soc-codec mt-soc-codec: ASoC: Failed to create ULDL_Loopback debugfs file
[    2.098629] mt-soc-codec mt-soc-codec: ASoC: Failed to create Voice_USB_EchoRef debugfs file
[    2.098638] mt-soc-codec mt-soc-codec: ASoC: Failed to create Voice_USB_PLayback debugfs file
[    2.098651] mt-soc-codec mt-soc-codec: ASoC: Failed to create Voice_MD2_PLayback debugfs file
[    2.098660] mt-soc-codec mt-soc-codec: ASoC: Failed to create Voice_MD1_PLayback debugfs file
[    2.098714] mt-soc-dummy-codec mt-soc-dummy-codec: ASoC: Failed to create MRGRX_PLayback debugfs file
[    2.098732] mt-soc-dummy-codec mt-soc-dummy-codec: ASoC: Failed to create MultiMedia_Routing debugfs file
[    2.098760] mt-soc-dummy-codec mt-soc-dummy-codec: ASoC: Failed to create MultiMedia_Routing debugfs file
[    2.098783] mt-soc-dummy-codec mt-soc-dummy-codec: ASoC: Failed to create Voice_MD2_PLayback debugfs file
[    2.098793] mt-soc-dummy-codec mt-soc-dummy-codec: ASoC: Failed to create Voice_MD1_PLayback debugfs file
[    2.099515] [msdc][msdc_command_resp_polling]: msdc0 CMD<5> MSDC_INT_CMDTMO Arg<0x00000000>
[    2.100034] [msdc][msdc_command_resp_polling]: msdc0 CMD<5> MSDC_INT_CMDTMO Arg<0x00000000>
[    2.100565] [msdc][msdc_command_resp_polling]: msdc0 CMD<55> MSDC_INT_CMDTMO Arg<0x00000000>
[    2.101088] [msdc][msdc_command_resp_polling]: msdc0 CMD<55> MSDC_INT_CMDTMO Arg<0x00000000>
[    2.101615] [msdc][msdc_command_resp_polling]: msdc0 CMD<55> MSDC_INT_CMDTMO Arg<0x00000000>
[    2.102138] [msdc][msdc_command_resp_polling]: msdc0 CMD<55> MSDC_INT_CMDTMO Arg<0x00000000>
[    2.106068] Mirror/redirect action on
[    2.106113] u32 classifier
[    2.106126]     Performance counters on
[    2.106139]     input device check on
[    2.106152]     Actions configured
[    2.106191] Netfilter messages via NETLINK v0.30.
[    2.106252] nf_conntrack version 0.5.0 (16384 buckets, 65536 max)
[    2.106657] ctnetlink v0.93: registering with nfnetlink.
[    2.107254] xt_time: kernel timezone is -0000
