-- Logs begin at Sun 2021-04-04 22:24:28 CEST, end at Sun 2021-04-04 22:31:09 CEST. --
Apr 04 22:24:28 VollaPhone systemd-journal[406]: Runtime journal (/run/log/journal/) is currently using 4.0M.
                                                 Maximum allowed usage is set to 8.0M.
                                                 Leaving at least 285.4M free (of currently available 1.8G of space).
                                                 Enforced usage limit is thus 8.0M.
Apr 04 22:24:28 VollaPhone kernel: Booting Linux on physical CPU 0x0
Apr 04 22:24:28 VollaPhone kernel: Initializing cgroup subsys cpuset
Apr 04 22:24:28 VollaPhone kernel: Initializing cgroup subsys cpu
Apr 04 22:24:28 VollaPhone kernel: Initializing cgroup subsys cpuacct
Apr 04 22:24:28 VollaPhone kernel: Linux version 4.4.146+ (piggz@linux-f1uu) (gcc version 4.9.x 20150123 (prerelease) (GCC) ) #16 SMP PREEMPT Sun Nov 22 10:20:28 UTC 2020
Apr 04 22:24:28 VollaPhone kernel: Boot CPU: AArch64 Processor [410fd034]
Apr 04 22:24:28 VollaPhone kernel: mrdump_get_cb: mrdump_cbaddr=0x000000000011e000, mrdump_cbsize=0x0000000000002000
Apr 04 22:24:28 VollaPhone kernel: [PHY layout]mblock-10-ccci   :   0x7c000000 - 0x7d5fffff (0x1600000)
Apr 04 22:24:28 VollaPhone kernel: [PHY layout]mblock-8-ccci   :   0x80000000 - 0x800fffff (0x100000)
Apr 04 22:24:28 VollaPhone kernel: [PHY layout]mblock-7-SPM-reserved   :   0x77ff0000 - 0x77ffffff (0x10000)
Apr 04 22:24:28 VollaPhone kernel: [PHY layout]mblock-6-framebuffer   :   0x7dca0000 - 0x7feeffff (0x2250000)
Apr 04 22:24:28 VollaPhone kernel: [PHY layout]mblock-5-atf-log-reserved   :   0x6ffc0000 - 0x6fffffff (0x40000)
Apr 04 22:24:28 VollaPhone kernel: [PHY layout]mblock-4-teei-reserved   :   0x70000000 - 0x73bfffff (0x3c00000)
Apr 04 22:24:28 VollaPhone kernel: [PHY layout]mblock-3-SPM-reserved   :   0x7fef0000 - 0x7fefffff (0x10000)
Apr 04 22:24:28 VollaPhone kernel: [PHY layout]mblock-2-SSPM-reserved   :   0x7ff00000 - 0x7ffbffff (0xc0000)
Apr 04 22:24:28 VollaPhone kernel: [PHY layout]atf-reserved-memory@44610000   :   0x54600000 - 0x5463ffff (0x40000)
Apr 04 22:24:28 VollaPhone kernel: [PHY layout]soter-shared-mem   :   0x8fe00000 - 0x8fffffff (0x200000)
Apr 04 22:24:28 VollaPhone kernel: Reserved memory: initialized node soter-shared-mem, compatible id microtrust,shared_mem
Apr 04 22:24:28 VollaPhone kernel: [PHY layout]reserve-memory-sspm_share   :   0x9ff80000 - 0x9fffffff (0x80000)
Apr 04 22:24:28 VollaPhone kernel: Reserved memory: initialized node reserve-memory-sspm_share, compatible id mediatek,reserve-memory-sspm_share
Apr 04 22:24:28 VollaPhone kernel: [PHY layout]consys-reserve-memory   :   0xafe00000 - 0xafffffff (0x200000)
Apr 04 22:24:28 VollaPhone kernel: [CONNADP]reserve_memory_consys_fn: name: consys-reserve-memory, base: 0xafe00000, size: 0x200000
Apr 04 22:24:28 VollaPhone kernel: Reserved memory: initialized node consys-reserve-memory, compatible id mediatek,consys-reserve-memory
Apr 04 22:24:28 VollaPhone kernel: ZMC: zmc_memory_init, name: zone-movable-cma-memory, base: 0x00000000c0000000, size: 0x000000007fc00000
Apr 04 22:24:28 VollaPhone kernel: ZMC: zmc_is_the_last: phys end: 0x0000000140000000, rmem end max: 0x0000000140000000
Apr 04 22:24:28 VollaPhone kernel: ZMC: check_and_fix_base: total phys size: 0x00000000f84d0000
Apr 04 22:24:28 VollaPhone kernel: ZMC: Start to zone: 0
Apr 04 22:24:28 VollaPhone kernel: memory-ssvp: setup_feature_size, can't find DT node, memory-ssmr-features
Apr 04 22:24:28 VollaPhone kernel: memory-ssvp: setup_feature_size, rmem->size: 0x000000007fc00000
Apr 04 22:24:28 VollaPhone kernel: memory-ssvp: setup_feature_size, svp-size: 0x0000000000000000
Apr 04 22:24:28 VollaPhone kernel: memory-ssvp: finalize_region_size, svp_region: 0x0000000000000000
Apr 04 22:24:28 VollaPhone kernel: memory-ssvp: ssvp_preinit, total target size: 0x0000000000000000
Apr 04 22:24:28 VollaPhone kernel: memory-ssvp: ssvp_preinit, SSVP initialization: skipped, no SSVP requirements
Apr 04 22:24:28 VollaPhone kernel: ZMC: Start to zone: 1
Apr 04 22:24:28 VollaPhone kernel: ZMC: ::[memory-lowpower]: size: 0xffffffffffffffff, align: 0x0000000010000000
Apr 04 22:24:28 VollaPhone kernel: ZMC: ::[0x00000000c0000000-0x000000013fc00000] remain of rmem
Apr 04 22:24:28 VollaPhone kernel: ZMC: ::cma_init_reserved_mem - [0x00000000c0000000 - 0x000000013fc00000]
Apr 04 22:24:28 VollaPhone kernel: memory-lowpower: zmc_memory_lowpower_init: memory-lowpower-fullness
Apr 04 22:24:28 VollaPhone kernel: memory-lowpower: memory_lowpower_fullness, success to grab the "last pageblock"
Apr 04 22:24:28 VollaPhone kernel: ZMC: ::[PASS]: memory-lowpower[0x00000000c0000000-0x000000013fc00000] (rmem->size=0x0000000000000000)
Apr 04 22:24:28 VollaPhone kernel: Reserved memory: initialized node zone-movable-cma-memory, compatible id mediatek,zone_movable_cma
Apr 04 22:24:28 VollaPhone kernel: [dram_dummy_read_reserve_mem_of_init] dram_rank0_addr = 0x000000006ffbf000, size = 0x1000
Apr 04 22:24:28 VollaPhone kernel: Reserved memory: initialized node reserve-memory-dram_r0_dummy_read, compatible id reserve-memory-dram_r0_dummy_read
Apr 04 22:24:28 VollaPhone kernel: Reserved memory: failed to allocate memory for node 'reserve-memory-dram_r1_dummy_read'
Apr 04 22:24:28 VollaPhone kernel: [memblock]mediatek,pstore: 0x54410000 - 0x544f0000 (0xe0000)
Apr 04 22:24:28 VollaPhone kernel: Reserved memory: initialized node pstore-reserved-memory@54410000, compatible id mediatek,pstore
Apr 04 22:24:28 VollaPhone kernel: [memblock]mediatek,minirdump: 0x544f0000 - 0x54500000 (0x10000)
Apr 04 22:24:28 VollaPhone kernel: Reserved memory: initialized node minirdump-reserved-memory@544f0000, compatible id mediatek,minirdump
Apr 04 22:24:28 VollaPhone kernel: [PHY layout]kernel   :   0x40000000 - 0x545fffff (0x14600000)
Apr 04 22:24:28 VollaPhone kernel: [PHY layout]kernel   :   0x54640000 - 0x6ffbffff (0x1b980000)
Apr 04 22:24:28 VollaPhone kernel: [PHY layout]kernel   :   0x73c00000 - 0x77feffff (0x43f0000)
Apr 04 22:24:28 VollaPhone kernel: [PHY layout]kernel   :   0x78000000 - 0x7bffffff (0x4000000)
Apr 04 22:24:28 VollaPhone kernel: [PHY layout]kernel   :   0x7d600000 - 0x7dc9ffff (0x6a0000)
Apr 04 22:24:28 VollaPhone kernel: [PHY layout]kernel   :   0x7ffc0000 - 0x7fffffff (0x40000)
Apr 04 22:24:28 VollaPhone kernel: [PHY layout]kernel   :   0x80100000 - 0x8fdfffff (0xfd00000)
Apr 04 22:24:28 VollaPhone kernel: [PHY layout]kernel   :   0x90000000 - 0x9ff7ffff (0xff80000)
Apr 04 22:24:28 VollaPhone kernel: [PHY layout]kernel   :   0xa0000000 - 0xafdfffff (0xfe00000)
Apr 04 22:24:28 VollaPhone kernel: [PHY layout]kernel   :   0xb0000000 - 0x13fffffff (0x90000000)
Apr 04 22:24:28 VollaPhone kernel: On node 0 totalpages: 1017040
Apr 04 22:24:28 VollaPhone kernel:   DMA zone: 7700 pages used for memmap
Apr 04 22:24:28 VollaPhone kernel:   DMA zone: 0 pages reserved
Apr 04 22:24:28 VollaPhone kernel:   DMA zone: 492752 pages, LIFO batch:31
Apr 04 22:24:28 VollaPhone kernel:   Normal zone: 8192 pages used for memmap
Apr 04 22:24:28 VollaPhone kernel:   Normal zone: 524288 pages, LIFO batch:31
Apr 04 22:24:28 VollaPhone kernel: psci: probing for conduit method from DT.
Apr 04 22:24:28 VollaPhone kernel: psci: PSCIv1.0 detected in firmware.
Apr 04 22:24:28 VollaPhone kernel: psci: Using standard PSCI v0.2 function IDs
Apr 04 22:24:28 VollaPhone kernel: psci: MIGRATE_INFO_TYPE not supported.
Apr 04 22:24:28 VollaPhone kernel: PERCPU: Embedded 23 pages/cpu @ffffffc06fc78000 s53656 r8192 d32360 u94208
Apr 04 22:24:28 VollaPhone kernel: pcpu-alloc: s53656 r8192 d32360 u94208 alloc=23*4096
Apr 04 22:24:28 VollaPhone kernel: pcpu-alloc: [0] 0 [0] 1 [0] 2 [0] 3 [0] 4 [0] 5 [0] 6 [0] 7 
Apr 04 22:24:28 VollaPhone kernel: CPU features: enabling workaround for ARM errata 855873
Apr 04 22:24:28 VollaPhone kernel: CPU features: enabling workaround for ARM erratum 845719
Apr 04 22:24:28 VollaPhone kernel: CPU features: enabling workaround for ARM erratum 855872
Apr 04 22:24:28 VollaPhone kernel: Built 1 zonelists in Zone order, mobility grouping on.  Total pages: 1001148
Apr 04 22:24:28 VollaPhone kernel: [cpu_ntf] <00>ffffff80081b2644 (page_alloc_cpu_notify)
Apr 04 22:24:28 VollaPhone kernel: Kernel command line: console=tty0 console=ttyMT0,921600n1 vmalloc=496M slub_max_order=0 slub_debug=OFZPU androidboot.hardware=mt6763 maxcpus=8 firmware_class.path=/vendor/firmware loop.max_part=7 has_battery_removed=0 androidboot.verifiedbootstate=green skip_initramfs rootwait ro init=/init root=PARTUUID=902d5f3f-434a-4de7-8988-321e88c9b8aa androidboot.veritymode=enforcing bootopt=64S3,32N2,64N2 androidboot.selinux=permissive androidboot.atm=disabled androidboot.meta_log_disable=0 androidboot.dtbo_idx=0 lpddr_used_index=2 printk.disable_uart=1 bootprof.pl_t=1090 bootprof.lk_t=2190 bootprof.logo_t=1071 boot_reason=4 androidboot.serialno=GS290CTM906879 androidboot.bootreason=reboot gpt=1 usb2jtag_mode=0 mrdump_ddrsv=yes mrdump_cb=0x11e000,0x2000
Apr 04 22:24:28 VollaPhone kernel: PID hash table entries: 4096 (order: 3, 32768 bytes)
Apr 04 22:24:28 VollaPhone kernel: Dentry cache hash table entries: 524288 (order: 10, 4194304 bytes)
Apr 04 22:24:28 VollaPhone kernel: Inode-cache hash table entries: 262144 (order: 9, 2097152 bytes)
Apr 04 22:24:28 VollaPhone kernel: software IO TLB [mem 0xafc30000-0xafc70000] (0MB) mapped at [ffffffc06fc30000-ffffffc06fc6ffff]
Apr 04 22:24:28 VollaPhone kernel: Memory: 1601400K/4068160K available (13396K kernel code, 1398K rwdata, 4448K rodata, 4352K init, 4655K bss, 373704K reserved, 2093056K cma-reserved)
Apr 04 22:24:28 VollaPhone kernel: Virtual kernel memory layout:
                                       modules : 0xffffff8000000000 - 0xffffff8008000000   (   128 MB)
                                       vmalloc : 0xffffff8008000000 - 0xffffffbdbfff0000   (   246 GB)
                                         .init : 0xffffff80091f4000 - 0xffffff8009634000   (  4352 KB)
                                         .text : 0xffffff8008080000 - 0xffffff8008d96000   ( 13400 KB)
                                       .rodata : 0xffffff8008d96000 - 0xffffff80091f4000   (  4472 KB)
                                         .data : 0xffffff8009634000 - 0xffffff8009791b50   (  1399 KB)
                                       vmemmap : 0xffffffbdc0000000 - 0xffffffbfc0000000   (     8 GB maximum)
                                                 0xffffffbdc0000000 - 0xffffffbdc4000000   (    64 MB actual)
                                       fixed   : 0xffffffbffe7fb000 - 0xffffffbffec00000   (  4116 KB)
                                       PCI I/O : 0xffffffbffee00000 - 0xffffffbfffe00000   (    16 MB)
                                       memory  : 0xffffffc000000000 - 0xffffffc100000000   (  4096 MB)
Apr 04 22:24:28 VollaPhone kernel: [cpu_ntf] <00>ffffff80081f6d0c (slab_cpuup_callback)
Apr 04 22:24:28 VollaPhone kernel: SLUB: HWalign=64, Order=0-0, MinObjects=0, CPUs=8, Nodes=1
Apr 04 22:24:28 VollaPhone kernel: [cpu_ntf] <00>ffffff80080fdfb0 (sched_ilb_notifier)
Apr 04 22:24:28 VollaPhone kernel: Initializing HMP scheduler:
Apr 04 22:24:28 VollaPhone kernel: Preemptible hierarchical RCU implementation.
Apr 04 22:24:28 VollaPhone kernel:         Build-time adjustment of leaf fanout to 64.
Apr 04 22:24:28 VollaPhone kernel: [cpu_ntf] <00>ffffff8008125df8 (rcu_cpu_notify)
Apr 04 22:24:28 VollaPhone kernel: 
Apr 04 22:24:28 VollaPhone kernel: **********************************************************
Apr 04 22:24:28 VollaPhone kernel: **   NOTICE NOTICE NOTICE NOTICE NOTICE NOTICE NOTICE   **
Apr 04 22:24:28 VollaPhone kernel: **                                                      **
Apr 04 22:24:28 VollaPhone kernel: ** trace_printk() being used. Allocating extra memory.  **
Apr 04 22:24:28 VollaPhone kernel: **                                                      **
Apr 04 22:24:28 VollaPhone kernel: ** This means that this is a DEBUG kernel and it is     **
Apr 04 22:24:28 VollaPhone kernel: ** unsafe for production use.                           **
Apr 04 22:24:28 VollaPhone kernel: **                                                      **
Apr 04 22:24:28 VollaPhone kernel: ** If you see this message and you are not debugging    **
Apr 04 22:24:28 VollaPhone kernel: ** the kernel, report this immediately to your vendor!  **
Apr 04 22:24:28 VollaPhone kernel: **                                                      **
Apr 04 22:24:28 VollaPhone kernel: **   NOTICE NOTICE NOTICE NOTICE NOTICE NOTICE NOTICE   **
Apr 04 22:24:28 VollaPhone kernel: **********************************************************
Apr 04 22:24:28 VollaPhone kernel: [cpu_ntf] <00>ffffff800848b71c (radix_tree_callback)
Apr 04 22:24:28 VollaPhone kernel: NR_IRQS:64 nr_irqs:64 0
Apr 04 22:24:28 VollaPhone kernel: GIC: Using split EOI/Deactivate mode
Apr 04 22:24:28 VollaPhone kernel: [cpu_ntf] <00>ffffff80084bfba4 (gic_secondary_init)
Apr 04 22:24:28 VollaPhone kernel: ### gic-v3 init done. ###
Apr 04 22:24:28 VollaPhone kernel: [cpu_ntf] <00>ffffff8008597098 (gic_sched_hotplug_callback)
Apr 04 22:24:28 VollaPhone kernel: ### gic-v3 scheduled pm init done ###
Apr 04 22:24:28 VollaPhone kernel: [cpu_ntf] <00>ffffff800812f44c (timer_cpu_notify)
Apr 04 22:24:28 VollaPhone kernel: [cpu_ntf] <00>ffffff80081312ac (hrtimer_cpu_notify)
Apr 04 22:24:28 VollaPhone kernel: mtk_infracfg_ao_init: infra mfg debug: 050000f2
Apr 04 22:24:28 VollaPhone kernel: arch_timer_init:arch_timer_rate(0xc65d40),PHYS_SECURE_PPI=1,PHYS_NONSECURE_PPI=2,VIRT_PPI=3,HYP_PPI=4
Apr 04 22:24:28 VollaPhone kernel: arch_timer_init:arch_timer_c3stop=1
Apr 04 22:24:28 VollaPhone kernel: arch_timer_register:arch_timer_rate(0xc65d40),arch_timer_use_virtual=0
Apr 04 22:24:28 VollaPhone kernel: arch_timer_register:request_percpu_irq PHYS_SECURE_PPI err=0
Apr 04 22:24:28 VollaPhone kernel: arch_timer_register:request_percpu_irq PHYS_NONSECURE_PPI err=0
Apr 04 22:24:28 VollaPhone kernel: [cpu_ntf] <00>ffffff8008a61bc4 (arch_timer_cpu_notify)
Apr 04 22:24:28 VollaPhone kernel: Architected cp15 timer(s) running at 13.00MHz (phys).
Apr 04 22:24:28 VollaPhone kernel: clocksource: arch_sys_counter: mask: 0xffffffffffffff max_cycles: 0x2ff89eacb, max_idle_ns: 440795202429 ns
Apr 04 22:24:28 VollaPhone kernel: sched_clock: 56 bits at 13MHz, resolution 76ns, wraps every 4398046511101ns
Apr 04 22:24:28 VollaPhone kernel: [mtk_gpt] base=0xffffff8009c2a000, irq=5
Apr 04 22:24:28 VollaPhone kernel: [mtk_gpt] gpt1, base=0xffffff8009c2a010
Apr 04 22:24:28 VollaPhone kernel: [mtk_gpt] gpt2, base=0xffffff8009c2a020
Apr 04 22:24:28 VollaPhone kernel: [mtk_gpt] gpt3, base=0xffffff8009c2a030
Apr 04 22:24:28 VollaPhone kernel: [mtk_gpt] gpt4, base=0xffffff8009c2a040
Apr 04 22:24:28 VollaPhone kernel: [mtk_gpt] gpt5, base=0xffffff8009c2a050
Apr 04 22:24:28 VollaPhone kernel: [mtk_gpt] gpt6, base=0xffffff8009c2a060
Apr 04 22:24:28 VollaPhone kernel: [mtk_gpt] gpt1: clkdiv=1, cmp=128, hz=250, freq=32000
Apr 04 22:24:28 VollaPhone kernel: [mtk_gpt] acao clkevt, freq=32000
Apr 04 22:24:28 VollaPhone kernel: [cpu_ntf] <00>ffffff80081467e4 (hotplug_cfd)
Apr 04 22:24:28 VollaPhone kernel: Console: colour dummy device 80x25
Apr 04 22:24:28 VollaPhone kernel: console [tty0] enabled
Apr 04 22:24:28 VollaPhone kernel: console [ttyMT0] enabled
Apr 04 22:24:28 VollaPhone kernel: ram_console: buffer start: 0xffffff8009c32000, size: 0x800
Apr 04 22:24:28 VollaPhone kernel: pmic & external buck: 0xff
Apr 04 22:24:28 VollaPhone kernel: ram_console: CPU notifier status: 18, 66, 0x0, 188363140493
Apr 04 22:24:28 VollaPhone kernel: ram_console: CPU HPS footprint: 2136, 0x0, 11, 8106
Apr 04 22:24:28 VollaPhone kernel: ram_console: last init function: 0xffffff8001004ae0
Apr 04 22:24:28 VollaPhone kernel: Calibrating delay loop (skipped), value calculated using timer frequency.. 26.00 BogoMIPS (lpj=52000)
Apr 04 22:24:28 VollaPhone kernel: pid_max: default: 32768 minimum: 301
Apr 04 22:24:28 VollaPhone kernel: [cpu_ntf] <00>ffffff80082443e0 (buffer_cpu_notify)
Apr 04 22:24:28 VollaPhone kernel: Security Framework initialized
Apr 04 22:24:28 VollaPhone kernel: Yama: becoming mindful.
Apr 04 22:24:28 VollaPhone kernel: SELinux:  Initializing.
Apr 04 22:24:28 VollaPhone kernel: SELinux:  Starting in permissive mode
Apr 04 22:24:28 VollaPhone kernel: Mount-cache hash table entries: 8192 (order: 4, 65536 bytes)
Apr 04 22:24:28 VollaPhone kernel: Mountpoint-cache hash table entries: 8192 (order: 4, 65536 bytes)
Apr 04 22:24:28 VollaPhone kernel: [cpu_ntf] <00>ffffff80081b94ec (ratelimit_handler)
Apr 04 22:24:28 VollaPhone kernel: Initializing cgroup subsys memory
Apr 04 22:24:28 VollaPhone kernel: Initializing cgroup subsys devices
Apr 04 22:24:28 VollaPhone kernel: Initializing cgroup subsys freezer
Apr 04 22:24:28 VollaPhone kernel: Initializing cgroup subsys net_cls
Apr 04 22:24:28 VollaPhone kernel: Initializing cgroup subsys perf_event
Apr 04 22:24:28 VollaPhone kernel: Initializing cgroup subsys debug
Apr 04 22:24:28 VollaPhone kernel: [cpu_ntf] <00>ffffff80080a4a24 (smpboot_thread_call)
Apr 04 22:24:28 VollaPhone kernel: init_heavy_tlb start.
Apr 04 22:24:28 VollaPhone kernel: init_heavy_tlb: cpu=0 thresh_l=2147483647 thresh_h=250 max_capaicy=716
Apr 04 22:24:28 VollaPhone kernel: init_heavy_tlb: cpu=1 thresh_l=2147483647 thresh_h=250 max_capaicy=716
Apr 04 22:24:28 VollaPhone kernel: init_heavy_tlb: cpu=2 thresh_l=2147483647 thresh_h=250 max_capaicy=716
Apr 04 22:24:28 VollaPhone kernel: init_heavy_tlb: cpu=3 thresh_l=2147483647 thresh_h=250 max_capaicy=716
Apr 04 22:24:28 VollaPhone kernel: init_heavy_tlb: cpu=4 thresh_l=250 thresh_h=2147483647 max_capaicy=1024
Apr 04 22:24:28 VollaPhone kernel: init_heavy_tlb: cpu=5 thresh_l=250 thresh_h=2147483647 max_capaicy=1024
Apr 04 22:24:28 VollaPhone kernel: init_heavy_tlb: cpu=6 thresh_l=250 thresh_h=2147483647 max_capaicy=1024
Apr 04 22:24:28 VollaPhone kernel: init_heavy_tlb: cpu=7 thresh_l=250 thresh_h=2147483647 max_capaicy=1024
Apr 04 22:24:28 VollaPhone kernel: ASID allocator initialised with 32768 entries
Apr 04 22:24:28 VollaPhone kernel: [cpu_ntf] <00>ffffff80080aaf74 (cpu_callback)
Apr 04 22:24:28 VollaPhone kernel: [cpu_ntf] <00>ffffff80080c5c7c (workqueue_cpu_up_callback)
Apr 04 22:24:28 VollaPhone kernel: [cpu_ntf] <00>ffffff80080c5fc8 (workqueue_cpu_down_callback)
Apr 04 22:24:28 VollaPhone kernel: [cpu_ntf] <00>ffffff80080de688 (migration_call)
Apr 04 22:24:28 VollaPhone kernel: [cpu_ntf] <00>ffffff80080dabc0 (sched_cpu_active)
Apr 04 22:24:28 VollaPhone kernel: [cpu_ntf] <00>ffffff80080d9474 (sched_cpu_inactive)
Apr 04 22:24:28 VollaPhone kernel: [cpu_ntf] <00>ffffff800819623c (hotplug_event_notify)
Apr 04 22:24:28 VollaPhone kernel: [cpu_ntf] <00>ffffff800855efa4 (cpu_hotplug_cb_notifier)
Apr 04 22:24:28 VollaPhone kernel: CPU Hotplug Low Power Notification
Apr 04 22:24:28 VollaPhone kernel: init_get_max_DRAM_size done. phone_dram_sz: 0x100000000, kernel_mem_sz: 0x100000000
Apr 04 22:24:28 VollaPhone kernel: tag_devinfo_data size:200, HRID size:4
Apr 04 22:24:28 VollaPhone kernel: [devinfo][SegCode] Segment Code=0x13
Apr 04 22:24:28 VollaPhone kernel: log_store: sram header address 0xffffff8009c34f00.
Apr 04 22:24:28 VollaPhone kernel: log_store log buff addr:0x41799520, size 0x80000. buff flag 0x427.
Apr 04 22:24:28 VollaPhone kernel: sig 0x5678ef90 flag 0x427 add 0x7ffc0000 size 0x40000 offsize 0x20 point 0x2808e
Apr 04 22:24:28 VollaPhone kernel: Brought up 8 CPUs
Apr 04 22:24:28 VollaPhone kernel: SMP: Total of 8 processors activated.
Apr 04 22:24:28 VollaPhone kernel: CPU features: detected feature: GIC system register CPU interface
Apr 04 22:24:28 VollaPhone kernel: CPU: All CPU(s) started at EL2
Apr 04 22:24:28 VollaPhone kernel: alternatives: patching kernel code
Apr 04 22:24:28 VollaPhone kernel: [cpu_ntf] <00>ffffff80080cfeb0 (sched_domains_numa_masks_update)
Apr 04 22:24:28 VollaPhone kernel: [cpu_ntf] <00>ffffff80080e30c0 (cpuset_cpu_active)
Apr 04 22:24:28 VollaPhone kernel: [cpu_ntf] <00>ffffff80080e3130 (cpuset_cpu_inactive)
Apr 04 22:24:28 VollaPhone kernel: [cpu_ntf] <00>ffffff80080dab2c (hotplug_hrtick)
Apr 04 22:24:28 VollaPhone kernel: devtmpfs: initialized
Apr 04 22:24:28 VollaPhone kernel: [cpu_ntf] <00>ffffff800851ffe8 (device_hotplug_notifier)
Apr 04 22:24:28 VollaPhone kernel: [PHY layout]tee_reserved_mem   :   0x6ffc0000 - 0x73bfffff (0x3c40000)
Apr 04 22:24:28 VollaPhone kernel: [debug]available DRAM size = 0x100000000
                                   [PHY layout]FB (dt) :  0x7dca0000 - 0x7feeffff  (0x2250000)
Apr 04 22:24:28 VollaPhone kernel: 
                                    register_restart_handler- 0xffffff8009bce478, Notify call: - 0xffffff80089e2624
Apr 04 22:24:28 VollaPhone kernel: ARCH_RESET register mtk_restart_handler  ok!!!!
Apr 04 22:24:28 VollaPhone kernel: clocksource: jiffies: mask: 0xffffffff max_cycles: 0xffffffff, max_idle_ns: 7645041785100000 ns
Apr 04 22:24:28 VollaPhone kernel: futex hash table entries: 2048 (order: 5, 131072 bytes)
Apr 04 22:24:28 VollaPhone kernel: xor: measuring software checksum speed
Apr 04 22:24:28 VollaPhone kernel:    8regs     :  2551.000 MB/sec
Apr 04 22:24:28 VollaPhone kernel:    8regs_prefetch:  2331.000 MB/sec
Apr 04 22:24:28 VollaPhone kernel:    32regs    :  2927.000 MB/sec
Apr 04 22:24:28 VollaPhone kernel:    32regs_prefetch:  2640.000 MB/sec
Apr 04 22:24:28 VollaPhone kernel: xor: using function: 32regs (2927.000 MB/sec)
Apr 04 22:24:28 VollaPhone kernel: pinctrl core: initialized pinctrl subsystem
Apr 04 22:24:28 VollaPhone kernel: [PLAT DBG INFO] 0xd8a3: 0x11d80c(ffffff8009c3e80c), 64
Apr 04 22:24:28 VollaPhone kernel: [PLAT DBG INFO] 0xe31c: 0x11d84c(ffffff8009c4084c), 16
Apr 04 22:24:28 VollaPhone kernel: [PLAT DBG INFO] 0x0: 0x0(          (null)), 0
Apr 04 22:24:28 VollaPhone kernel: mtk_wdt_get_base_addr: compatible node found: toprgu
Apr 04 22:24:28 VollaPhone kernel: NET: Registered protocol family 16
Apr 04 22:24:28 VollaPhone kernel: ramoops: using module parameters
Apr 04 22:24:28 VollaPhone kernel: ramoops: pstore:address is 0x54410000, size is 0xe0000, console_size is 0x40000, pmsg_size is 0x10000
Apr 04 22:24:28 VollaPhone kernel: console [pstore-1] enabled
Apr 04 22:24:28 VollaPhone kernel: pstore: Registered ramoops as persistent store backend
Apr 04 22:24:28 VollaPhone kernel: ramoops: attached 0xe0000@0x54410000, ecc: 0/0
Apr 04 22:24:28 VollaPhone kernel: [EMI] dram_type(3)
Apr 04 22:24:28 VollaPhone kernel: [EMI] ch_num(2)
Apr 04 22:24:28 VollaPhone kernel: [EMI] rk_num(2)
Apr 04 22:24:28 VollaPhone kernel: [EMI] rank0_size(0x10)
Apr 04 22:24:28 VollaPhone kernel: [EMI] rank1_size(0x10)
Apr 04 22:24:28 VollaPhone kernel: PWRAP reg: 0xffffff8009dba000,  irq: 12
Apr 04 22:24:28 VollaPhone kernel: ------------[ cut here ]------------
Apr 04 22:24:28 VollaPhone kernel: WARNING: CPU: 1 PID: 0 at /parentroot/parentroot/data/piggz/mer/android/droid.yggdrasil/kernel/volla/mt6763/drivers/misc/mediatek/pmic_wrap/mt6763/pwrap_hal.c:1485 mt_pmic_wrap_irq+0xec/0xf0()
Apr 04 22:24:28 VollaPhone kernel: Modules linked in:
Apr 04 22:24:28 VollaPhone kernel: CPU: 1 PID: 0 Comm: swapper/1 Not tainted 4.4.146+ #16
Apr 04 22:24:28 VollaPhone kernel: Hardware name: MT6763V/V (DT)
Apr 04 22:24:28 VollaPhone kernel: Call trace:
Apr 04 22:24:28 VollaPhone kernel: [<ffffff800808b3dc>] dump_backtrace+0x0/0x1bc
Apr 04 22:24:28 VollaPhone kernel: [<ffffff800808b7a8>] show_stack+0x14/0x1c
Apr 04 22:24:28 VollaPhone kernel: [<ffffff8008484d58>] dump_stack+0x98/0xb8
Apr 04 22:24:28 VollaPhone kernel: [<ffffff80080a4304>] warn_slowpath_null+0x78/0xd0
Apr 04 22:24:28 VollaPhone kernel: [DRAMC] dram info dram rank number = 2
Apr 04 22:24:28 VollaPhone kernel: dram_dummy_read_fixup: 0x000000013ffff000
Apr 04 22:24:28 VollaPhone kernel: [DRAMC] dram info dram rank0 base = 0x6ffbf000
Apr 04 22:24:28 VollaPhone kernel: [DRAMC] dram info dram rank1 base = 0x13ffff000
Apr 04 22:24:28 VollaPhone kernel: [DRAMC]find dt_scan_dram_info
Apr 04 22:24:28 VollaPhone kernel: [<ffffff800864e208>] mt_pmic_wrap_irq+0xec/0xf0
Apr 04 22:24:28 VollaPhone kernel: [<ffffff800811afb8>] handle_irq_event_percpu+0x78/0x29c
Apr 04 22:24:28 VollaPhone kernel: mtk_wdt_init ok
Apr 04 22:24:28 VollaPhone kernel: [<ffffff800811b220>] handle_irq_event+0x44/0x74
Apr 04 22:24:28 VollaPhone kernel: [<ffffff800811eb54>] handle_fasteoi_irq+0xb4/0x1b4
Apr 04 22:24:28 VollaPhone kernel: [<ffffff800811a440>] generic_handle_irq+0x24/0x38
Apr 04 22:24:28 VollaPhone kernel: [<ffffff800811a778>] __handle_domain_irq+0xa4/0x260
Apr 04 22:24:28 VollaPhone kernel: [<ffffff80080818a0>] gic_handle_irq+0xf4/0x1a0
Apr 04 22:24:28 VollaPhone kernel: Exception stack(0xffffffc03d677cc0 to 0xffffffc03d677df0)
Apr 04 22:24:28 VollaPhone kernel: 7cc0: ffffff8009277008 0000004066a18000 0000000000000000 0000000000000000
Apr 04 22:24:28 VollaPhone kernel: 7ce0: 0000000000000000 0000000487ab0000 00000000fffedb1b 0000000000000000
Apr 04 22:24:28 VollaPhone kernel: 7d00: ffffffc03d652a20 ffffffc03d677e70 00000000000009c0 00000000007db3f8
Apr 04 22:24:28 VollaPhone kernel: 7d20: 0000000000000001 0000000000000303 0000000000b77da3 00000000e11d663e
Apr 04 22:24:28 VollaPhone kernel: 7d40: 000000000682054e 00000000432aff97 0000000079bdfef3 ffffff8009277000
Apr 04 22:24:28 VollaPhone kernel: 7d60: ffffff800978b000 ffffff800978b810 0000000000000001 ffffff800963ba98
Apr 04 22:24:28 VollaPhone kernel: 7d80: 0000000000000000 0000000000000000 ffffff8008d9d3f0 ffffff8008d9d000
Apr 04 22:24:28 VollaPhone kernel: 7da0: ffffffc03d652000 ffffffc03d677ef0 ffffff80080864a0 ffffffc03d677ef0
Apr 04 22:24:28 VollaPhone kernel: 7dc0: ffffff80080864a4 0000000060400045 ffffff8008da2000 0000000000000000
Apr 04 22:24:28 VollaPhone kernel: 7de0: ffffffffffffffff 00000000000000fb
Apr 04 22:24:28 VollaPhone kernel: [<ffffff80080852f0>] el1_irq+0xf0/0x198
Apr 04 22:24:28 VollaPhone kernel: [<ffffff80080864a4>] arch_cpu_idle+0x3c/0x180
Apr 04 22:24:28 VollaPhone kernel: [<ffffff8008106448>] default_idle_call+0x18/0x2c
Apr 04 22:24:28 VollaPhone kernel: [<ffffff80081067c0>] cpu_startup_entry+0x364/0x3fc
Apr 04 22:24:28 VollaPhone kernel: [<ffffff8008091218>] secondary_start_kernel+0x254/0x404
Apr 04 22:24:28 VollaPhone kernel: [<0000000040d8d03c>] 0x40d8d03c
Apr 04 22:24:28 VollaPhone kernel: ---[ end trace 837f6958c90d49b9 ]---
Apr 04 22:24:28 VollaPhone kernel: cpuidle: using governor menu
Apr 04 22:24:28 VollaPhone kernel: cpuidle: using governor mtk_menu
Apr 04 22:24:28 VollaPhone kernel: Power/swap IDLE BLOCKING INFO SETTING FAIL (type:3)
Apr 04 22:24:28 VollaPhone kernel: vdso: 2 pages (1 code @ ffffff8008d9c000, 1 data @ ffffff8009639000)
Apr 04 22:24:28 VollaPhone kernel: hw-breakpoint: found 6 breakpoint and 4 watchpoint registers.
Apr 04 22:24:28 VollaPhone kernel: DMA: preallocated 256 KiB pool for atomic allocations
Apr 04 22:24:28 VollaPhone kernel: [EIC] no built in eint hw deb property
Apr 04 22:24:28 VollaPhone kernel: [EIC] builtin_mapping: spec=11, len=21
Apr 04 22:24:28 VollaPhone kernel: [EIC] debtime_setting: entry=10, spec=0, len=20
Apr 04 22:24:28 VollaPhone kernel: [Power/PPM] @ppm_main_data_init: cluster_num = 2
Apr 04 22:24:28 VollaPhone kernel: [Power/PPM] @ppm_main_data_init: ppm cluster 0 -> core_num = 4, cpu_id = 0
Apr 04 22:24:28 VollaPhone kernel: [Power/PPM] @ppm_main_data_init: ppm cluster 1 -> core_num = 4, cpu_id = 4
Apr 04 22:24:28 VollaPhone kernel: [Power/PPM] @ppm_main_data_init: done!
Apr 04 22:24:28 VollaPhone kernel: [Power/PPM] @ppm_main_pdrv_probe: ppm probe done!
Apr 04 22:24:28 VollaPhone kernel: [Power/PPM] ppm_profile_init done
Apr 04 22:24:28 VollaPhone kernel: [Power/PPM] ppm driver init done!
Apr 04 22:24:28 VollaPhone kernel: ### CIRQ init done. ###
Apr 04 22:24:28 VollaPhone kernel: [TRNG] module init
Apr 04 22:24:28 VollaPhone kernel: [DISP]init_log_buffer success
Apr 04 22:24:28 VollaPhone kernel: 
                                    MTK_SIP_KERNEL_WDT - 0xffffff80088e11c0
Apr 04 22:24:28 VollaPhone kernel: 
                                    atf_aee_debug_virt_addr = 0xffffff8009e18000
Apr 04 22:24:28 VollaPhone kernel: mrdump_cblock_init: done.
Apr 04 22:24:28 VollaPhone kernel: mrdump_platform_init: MT-RAMDUMP init failed, lk version  not matched.
Apr 04 22:24:28 VollaPhone kernel: mrdump_wd_dram_reserved_mode: DDR Reserved Mode ready or not? (yes)
Apr 04 22:24:28 VollaPhone kernel: mtk_wdt_swsysret_config: before set wdt_sys_val =8000
Apr 04 22:24:28 VollaPhone kernel: mtk_wdt_swsysret_config: after set wdt_sys_val =8000,wdt_sys_val=88008000
Apr 04 22:24:28 VollaPhone kernel: mtk_rgu_dram_reserved: MTK_WDT_MODE(0xdd)
Apr 04 22:24:28 VollaPhone kernel: mrdump_wd_dram_reserved_mode: DDR reserved mode enabled
Apr 04 22:24:28 VollaPhone kernel: mrdump_hw_init: init_done.
Apr 04 22:24:28 VollaPhone kernel: mirdump: reserved 544f0000+3000->ffffff8009e1d000
Apr 04 22:24:28 VollaPhone kernel: mt6763 pinctrl probe
Apr 04 22:24:28 VollaPhone kernel: mtk_pctrl_init------ ok
Apr 04 22:24:28 VollaPhone kernel: mtk wdt driver probe ..
Apr 04 22:24:28 VollaPhone kernel: ext_debugkey_eint=-1
Apr 04 22:24:28 VollaPhone kernel: [EMI] module probe.
Apr 04 22:24:28 VollaPhone kernel: [EMI DBG] INFRACFG_BASE@ ffffff8009e44000
Apr 04 22:24:28 VollaPhone kernel: [EMI DBG] INFRA_AO_BASE@ ffffff8009e46000
Apr 04 22:24:28 VollaPhone kernel: [EMI DBG] PERICFG_BASE@ ffffff8009e48000
Apr 04 22:24:28 VollaPhone kernel: [EMI] get CEN_EMI_BASE @ ffffff8009e3c000
Apr 04 22:24:28 VollaPhone kernel: [EMI] get EMI_MPU_BASE @ ffffff8009e3e000
Apr 04 22:24:28 VollaPhone kernel: [EMI] get CH0_EMI_BASE @ ffffff8009e40000
Apr 04 22:24:28 VollaPhone kernel: [EMI] get CH1_EMI_BASE @ ffffff8009e42000
Apr 04 22:24:28 VollaPhone kernel: [MPU] initialize EMI MPU
Apr 04 22:24:28 VollaPhone kernel: [MPU] get MPU IRQ: 45
Apr 04 22:24:28 VollaPhone kernel: [DRAMC] module probe.
Apr 04 22:24:28 VollaPhone kernel: [DRAMC]get DRAMC_AO_CHA_BASE_ADDR @ ffffff8009e4c000
Apr 04 22:24:28 VollaPhone kernel: [DRAMC]get DRAMC_AO_CHB_BASE_ADDR @ ffffff8009e50000
Apr 04 22:24:28 VollaPhone kernel: [DRAMC]get DDRPHY_AO_CHA_BASE_ADDR @ ffffff8009e58000
Apr 04 22:24:28 VollaPhone kernel: [DRAMC]get DDRPHY_AO_CHB_BASE_ADDR @ ffffff8009e5c000
Apr 04 22:24:28 VollaPhone kernel: [DRAMC]get DRAMC_NAO_CHA_BASE_ADDR @ ffffff8009e54000
Apr 04 22:24:28 VollaPhone kernel: [DRAMC]get DRAMC_NAO_CHB_BASE_ADDR @ ffffff8009e56000
Apr 04 22:24:28 VollaPhone kernel: [DRAMC]get DDRPHY_NAO_CHA_BASE_ADDR @ ffffff8009843000
Apr 04 22:24:28 VollaPhone kernel: [DRAMC]get DDRPHY_NAO_CHB_BASE_ADDR @ ffffffc03d60fa20
Apr 04 22:24:28 VollaPhone kernel: [DRAMC]get SLEEP_BASE_ADDR @ ffffff8009e60000
Apr 04 22:24:28 VollaPhone kernel: [DRAMC]get SYS_TIMER_BASE_ADDR @ ffffff8009e62000
Apr 04 22:24:28 VollaPhone kernel: [DRAMC Driver] dram type =3
Apr 04 22:24:28 VollaPhone kernel: [DRAMC Driver] Channel num =2
Apr 04 22:24:28 VollaPhone kernel: [DRAMC Driver] cbt mode =0
Apr 04 22:24:28 VollaPhone kernel: [DRAMC Driver] Dram Data Rate = 3000
Apr 04 22:24:28 VollaPhone kernel: [DRAMC Driver] shuffle_status = 0
Apr 04 22:24:28 VollaPhone kernel: [DRAMC Driver] dram can support DFS
Apr 04 22:24:28 VollaPhone kernel: SSPM is ready to service IPI
Apr 04 22:24:28 VollaPhone kernel: disp driver(1) disp_probe begin
Apr 04 22:24:28 VollaPhone kernel: disp driver(1) disp_probe end
Apr 04 22:24:28 VollaPhone kernel: [pid=1]g_mmdvfs_step_util init with lp4 2-ch
Apr 04 22:24:28 VollaPhone kernel: [pid=1]g_mmdvfs_step_util init
Apr 04 22:24:28 VollaPhone kernel: systracker probe
Apr 04 22:24:28 VollaPhone kernel: of_iomap for systracker @ 0xffffff8009e88000
Apr 04 22:24:28 VollaPhone kernel: [systracker] bus_dbg_con is in infra
Apr 04 22:24:28 VollaPhone kernel: systracker_platform_probe_default:113: irq # 50
Apr 04 22:24:28 VollaPhone kernel: [cpu_ntf] <00>ffffff80081fe0cc (memcg_cpu_hotplug_callback)
Apr 04 22:24:28 VollaPhone kernel: [cpu_ntf] <00>ffffff80084699fc (blk_cpu_notify)
Apr 04 22:24:28 VollaPhone kernel: [cpu_ntf] <00>ffffff800846a184 (blk_iopoll_cpu_notify)
Apr 04 22:24:28 VollaPhone kernel: [cpu_ntf] <00>ffffff8008470a8c (blk_mq_main_cpu_notify)
Apr 04 22:24:28 VollaPhone kernel: [cpu_ntf] <00>ffffff800846b23c (blk_mq_queue_reinit_notify)
Apr 04 22:24:28 VollaPhone kernel: raid6: int64x1  gen()   463 MB/s
Apr 04 22:24:28 VollaPhone kernel: raid6: int64x1  xor()   518 MB/s
Apr 04 22:24:28 VollaPhone kernel: raid6: int64x2  gen()   702 MB/s
Apr 04 22:24:28 VollaPhone kernel: #@# __spm_check_dram_type(540) __spmfw_idx 0x0
Apr 04 22:24:28 VollaPhone kernel: raid6: int64x2  xor()   636 MB/s
Apr 04 22:24:28 VollaPhone kernel: raid6: int64x4  gen()  1053 MB/s
Apr 04 22:24:28 VollaPhone kernel: raid6: int64x4  xor()   786 MB/s
Apr 04 22:24:28 VollaPhone kernel: raid6: int64x8  gen()  1094 MB/s
Apr 04 22:24:28 VollaPhone kernel: raid6: int64x8  xor()   768 MB/s
Apr 04 22:24:28 VollaPhone kernel: raid6: neonx1   gen()   701 MB/s
Apr 04 22:24:28 VollaPhone kernel: raid6: neonx1   xor()   736 MB/s
Apr 04 22:24:28 VollaPhone kernel: raid6: neonx2   gen()  1138 MB/s
Apr 04 22:24:28 VollaPhone kernel: raid6: neonx2   xor()  1018 MB/s
Apr 04 22:24:28 VollaPhone kernel: raid6: neonx4   gen()  1523 MB/s
Apr 04 22:24:28 VollaPhone kernel: raid6: neonx4   xor()  1196 MB/s
Apr 04 22:24:28 VollaPhone kernel: raid6: neonx8   gen()  1364 MB/s
Apr 04 22:24:28 VollaPhone kernel: raid6: neonx8   xor()  1131 MB/s
Apr 04 22:24:28 VollaPhone kernel: raid6: using algorithm neonx4 gen() 1523 MB/s
Apr 04 22:24:28 VollaPhone kernel: raid6: .... xor() 1196 MB/s, rmw enabled
Apr 04 22:24:28 VollaPhone kernel: raid6: using intx1 recovery algorithm
Apr 04 22:24:28 VollaPhone kernel: mcdi_sysram_base = ffffff8009e8c000
Apr 04 22:24:28 VollaPhone kernel: [M4U] mau_start_monitor [0], start=0x0, end=0xfffff, write: 1, port_mask=0xffffffff, larb_mask=0xffffffff
Apr 04 22:24:28 VollaPhone kernel: [M4U] mau_start_monitor [1], start=0x0, end=0xfffff, write: 0, port_mask=0xffffffff, larb_mask=0xffffffff
Apr 04 22:24:28 VollaPhone kernel: mt6370_init (2.0.1_MTK): initializing...
Apr 04 22:24:28 VollaPhone kernel: usb_type_c node found...
Apr 04 22:24:28 VollaPhone kernel: tcpc_class_init (2.0.8_MTK)
Apr 04 22:24:28 VollaPhone kernel: SVDM supported mode [0]: name = DisplayPort, svid = 0xff01
Apr 04 22:24:28 VollaPhone kernel: SVDM supported mode [1]: name = Direct Charge, svid = 0x29cf
Apr 04 22:24:28 VollaPhone kernel: dpm_check_supported_modes : found "disorder"...
Apr 04 22:24:28 VollaPhone kernel: TCPC class init OK
Apr 04 22:24:28 VollaPhone kernel: [CMDQ]Register 1 monitor task CB (cmdq_mdp_start_task_atomic_virtual,cmdq_mdp_finish_task_atomic_virtual)
Apr 04 22:24:28 VollaPhone kernel: [CMDQ][CMDQ] platform_dev dev:ffffffc03bf51c10 PA:0x0000000010238000 VA:ffffff8009e9e000 irqId:58 irqSecId:59 clk gce:0xffffffc03b8c2540 timer:0xffffffc03b8c25c0
Apr 04 22:24:28 VollaPhone kernel: [CMDQ]set dma mask result: 0
Apr 04 22:24:28 VollaPhone kernel: [CMDQ]DEV: VA ref(mmsys_config): 0xffffff8009ea0000
Apr 04 22:24:28 VollaPhone kernel: [CMDQ]DEV: VA ref(mdp_rdma0): 0xffffff8009ea2000
Apr 04 22:24:28 VollaPhone kernel: [CMDQ]DEV: VA ref(mdp_rsz0): 0xffffff8009ea4000
Apr 04 22:24:28 VollaPhone kernel: [CMDQ]DEV: VA ref(mdp_rsz1): 0xffffff8009ea6000
Apr 04 22:24:28 VollaPhone kernel: [CMDQ]DEV: VA ref(mdp_wdma0): 0xffffff8009ea8000
Apr 04 22:24:28 VollaPhone kernel: [CMDQ]DEV: VA ref(mdp_wrot0): 0xffffff8009eaa000
Apr 04 22:24:28 VollaPhone kernel: [CMDQ]DEV: VA ref(mdp_tdshp0): 0xffffff8009eac000
Apr 04 22:24:28 VollaPhone kernel: [CMDQ]DEV: VA ref(disp_color0): 0xffffff8009eae000
Apr 04 22:24:28 VollaPhone kernel: [CMDQ]DEV: VA ref(venc): 0xffffff8009eb0000
Apr 04 22:24:28 VollaPhone kernel: [CMDQ]DEV: PA ref(mm_mutex): start = 0x0000000014016000
Apr 04 22:24:28 VollaPhone kernel: [CMDQ]free CPR size:544 thread:16
Apr 04 22:24:28 VollaPhone kernel: [CMDQ]SRAM Chunk New-32bit unit: start: 0x0, count: 64, Name: Fake SPR
Apr 04 22:24:28 VollaPhone kernel: [CMDQ]CPR for thread allocated, thread:16 free:1920
Apr 04 22:24:28 VollaPhone kernel: [CMDQ]SRAM Chunk New-32bit unit: start: 0x40, count: 10, Name: Delay CPR
Apr 04 22:24:28 VollaPhone kernel: [ccci0/util]opt_md2_support using default
Apr 04 22:24:28 VollaPhone kernel: [ccci0/util]opt_md5_support using default
Apr 04 22:24:28 VollaPhone kernel: [ccci0/util]opt_irat_support using default
Apr 04 22:24:28 VollaPhone kernel: [PHY layout]ccci_md0 at LK  :  0xb0000000 - 0xbf7fffff  (0xf800000)
Apr 04 22:24:28 VollaPhone kernel: Freeing modem memory: 180288K from phys b37f0000
Apr 04 22:24:28 VollaPhone kernel: free_reserved_memory: 0xb37f0000 ~ 0xbe800000
Apr 04 22:24:28 VollaPhone kernel: Freeing modem memory: 5504K from phys b12a0000
Apr 04 22:24:28 VollaPhone kernel: free_reserved_memory: 0xb12a0000 ~ 0xb1800000
Apr 04 22:24:28 VollaPhone kernel: Freeing modem memory: 320K from phys b11b0000
Apr 04 22:24:28 VollaPhone kernel: free_reserved_memory: 0xb11b0000 ~ 0xb1200000
Apr 04 22:24:28 VollaPhone kernel: Freeing modem memory: 64K from phys b37b0000
Apr 04 22:24:28 VollaPhone kernel: free_reserved_memory: 0xb37b0000 ~ 0xb37c0000
Apr 04 22:24:28 VollaPhone kernel: Freeing modem memory: 8192K from phys bf800000
Apr 04 22:24:28 VollaPhone kernel: free_reserved_memory: 0xbf800000 ~ 0xc0000000
Apr 04 22:24:28 VollaPhone kernel: [PHY layout]ccci_share_mem at LK  :  0x80000000 - 0x800fffff  (0x100000)
Apr 04 22:24:28 VollaPhone kernel: [ccci0/util]using 0 as MTEE support
Apr 04 22:24:28 VollaPhone kernel: [ccci0/util]Using default META MD setting[0][0]
Apr 04 22:24:28 VollaPhone kernel: Init Richtek RegMap 1.1.13_G
Apr 04 22:24:28 VollaPhone kernel: SCSI subsystem initialized
Apr 04 22:24:28 VollaPhone kernel: mt-spi 1100a000.spi: master is unqueued, this is deprecated
Apr 04 22:24:28 VollaPhone kernel: mt-spi 11010000.spi: master is unqueued, this is deprecated
Apr 04 22:24:28 VollaPhone kernel: mt-spi 11012000.spi: master is unqueued, this is deprecated
Apr 04 22:24:28 VollaPhone kernel: mt-spi 11013000.spi: master is unqueued, this is deprecated
Apr 04 22:24:28 VollaPhone kernel: mt-spi 11018000.spi: master is unqueued, this is deprecated
Apr 04 22:24:28 VollaPhone kernel: mt-spi 11019000.spi: master is unqueued, this is deprecated
Apr 04 22:24:28 VollaPhone kernel: usbcore: registered new interface driver usbfs
Apr 04 22:24:28 VollaPhone kernel: usbcore: registered new interface driver hub
Apr 04 22:24:28 VollaPhone kernel: usbcore: registered new device driver usb
Apr 04 22:24:28 VollaPhone kernel: mt_charger_probe
Apr 04 22:24:28 VollaPhone kernel: Advanced Linux Sound Architecture Driver Initialized.
Apr 04 22:24:28 VollaPhone kernel: [cpu_ntf] <00>ffffff8008b73240 (dev_cpu_callback)
Apr 04 22:24:28 VollaPhone kernel: Bluetooth: Core ver 2.21
Apr 04 22:24:28 VollaPhone kernel: NET: Registered protocol family 31
Apr 04 22:24:28 VollaPhone kernel: Bluetooth: HCI device and connection manager initialized
Apr 04 22:24:28 VollaPhone kernel: Bluetooth: HCI socket layer initialized
Apr 04 22:24:28 VollaPhone kernel: Bluetooth: L2CAP socket layer initialized
Apr 04 22:24:28 VollaPhone kernel: Bluetooth: SCO socket layer initialized
Apr 04 22:24:28 VollaPhone kernel: ------------[ cut here ]------------
Apr 04 22:24:28 VollaPhone kernel: WARNING: CPU: 4 PID: 1 at /parentroot/parentroot/data/piggz/mer/android/droid.yggdrasil/kernel/volla/mt6763/net/wireless/reg.c:523 regulatory_init+0xa4/0x1f8()
Apr 04 22:24:28 VollaPhone kernel: db.txt is empty, you should update it...
Apr 04 22:24:28 VollaPhone kernel: Modules linked in:
Apr 04 22:24:28 VollaPhone kernel: 
Apr 04 22:24:28 VollaPhone kernel: CPU: 4 PID: 1 Comm: swapper/0 Tainted: G        W       4.4.146+ #16
Apr 04 22:24:28 VollaPhone kernel: Hardware name: MT6763V/V (DT)
Apr 04 22:24:28 VollaPhone kernel: Call trace:
Apr 04 22:24:28 VollaPhone kernel: [<ffffff800808b3dc>] dump_backtrace+0x0/0x1bc
Apr 04 22:24:28 VollaPhone kernel: [<ffffff800808b7a8>] show_stack+0x14/0x1c
Apr 04 22:24:28 VollaPhone kernel: [<ffffff8008484d58>] dump_stack+0x98/0xb8
Apr 04 22:24:28 VollaPhone kernel: [<ffffff80080a4548>] warn_slowpath_common+0x9c/0xd0
Apr 04 22:24:28 VollaPhone kernel: [<ffffff80080a45dc>] warn_slowpath_fmt+0x60/0x80
Apr 04 22:24:28 VollaPhone kernel: [<ffffff80092529d4>] regulatory_init+0xa4/0x1f8
Apr 04 22:24:28 VollaPhone kernel: [<ffffff80092528b0>] cfg80211_init+0x74/0xf4
Apr 04 22:24:28 VollaPhone kernel: [<ffffff8008081fb4>] do_one_initcall+0xa4/0x1cc
Apr 04 22:24:28 VollaPhone kernel: [<ffffff80091f4c74>] kernel_init_freeable+0x19c/0x25c
Apr 04 22:24:28 VollaPhone kernel: [<ffffff8008d86acc>] kernel_init+0x18/0x138
Apr 04 22:24:28 VollaPhone kernel: [<ffffff8008085b60>] ret_from_fork+0x10/0x30
Apr 04 22:24:28 VollaPhone kernel: ---[ end trace 837f6958c90d49ba ]---
Apr 04 22:24:28 VollaPhone kernel: clocksource: Switched to clocksource arch_sys_counter
Apr 04 22:24:28 VollaPhone kernel: [Power/cpufreq] (0, 1, 0)
Apr 04 22:24:28 VollaPhone kernel: [Power/cpufreq] DVFS - @(Record)cpuhvfs_pvt_tbl_create----->(ffffff800a304c10)
Apr 04 22:24:28 VollaPhone kernel: [regulator_register] pass to register vs1, min_uV:1200000 max_uV:2787500
Apr 04 22:24:28 VollaPhone kernel: [regulator_register] pass to register vmodem, min_uV:500000 max_uV:1293750
Apr 04 22:24:28 VollaPhone kernel: [regulator_register] pass to register vcore, min_uV:500000 max_uV:1293750
Apr 04 22:24:28 VollaPhone kernel: [regulator_register] pass to register vproc, min_uV:500000 max_uV:1293750
Apr 04 22:24:28 VollaPhone kernel: [regulator_register] pass to register vs2, min_uV:1200000 max_uV:2787500
Apr 04 22:24:28 VollaPhone kernel: [regulator_register] pass to register vpa, min_uV:500000 max_uV:3650000
Apr 04 22:24:28 VollaPhone kernel: [mt_idle_ntf] <00>ffffff800863c898 (pmic_auxadc_notify_call)
Apr 04 22:24:28 VollaPhone kernel: Get default car_tune_value= 1000
Apr 04 22:24:28 VollaPhone kernel: Get default r_fg_value= 100
Apr 04 22:24:28 VollaPhone kernel:  pimix = 110
Apr 04 22:24:28 VollaPhone kernel: [BLOCK_TAG] DRAM: 0x0000000040000000 - 0x0000000140000000, size: 0x100000000
Apr 04 22:24:28 VollaPhone kernel: [ION]ion_init()
Apr 04 22:24:28 VollaPhone kernel: [ION]ion_drv_probe() heap_nr=9
Apr 04 22:24:28 VollaPhone kernel: ion_heap_create: Heap type is disabled: 1
Apr 04 22:24:28 VollaPhone kernel: ion_mtk_heap_create: error creating heap ion_system_contig_heap type 1 base 0 size 0
Apr 04 22:24:28 VollaPhone kernel: [ION]ion_sec_heap_create error: not support
Apr 04 22:24:28 VollaPhone kernel: ion_mtk_heap_create: error creating heap ion_sec_heap type 13 base 0 size 0
Apr 04 22:24:28 VollaPhone kernel: [ION]ion_sec_heap_create error: not support
Apr 04 22:24:28 VollaPhone kernel: ion_mtk_heap_create: error creating heap ion_sec_heap_prot type 13 base 0 size 0
Apr 04 22:24:28 VollaPhone kernel: [ION]ion_sec_heap_create error: not support
Apr 04 22:24:28 VollaPhone kernel: ion_mtk_heap_create: error creating heap ion_sec_heap_2d_fr type 13 base 0 size 0
Apr 04 22:24:28 VollaPhone kernel: [ION]ion_sec_heap_create error: not support
Apr 04 22:24:28 VollaPhone kernel: ion_mtk_heap_create: error creating heap ion_sec_heap_wfd type 13 base 0 size 0
Apr 04 22:24:28 VollaPhone kernel: [ION]ion_init fd register notifer fail
Apr 04 22:24:28 VollaPhone kernel: NET: Registered protocol family 2
Apr 04 22:24:28 VollaPhone kernel: TCP established hash table entries: 32768 (order: 6, 262144 bytes)
Apr 04 22:24:28 VollaPhone kernel: TCP bind hash table entries: 32768 (order: 7, 524288 bytes)
Apr 04 22:24:28 VollaPhone kernel: TCP: Hash tables configured (established 32768 bind 32768)
Apr 04 22:24:28 VollaPhone kernel: UDP hash table entries: 2048 (order: 4, 65536 bytes)
Apr 04 22:24:28 VollaPhone kernel: UDP-Lite hash table entries: 2048 (order: 4, 65536 bytes)
Apr 04 22:24:28 VollaPhone kernel: NET: Registered protocol family 1
Apr 04 22:24:28 VollaPhone kernel: [Power/clkbuf]clk_buf_dump_dts_log: PMIC_CLK_BUF?_STATUS=2 1 1 2 0 0 1
Apr 04 22:24:28 VollaPhone kernel: [Power/clkbuf]clk_buf_dump_dts_log: PMIC_CLK_BUF?_DRV_CURR=-1 -1 -1 -1 -1 -1 -1
Apr 04 22:24:28 VollaPhone kernel: [Power/clkbuf]clk_buf_dump_clkbuf_log DCXO_CW00=0x4e1d, CW02=0x3aee, CW11=0xb800, CW14=0x82b5, CW16=0x9455, top_spi_con1=0x0
Apr 04 22:24:28 VollaPhone kernel: [Power/clkbuf]clk_buf_ctrl_internal: id=6, onoff=0
Apr 04 22:24:28 VollaPhone kernel: Unpacking initramfs...
Apr 04 22:24:28 VollaPhone kernel: Freeing initrd memory: 4128K
Apr 04 22:24:28 VollaPhone kernel: [cpu_ntf] <00>ffffff8008aa82c8 (cpu_pmu_notify)
Apr 04 22:24:28 VollaPhone kernel: hw perfevents: enabled with armv8_pmuv3 PMU driver, 7 counters available
Apr 04 22:24:28 VollaPhone kernel: audit: initializing netlink subsys (disabled)
Apr 04 22:24:28 VollaPhone kernel: audit: type=2000 audit(1.732:1): initialized
Apr 04 22:24:28 VollaPhone kernel: Initialise system trusted keyring
Apr 04 22:24:28 VollaPhone kernel: [cpu_ntf] <00>ffffff80081bff94 (cpu_callback)
Apr 04 22:24:28 VollaPhone kernel: VFS: Disk quotas dquot_6.6.0
Apr 04 22:24:28 VollaPhone kernel: VFS: Dquot-cache hash table entries: 512 (order 0, 4096 bytes)
Apr 04 22:24:28 VollaPhone kernel: squashfs: version 4.0 (2009/01/31) Phillip Lougher
Apr 04 22:24:28 VollaPhone kernel: Registering sdcardfs 0.1
Apr 04 22:24:28 VollaPhone kernel: fuse init (API version 7.23)
Apr 04 22:24:28 VollaPhone kernel: SELinux:  Registering netfilter hooks
Apr 04 22:24:28 VollaPhone kernel: Key type asymmetric registered
Apr 04 22:24:28 VollaPhone kernel: Asymmetric key parser 'x509' registered
Apr 04 22:24:28 VollaPhone kernel: io scheduler noop registered
Apr 04 22:24:28 VollaPhone kernel: io scheduler deadline registered
Apr 04 22:24:28 VollaPhone kernel: io scheduler cfq registered (default)
Apr 04 22:24:28 VollaPhone kernel: [cpu_ntf] <00>ffffff80084b6200 (percpu_counter_hotcpu_callback)
Apr 04 22:24:28 VollaPhone kernel: Unable to detect cache hierarchy for CPU 0
Apr 04 22:24:28 VollaPhone kernel: loop: module loaded
Apr 04 22:24:28 VollaPhone kernel: zram: Added device: zram0
Apr 04 22:24:28 VollaPhone kernel: [Power/gpufreq] @mt_gpufreq_init
Apr 04 22:24:28 VollaPhone kernel: [Power/gpufreq] @mt_gpufreq_pdrv_probe: I am 6763 (10)
Apr 04 22:24:28 VollaPhone kernel: [Power/spower] 3/15/13/7/5/2/3/
Apr 04 22:24:28 VollaPhone kernel: [Power/gpufreq] setup gpufreqs table
Apr 04 22:24:28 VollaPhone kernel: [Power/gpufreq] @mt_setup_gpufreqs_table: g_cur_gpu_freq = 950000, g_cur_gpu_volt = 90000
Apr 04 22:24:28 VollaPhone kernel: [Power/gpufreq] mt_gpufreqs_power[0].gpufreq_khz = 700000
Apr 04 22:24:28 VollaPhone kernel: [Power/gpufreq] mt_gpufreqs_power[0].gpufreq_volt = 80000
Apr 04 22:24:28 VollaPhone kernel: [Power/gpufreq] mt_gpufreqs_power[0].gpufreq_power = 575
Apr 04 22:24:28 VollaPhone kernel: [Power/gpufreq] mt_gpufreqs_power[1].gpufreq_khz = 530000
Apr 04 22:24:28 VollaPhone kernel: [Power/gpufreq] mt_gpufreqs_power[1].gpufreq_volt = 70000
Apr 04 22:24:28 VollaPhone kernel: [Power/gpufreq] mt_gpufreqs_power[1].gpufreq_power = 331
Apr 04 22:24:28 VollaPhone kernel: [PBM] feature_en: 1, pbm_drv_done: 0
Apr 04 22:24:28 VollaPhone kernel: [Power/gpufreq] GPU current frequency = 700000KHz
Apr 04 22:24:28 VollaPhone kernel: [Power/gpufreq] Current Vproc = 800mV
Apr 04 22:24:28 VollaPhone kernel: [Power/gpufreq] g_cur_gpu_freq = 700000, g_cur_gpu_volt = 80000
Apr 04 22:24:28 VollaPhone kernel: [Power/gpufreq] g_cur_gpu_idx = 0, g_cur_gpu_OPPidx = 0
Apr 04 22:24:28 VollaPhone kernel: [register_low_battery_notify] prio_val=2
Apr 04 22:24:28 VollaPhone kernel: [register_battery_percent_notify] prio_val=2
Apr 04 22:24:28 VollaPhone kernel: [register_battery_oc_notify] prio_val=2
Apr 04 22:24:28 VollaPhone kernel: [Power/cpufreq] (0, 1, 0)
Apr 04 22:24:28 VollaPhone kernel: [register_dlpt_notify] prio_val=0
Apr 04 22:24:28 VollaPhone kernel: [PBM] pbm_module_init : Done
Apr 04 22:24:28 VollaPhone kernel: Power_gs: pmic_manual_dump array malloc done
Apr 04 22:24:28 VollaPhone kernel: Power_gs: golden setting base_remap table malloc done
Apr 04 22:24:28 VollaPhone kernel: ------------[ cut here ]------------
Apr 04 22:24:28 VollaPhone kernel: WARNING: CPU: 5 PID: 1 at /parentroot/parentroot/data/piggz/mer/android/droid.yggdrasil/kernel/volla/mt6763/kernel/events/core.c:3359 perf_event_read_local+0x16c/0x178()
Apr 04 22:24:28 VollaPhone kernel: Modules linked in:
Apr 04 22:24:28 VollaPhone kernel: CPU: 5 PID: 1 Comm: swapper/0 Tainted: G        W       4.4.146+ #16
Apr 04 22:24:28 VollaPhone kernel: Hardware name: MT6763V/V (DT)
Apr 04 22:24:28 VollaPhone kernel: Call trace:
Apr 04 22:24:28 VollaPhone kernel: [<ffffff800808b3dc>] dump_backtrace+0x0/0x1bc
Apr 04 22:24:28 VollaPhone kernel: [<ffffff800808b7a8>] show_stack+0x14/0x1c
Apr 04 22:24:28 VollaPhone kernel: [<ffffff8008484d58>] dump_stack+0x98/0xb8
Apr 04 22:24:28 VollaPhone kernel: [<ffffff80080a4304>] warn_slowpath_null+0x78/0xd0
Apr 04 22:24:28 VollaPhone kernel: [<ffffff80081a0e64>] perf_event_read_local+0x16c/0x178
Apr 04 22:24:28 VollaPhone kernel: [<ffffff8008567c7c>] ppm_cpi_pmu_enable_locked+0x84/0x11c
Apr 04 22:24:28 VollaPhone kernel: [<ffffff8008567dc0>] ppm_cpi_pmu_probe_cpu+0xac/0x1e8
Apr 04 22:24:28 VollaPhone kernel: [<ffffff8008568184>] ppm_cpi_pmu_probe+0x54/0xc4
Apr 04 22:24:28 VollaPhone kernel: [<ffffff8009224ca8>] ppm_cpi_init+0xb0/0x118
Apr 04 22:24:28 VollaPhone kernel: [<ffffff8008081fb4>] do_one_initcall+0xa4/0x1cc
Apr 04 22:24:28 VollaPhone kernel: [<ffffff80091f4c74>] kernel_init_freeable+0x19c/0x25c
Apr 04 22:24:28 VollaPhone kernel: [<ffffff8008d86acc>] kernel_init+0x18/0x138
Apr 04 22:24:28 VollaPhone kernel: [<ffffff8008085b60>] ret_from_fork+0x10/0x30
Apr 04 22:24:28 VollaPhone kernel: ---[ end trace 837f6958c90d49bb ]---
Apr 04 22:24:28 VollaPhone kernel: [cpu_ntf] <00>ffffff8008568548 (ppm_cpi_notifier)
Apr 04 22:24:28 VollaPhone kernel: [Power/PPM] @ppm_cpi_init: CPI done! enable = 1
Apr 04 22:24:28 VollaPhone kernel: [Power/PPM] @ppm_dlpt_policy_init: register PPM_POLICY_DLPT done!
Apr 04 22:24:28 VollaPhone kernel: [Power/PPM] @ppm_sysboost_policy_init: register PPM_POLICY_SYS_BOOST done!
Apr 04 22:24:28 VollaPhone kernel: [Power/PPM] @ppm_ptpod_policy_init: register PPM_POLICY_PTPOD done!
Apr 04 22:24:28 VollaPhone kernel: [register_battery_percent_notify] prio_val=1
Apr 04 22:24:28 VollaPhone kernel: [register_battery_oc_notify] prio_val=1
Apr 04 22:24:28 VollaPhone kernel: [register_low_battery_notify] prio_val=1
Apr 04 22:24:28 VollaPhone kernel: [Power/PPM] @ppm_pwrthro_policy_init: register PPM_POLICY_PWR_THRO done!
Apr 04 22:24:28 VollaPhone kernel: [Power/PPM] @ppm_thermal_policy_init: register PPM_POLICY_THERMAL done!
Apr 04 22:24:28 VollaPhone kernel: [Power/PPM] @ppm_userlimit_policy_init: register PPM_POLICY_USER_LIMIT done!
Apr 04 22:24:28 VollaPhone kernel: [Power/PPM] @ppm_forcelimit_policy_init: register PPM_POLICY_FORCE_LIMIT done!
Apr 04 22:24:28 VollaPhone kernel: [Power/PPM] @ppm_ut_policy_init: register PPM_POLICY_UT done!
Apr 04 22:24:28 VollaPhone kernel: MT_SCHED: Init complete, device major number = 245
Apr 04 22:24:28 VollaPhone kernel: [cpu_ntf] <00>ffffff800858d02c (sched_cpu_notify)
Apr 04 22:24:28 VollaPhone kernel: 11002000.apuart0: ttyMT0 at MMIO 0x0 (irq = 6, base_baud = 1625000) is a MTK UART
Apr 04 22:24:28 VollaPhone kernel: 11003000.apuart1: ttyMT1 at MMIO 0x0 (irq = 9, base_baud = 1625000) is a MTK UART
Apr 04 22:24:28 VollaPhone kernel: Loading st21nfc driver
Apr 04 22:24:28 VollaPhone kernel: [MT AUXADC_probe3] get device tree info : start !!
Apr 04 22:24:28 VollaPhone kernel: [AUXADC_AP] find node TEMPERATURE:0
Apr 04 22:24:28 VollaPhone kernel: [AUXADC_AP] find node TEMPERATURE1:1
Apr 04 22:24:28 VollaPhone kernel: [AUXADC_AP] find node ADC_FDD_RF_PARAMS_DYNAMIC_CUSTOM_CH:2
Apr 04 22:24:28 VollaPhone kernel: [AUXADC_AP] find node BOARD_ID:3
Apr 04 22:24:28 VollaPhone kernel: [AUXADC_AP] find node BOARD_ID_2:4
Apr 04 22:24:28 VollaPhone kernel: [MT AUXADC_AP] adc_channel_info_init : done !!
Apr 04 22:24:28 VollaPhone kernel: pwm[mt_pwm_probe@ 1755]: +
Apr 04 22:24:28 VollaPhone kernel: [PWM] get PWM1-main clock, ffffffc03a6ee380
Apr 04 22:24:28 VollaPhone kernel: [PWM] get PWM2-main clock, ffffffc03a6ee400
Apr 04 22:24:28 VollaPhone kernel: [PWM] get PWM3-main clock, ffffffc03a6ee480
Apr 04 22:24:28 VollaPhone kernel: [PWM] get PWM4-main clock, ffffffc03a6ee500
Apr 04 22:24:28 VollaPhone kernel: [PWM] get PWM-HCLK-main clock, ffffffc03a6ee580
Apr 04 22:24:28 VollaPhone kernel: [PWM] get PWM-main clock, ffffffc03a6ee600
Apr 04 22:24:28 VollaPhone kernel: [ALS/PS] stk3x3x_init
Apr 04 22:24:28 VollaPhone kernel: stk3x3x_init Instk3x3x_init Out
Apr 04 22:24:28 VollaPhone kernel: [Gsensor] bmi160_acc_init
Apr 04 22:24:28 VollaPhone kernel: [21B blob data]
Apr 04 22:24:28 VollaPhone kernel: [PMIC] [pmic_register_interrupt_callback] register callback conflict intNo=154
Apr 04 22:24:28 VollaPhone kernel: [Accdet]accdet_mod_init begin!
Apr 04 22:24:28 VollaPhone kernel: [mt_accdet_probe]probe start..
Apr 04 22:24:28 VollaPhone kernel: input: ACCDET as /devices/virtual/input/input0
Apr 04 22:24:28 VollaPhone kernel: [accdet_get_dts_data]Start..
Apr 04 22:24:28 VollaPhone kernel: [accdet_get_dts_data]mid-Key = 80, up_key = 206, down_key = 400
Apr 04 22:24:28 VollaPhone kernel: [accdet_get_dts_data]pwm_width=0x500, pwm_thresh=0x500, mic_mode=1, mic_vol=6
Apr 04 22:24:28 VollaPhone kernel: [accdet_get_dts_data] deb0=0x800,deb1=0x800,deb3=0x20,deb4=0x44
Apr 04 22:24:28 VollaPhone kernel: [mt_accdet_probe]CONFIG_ACCDET_EINT opened!
Apr 04 22:24:28 VollaPhone kernel: [accdet_setup_eint]enter
Apr 04 22:24:28 VollaPhone kernel: [accdet_setup_eint]irq=681, deb=0
Apr 04 22:24:28 VollaPhone kernel: [mt_accdet_probe]probe done!
Apr 04 22:24:28 VollaPhone kernel: [Accdet]platform_driver_register done!
Apr 04 22:24:28 VollaPhone kernel: [Accdet]accdet_mod_init done!
Apr 04 22:24:28 VollaPhone kernel: usb_function_register name=via_gps
Apr 04 22:24:28 VollaPhone kernel: usb_function_register name=via_pcv
Apr 04 22:24:28 VollaPhone kernel: usb_function_register name=via_atc
Apr 04 22:24:28 VollaPhone kernel: usb_function_register name=via_ets
Apr 04 22:24:28 VollaPhone kernel: usb_function_register name=via_modem
Apr 04 22:24:28 VollaPhone kernel: C2K_USB_NOTE,<init 701>, rawbulk functions init.
Apr 04 22:24:28 VollaPhone kernel: C2K_USB_NOTE,<rawbulk_alloc_function 590>, rawbulk_alloc_function
Apr 04 22:24:28 VollaPhone kernel: C2K_USB_NOTE,<rawbulk_alloc_function 590>, rawbulk_alloc_function
Apr 04 22:24:28 VollaPhone kernel: C2K_USB_NOTE,<rawbulk_alloc_function 590>, rawbulk_alloc_function
Apr 04 22:24:28 VollaPhone kernel: C2K_USB_NOTE,<rawbulk_alloc_function 590>, rawbulk_alloc_function
Apr 04 22:24:28 VollaPhone kernel: C2K_USB_NOTE,<rawbulk_alloc_function 590>, rawbulk_alloc_function
Apr 04 22:24:28 VollaPhone kernel: C2K_USB_NOTE,<rawbulk_alloc_function 590>, rawbulk_alloc_function
Apr 04 22:24:28 VollaPhone kernel: C2K_USB_NOTE,<rawbulk_alloc_function 590>, rawbulk_alloc_function
Apr 04 22:24:28 VollaPhone kernel: C2K_USB_NOTE,<rawbulk_alloc_function 590>, rawbulk_alloc_function
Apr 04 22:24:28 VollaPhone kernel: C2K_USB_NOTE,<rawbulk_init 1249>, rawbulk_init
Apr 04 22:24:28 VollaPhone kernel: mtk_rtc_common: rtc_init
Apr 04 22:24:28 VollaPhone kernel: mtk_rtc_common: read al time = 2021/04/04 20:34:19 (1)
Apr 04 22:24:28 VollaPhone kernel: mt-rtc mt-rtc: rtc core: registered mt-rtc as rtc0
Apr 04 22:24:28 VollaPhone kernel: [MT6311] Kernel driver not support for SSPM
Apr 04 22:24:28 VollaPhone kernel: [MT6311] MT6311 not exist!, user space driver not probe
Apr 04 22:24:28 VollaPhone kernel: mt6356_gauge_probe: starts
Apr 04 22:24:28 VollaPhone kernel: mt6356_parse_dt: starts
Apr 04 22:24:28 VollaPhone kernel: musb-hdrc: version 6.0, ?dma?, otg (peripheral+host)
Apr 04 22:24:28 VollaPhone kernel: musb_probe mac=0xffffff800a620000, phy=0xffffff800a640000, irq=92
Apr 04 22:24:28 VollaPhone kernel: usb_phy_generic.0.auto supply vcc not found, using dummy regulator
Apr 04 22:24:28 VollaPhone kernel: musb-hdrc musb-hdrc: MUSB HDRC host driver
Apr 04 22:24:28 VollaPhone kernel: musb-hdrc musb-hdrc: new USB bus registered, assigned bus number 1
Apr 04 22:24:28 VollaPhone kernel: usb usb1: usb_get_descriptor type=1 sz=18
Apr 04 22:24:28 VollaPhone kernel: usb usb1: usb_get_descriptor type=2 sz=9
Apr 04 22:24:28 VollaPhone kernel: usb usb1: usb_get_descriptor type=2 sz=25
Apr 04 22:24:28 VollaPhone kernel: hub 1-0:1.0: USB hub found
Apr 04 22:24:28 VollaPhone kernel: hub 1-0:1.0: 1 port detected
Apr 04 22:24:28 VollaPhone kernel: can't find compatible node
Apr 04 22:24:28 VollaPhone kernel: [BOOT_COMMON] [create_sysfs] No atag,meta found !
Apr 04 22:24:28 VollaPhone kernel: disp driver(1) disp_probe_1 begin
Apr 04 22:24:28 VollaPhone kernel: disp driver(1) disp_probe_1 end
Apr 04 22:24:28 VollaPhone kernel: [CMDQ]SRAM Chunk New-32bit unit: start: 0x4a, count: 92, Name: DELAY_THREAD
Apr 04 22:24:28 VollaPhone kernel: [CMDQ]overwrite delay function with cpr_offset = 74
Apr 04 22:24:28 VollaPhone kernel: [CMDQ]======REC 0xffffff800a678000 command buffer:
Apr 04 22:24:28 VollaPhone kernel: ffffff800a678000: 80008001 200002d0 fffdb7ff 02000000
Apr 04 22:24:28 VollaPhone kernel: ffffff800a678010: 102380d0 a0800000 00024800 91800000
Apr 04 22:24:28 VollaPhone kernel: ffffff800a678020: ffffffff a0800002 ffffffff a080801c
Apr 04 22:24:28 VollaPhone kernel: ffffff800a678030: 80410000 b1430050 00388040 a0e20001
Apr 04 22:24:28 VollaPhone kernel: ffffff800a678040: 00018041 b1650028 80010000 200002d1
Apr 04 22:24:28 VollaPhone kernel: ffffff800a678050: 00000000 a0808041 801c0000 a0c18042
Apr 04 22:24:28 VollaPhone kernel: ffffff800a678060: 00010001 b1000020 80410001 a0e20000
Apr 04 22:24:28 VollaPhone kernel: ffffff800a678070: 00000002 b1620010 00000000 a0c10002
Apr 04 22:24:28 VollaPhone kernel: ffffff800a678080: 80440000 b1430050 00388043 a0e20001
Apr 04 22:24:28 VollaPhone kernel: ffffff800a678090: 00018044 b1650028 80010000 200002d2
Apr 04 22:24:28 VollaPhone kernel: ffffff800a6780a0: 00000000 a0808044 801c0000 a0c18045
Apr 04 22:24:28 VollaPhone kernel: ffffff800a6780b0: 00010001 b1000020 80440001 a0e20000
Apr 04 22:24:28 VollaPhone kernel: ffffff800a6780c0: 00000002 b1620010 00000000 a0c10002
Apr 04 22:24:28 VollaPhone kernel: ffffff800a6780d0: 80470000 b1430050 00388046 a0e20001
Apr 04 22:24:28 VollaPhone kernel: ffffff800a6780e0: 00018047 b1650028 80010000 200002d3
Apr 04 22:24:28 VollaPhone kernel: ffffff800a6780f0: 00000000 a0808047 801c0000 a0c18048
Apr 04 22:24:28 VollaPhone kernel: ffffff800a678100: 00010001 b1000020 80470001 a0e20000
Apr 04 22:24:28 VollaPhone kernel: ffffff800a678110: 00000002 b1620010 00000000 a0c10002
Apr 04 22:24:28 VollaPhone kernel: ffffff800a678120: 0002801c b1610030 fffdb7ff 02000000
Apr 04 22:24:28 VollaPhone kernel: ffffff800a678130: 102380d0 a0800000 00000000 91800000
Apr 04 22:24:28 VollaPhone kernel: ffffff800a678140: 200002d0 a080804b 00010001 b1000010
Apr 04 22:24:28 VollaPhone kernel: ffffff800a678150: 200003cd a080804b 804b0000 a0c10003
Apr 04 22:24:28 VollaPhone kernel: ffffff800a678160: 00000000 40000000 fffffe98 10000000
Apr 04 22:24:28 VollaPhone kernel: [CMDQ]======REC 0xffffff800a678000 command buffer END
Apr 04 22:24:28 VollaPhone kernel: [CMDQ]REC 0xffffff800a678000 command buffer TRANSLATED:
Apr 04 22:24:28 VollaPhone kernel: [CMDQ]Wait And Clear Event: CMDQ_SYNC_TOKEN_TIMER
Apr 04 22:24:28 VollaPhone kernel: [CMDQ]Set MASK: 0xfffdb7ff
Apr 04 22:24:28 VollaPhone kernel: [CMDQ]LOGIC: Reg0 = 0x102380d0
Apr 04 22:24:28 VollaPhone kernel: [CMDQ]WRITE_S with mask: 0x00024800, Reg0, use_mask=1
Apr 04 22:24:28 VollaPhone kernel: [CMDQ]LOGIC: Reg2 = 0xffffffff
Apr 04 22:24:28 VollaPhone kernel: [CMDQ]LOGIC: Reg32796 = 0xffffffff
Apr 04 22:24:28 VollaPhone kernel: [CMDQ]JUMP_C related: if (Reg32833 <= 0) jump +80
Apr 04 22:24:28 VollaPhone kernel: [CMDQ]LOGIC: Reg1 = Reg56 - Reg32832
Apr 04 22:24:28 VollaPhone kernel: [CMDQ]JUMP_C related: if (Reg1 < Reg32833) jump +40
Apr 04 22:24:28 VollaPhone kernel: [CMDQ]Set Event: CMDQ_SYNC_TOKEN_DELAY_SET0
Apr 04 22:24:28 VollaPhone kernel: [CMDQ]LOGIC: Reg32833 = 0x00000000
Apr 04 22:24:28 VollaPhone kernel: [CMDQ]LOGIC: Reg32834 = Reg32796 + 0
Apr 04 22:24:28 VollaPhone kernel: [CMDQ]JUMP_C related: if (1 == 1) jump +32
Apr 04 22:24:28 VollaPhone kernel: [CMDQ]LOGIC: Reg0 = Reg32833 - Reg1
Apr 04 22:24:28 VollaPhone kernel: [CMDQ]JUMP_C related: if (Reg0 >= Reg2) jump +16
Apr 04 22:24:28 VollaPhone kernel: [CMDQ]LOGIC: Reg2 = Reg0 + 0
Apr 04 22:24:28 VollaPhone kernel: [CMDQ]JUMP_C related: if (Reg32836 <= 0) jump +80
Apr 04 22:24:28 VollaPhone kernel: [CMDQ]LOGIC: Reg1 = Reg56 - Reg32835
Apr 04 22:24:28 VollaPhone kernel: [CMDQ]JUMP_C related: if (Reg1 < Reg32836) jump +40
Apr 04 22:24:28 VollaPhone kernel: [CMDQ]Set Event: CMDQ_SYNC_TOKEN_DELAY_SET1
Apr 04 22:24:28 VollaPhone kernel: [CMDQ]LOGIC: Reg32836 = 0x00000000
Apr 04 22:24:28 VollaPhone kernel: [CMDQ]LOGIC: Reg32837 = Reg32796 + 0
Apr 04 22:24:28 VollaPhone kernel: [CMDQ]JUMP_C related: if (1 == 1) jump +32
Apr 04 22:24:28 VollaPhone kernel: [CMDQ]LOGIC: Reg0 = Reg32836 - Reg1
Apr 04 22:24:28 VollaPhone kernel: [CMDQ]JUMP_C related: if (Reg0 >= Reg2) jump +16
Apr 04 22:24:28 VollaPhone kernel: [CMDQ]LOGIC: Reg2 = Reg0 + 0
Apr 04 22:24:28 VollaPhone kernel: [CMDQ]JUMP_C related: if (Reg32839 <= 0) jump +80
Apr 04 22:24:28 VollaPhone kernel: [CMDQ]LOGIC: Reg1 = Reg56 - Reg32838
Apr 04 22:24:28 VollaPhone kernel: [CMDQ]JUMP_C related: if (Reg1 < Reg32839) jump +40
Apr 04 22:24:28 VollaPhone kernel: [CMDQ]Set Event: CMDQ_SYNC_TOKEN_DELAY_SET2
Apr 04 22:24:28 VollaPhone kernel: [CMDQ]LOGIC: Reg32839 = 0x00000000
Apr 04 22:24:28 VollaPhone kernel: [CMDQ]LOGIC: Reg32840 = Reg32796 + 0
Apr 04 22:24:28 VollaPhone kernel: [CMDQ]JUMP_C related: if (1 == 1) jump +32
Apr 04 22:24:28 VollaPhone kernel: [CMDQ]LOGIC: Reg0 = Reg32839 - Reg1
Apr 04 22:24:28 VollaPhone kernel: [CMDQ]JUMP_C related: if (Reg0 >= Reg2) jump +16
Apr 04 22:24:28 VollaPhone kernel: [CMDQ]LOGIC: Reg2 = Reg0 + 0
Apr 04 22:24:28 VollaPhone kernel: [CMDQ]JUMP_C related: if (Reg2 != Reg32796) jump +48
Apr 04 22:24:28 VollaPhone kernel: [CMDQ]Set MASK: 0xfffdb7ff
Apr 04 22:24:28 VollaPhone kernel: [CMDQ]LOGIC: Reg0 = 0x102380d0
Apr 04 22:24:28 VollaPhone kernel: [CMDQ]WRITE_S with mask: 0x00000000, Reg0, use_mask=1
Apr 04 22:24:28 VollaPhone kernel: [CMDQ]LOGIC: Reg32843 = 0x200002d0
Apr 04 22:24:28 VollaPhone kernel: [CMDQ]JUMP_C related: if (1 == 1) jump +16
Apr 04 22:24:28 VollaPhone kernel: [CMDQ]LOGIC: Reg32843 = 0x200003cd
Apr 04 22:24:28 VollaPhone kernel: [CMDQ]LOGIC: Reg3 = Reg32843 + 0
Apr 04 22:24:28 VollaPhone kernel: [CMDQ]MARKER: sync_no_suspnd=0no_suspnd=0, no_inc=0, m=0, m_en=0, prefetch=0, irq=0
Apr 04 22:24:28 VollaPhone kernel: [CMDQ]JUMP(relative): -360
Apr 04 22:24:28 VollaPhone kernel: [CMDQ]======REC 0xffffff800a678000 command END
Apr 04 22:24:28 VollaPhone kernel: [CMDQ][DelayThread]sram task size:368 free:1880
Apr 04 22:24:28 VollaPhone kernel: [CMDQ][DelayThread]create delay thread task in SRAM task size:368 sram size:1880
Apr 04 22:24:28 VollaPhone kernel: [GAMMA] disp_gamma_write_lut_reg: gamma table [0] not initialized
Apr 04 22:24:28 VollaPhone kernel: init_decouple_buffers done
Apr 04 22:24:28 VollaPhone kernel: [ION]ion_drv_create_heap: create heap: ion_fb_heap
Apr 04 22:24:28 VollaPhone kernel: [DFRC] start to initialize fps policy
Apr 04 22:24:28 VollaPhone kernel: [DFRC] register fps policy device
Apr 04 22:24:28 VollaPhone kernel: [DFRC] register fps policy driver
Apr 04 22:24:28 VollaPhone kernel: [DFRC] dfrc_init_kernel_policy
Apr 04 22:24:28 VollaPhone kernel: [DFRC] reg_fps_policy: reg policy[3]
Apr 04 22:24:28 VollaPhone kernel: [DFRC] reg_fps_policy: reg policy[2]
Apr 04 22:24:28 VollaPhone kernel: [DFRC] reg_fps_policy: reg policy[4]
Apr 04 22:24:28 VollaPhone kernel: [DFRC] reg_fps_policy: reg policy[5]
Apr 04 22:24:28 VollaPhone kernel: [MALI] Alloc mtk_config
Apr 04 22:24:28 VollaPhone kernel: mali 13040000.mali: Continuing without Mali regulator control
Apr 04 22:24:28 VollaPhone kernel: mali 13040000.mali: GPU identified as 0x0 arch 6.0.10 r0p0 status 2
Apr 04 22:24:28 VollaPhone kernel: mali 13040000.mali: Probed as mali0
Apr 04 22:24:28 VollaPhone kernel: [ISP][ISP_probe] - E. ISP driver probe.
Apr 04 22:24:28 VollaPhone kernel: [ISP][ISP_probe] nr_isp_devs=1, devnode(imgsys), map_addr=0xffffff800bfae000
Apr 04 22:24:28 VollaPhone kernel: [ISP][ISP_probe] No IRQ!!: nr_isp_devs=1, devnode(imgsys), irq=0
Apr 04 22:24:28 VollaPhone kernel: [ISP][ISP_probe] - X. ISP driver probe.
Apr 04 22:24:28 VollaPhone kernel: [ISP][ISP_probe] - E. ISP driver probe.
Apr 04 22:24:28 VollaPhone kernel: [ISP][ISP_probe] nr_isp_devs=2, devnode(dip1), map_addr=0xffffff800bfbc000
Apr 04 22:24:28 VollaPhone kernel: [ISP][ISP_probe] No corresponding ISR!!: nr_isp_devs=2, devnode(dip1), irq=127
Apr 04 22:24:28 VollaPhone kernel: [ISP][ISP_probe] - X. ISP driver probe.
Apr 04 22:24:28 VollaPhone kernel: [ISP][ISP_probe] - E. ISP driver probe.
Apr 04 22:24:28 VollaPhone kernel: [ISP][ISP_probe] nr_isp_devs=3, devnode(camsys), map_addr=0xffffff800bfc0000
Apr 04 22:24:28 VollaPhone kernel: [ISP][ISP_probe] No IRQ!!: nr_isp_devs=3, devnode(camsys), irq=0
Apr 04 22:24:28 VollaPhone kernel: [ISP][ISP_probe] - X. ISP driver probe.
Apr 04 22:24:28 VollaPhone kernel: [ISP][ISP_probe] - E. ISP driver probe.
Apr 04 22:24:28 VollaPhone kernel: [ISP][ISP_probe] nr_isp_devs=4, devnode(cam1), map_addr=0xffffff800bfc2000
Apr 04 22:24:28 VollaPhone kernel: [ISP][ISP_probe] No corresponding ISR!!: nr_isp_devs=4, devnode(cam1), irq=130
Apr 04 22:24:28 VollaPhone kernel: [ISP][ISP_probe] - X. ISP driver probe.
Apr 04 22:24:28 VollaPhone kernel: [ISP][ISP_probe] - E. ISP driver probe.
Apr 04 22:24:28 VollaPhone kernel: [ISP][ISP_probe] nr_isp_devs=5, devnode(cam2), map_addr=0xffffff800bfc4000
Apr 04 22:24:28 VollaPhone kernel: [ISP][ISP_probe] nr_isp_devs=5, devnode(cam2), irq=131, ISR: cam2
Apr 04 22:24:28 VollaPhone kernel: [ISP][ISP_probe] - X. ISP driver probe.
Apr 04 22:24:28 VollaPhone kernel: [ISP][ISP_probe] - E. ISP driver probe.
Apr 04 22:24:28 VollaPhone kernel: [ISP][ISP_probe] nr_isp_devs=6, devnode(cam3), map_addr=0xffffff800bfc6000
Apr 04 22:24:28 VollaPhone kernel: [ISP][ISP_probe] nr_isp_devs=6, devnode(cam3), irq=132, ISR: cam3
Apr 04 22:24:28 VollaPhone kernel: [ISP][ISP_probe] - X. ISP driver probe.
Apr 04 22:24:28 VollaPhone kernel: [ISP][ISP_probe] - E. ISP driver probe.
Apr 04 22:24:28 VollaPhone kernel: [ISP][ISP_probe] nr_isp_devs=7, devnode(camsv1), map_addr=0xffffff800bfc8000
Apr 04 22:24:28 VollaPhone kernel: [ISP][ISP_probe] nr_isp_devs=7, devnode(camsv1), irq=135, ISR: camsv1
Apr 04 22:24:28 VollaPhone kernel: [ISP][ISP_probe] - X. ISP driver probe.
Apr 04 22:24:28 VollaPhone kernel: [ISP][ISP_probe] - E. ISP driver probe.
Apr 04 22:24:28 VollaPhone kernel: [ISP][ISP_probe] nr_isp_devs=8, devnode(camsv2), map_addr=0xffffff800bfca000
Apr 04 22:24:28 VollaPhone kernel: [ISP][ISP_probe] nr_isp_devs=8, devnode(camsv2), irq=136, ISR: camsv2
Apr 04 22:24:28 VollaPhone kernel: [ISP][ISP_probe] - X. ISP driver probe.
Apr 04 22:24:28 VollaPhone kernel: [ISP][ISP_probe] - E. ISP driver probe.
Apr 04 22:24:28 VollaPhone kernel: [ISP][ISP_probe] nr_isp_devs=9, devnode(camsv3), map_addr=0xffffff800bfcc000
Apr 04 22:24:28 VollaPhone kernel: [ISP][ISP_probe] nr_isp_devs=9, devnode(camsv3), irq=137, ISR: camsv3
Apr 04 22:24:28 VollaPhone kernel: [ISP][ISP_probe] - X. ISP driver probe.
Apr 04 22:24:28 VollaPhone kernel: [ISP][ISP_probe] - E. ISP driver probe.
Apr 04 22:24:28 VollaPhone kernel: [ISP][ISP_probe] nr_isp_devs=10, devnode(camsv4), map_addr=0xffffff800bfce000
Apr 04 22:24:28 VollaPhone kernel: [ISP][ISP_probe] nr_isp_devs=10, devnode(camsv4), irq=138, ISR: camsv4
Apr 04 22:24:28 VollaPhone kernel: [ISP][ISP_probe] - X. ISP driver probe.
Apr 04 22:24:28 VollaPhone kernel: [ISP][ISP_probe] - E. ISP driver probe.
Apr 04 22:24:28 VollaPhone kernel: [ISP][ISP_probe] nr_isp_devs=11, devnode(camsv5), map_addr=0xffffff800bfd0000
Apr 04 22:24:28 VollaPhone kernel: [ISP][ISP_probe] No IRQ!!: nr_isp_devs=11, devnode(camsv5), irq=0
Apr 04 22:24:28 VollaPhone kernel: [ISP][ISP_probe] - X. ISP driver probe.
Apr 04 22:24:28 VollaPhone kernel: [ISP][ISP_probe] - E. ISP driver probe.
Apr 04 22:24:28 VollaPhone kernel: [ISP][ISP_probe] nr_isp_devs=12, devnode(camsv6), map_addr=0xffffff800bfd2000
Apr 04 22:24:28 VollaPhone kernel: [ISP][ISP_probe] No IRQ!!: nr_isp_devs=12, devnode(camsv6), irq=0
Apr 04 22:24:28 VollaPhone kernel: [ISP][ISP_probe] - X. ISP driver probe.
Apr 04 22:24:28 VollaPhone kernel: [ISP][ISP_Init] Finding SMI_LARB compatible: mediatek,smi_larb0
Apr 04 22:24:28 VollaPhone kernel: [ISP][ISP_Init] SMI_LARB0_BASE: ffffff800bfd4000
Apr 04 22:24:28 VollaPhone kernel: [ISP][ISP_Init] Finding SMI_LARB compatible: mediatek,smi_larb1
Apr 04 22:24:28 VollaPhone kernel: [ISP][ISP_Init] SMI_LARB1_BASE: ffffff800bfd6000
Apr 04 22:24:28 VollaPhone kernel: [ISP][ISP_Init] Finding SMI_LARB compatible: mediatek,smi_larb2
Apr 04 22:24:28 VollaPhone kernel: [ISP][ISP_Init] SMI_LARB2_BASE: ffffff800bfd8000
Apr 04 22:24:28 VollaPhone kernel: [ISP][ISP_Init] Finding SMI_LARB compatible: mediatek,smi_larb3
Apr 04 22:24:28 VollaPhone kernel: [ISP][ISP_Init] SMI_LARB3_BASE: ffffff800bfda000
Apr 04 22:24:28 VollaPhone kernel: [ISP][ISP_Init] Finding SMI_LARB compatible: mediatek,smi_larb4
Apr 04 22:24:28 VollaPhone kernel: [ISP][ISP_Init] find mediatek,smi_larb4 node failed!!!
Apr 04 22:24:28 VollaPhone kernel: [ISP][ISP_Init] Finding SMI_LARB compatible: mediatek,smi_larb5
Apr 04 22:24:28 VollaPhone kernel: [ISP][ISP_Init] find mediatek,smi_larb5 node failed!!!
Apr 04 22:24:28 VollaPhone kernel: [ISP][ISP_Init] Finding SMI_LARB compatible: mediatek,smi_larb6
Apr 04 22:24:28 VollaPhone kernel: [ISP][ISP_Init] find mediatek,smi_larb6 node failed!!!
Apr 04 22:24:28 VollaPhone kernel: [ISP][ISP_Init] Finding SMI_LARB compatible: mediatek,smi_larb7
Apr 04 22:24:28 VollaPhone kernel: [ISP][ISP_Init] find mediatek,smi_larb7 node failed!!!
Apr 04 22:24:28 VollaPhone kernel: FDVT [FDVT_probe] FDVT PROBE!!!
Apr 04 22:24:28 VollaPhone kernel: FDVT [FDVT_probe] DT, i=0, map_addr=0xffffff800bfea000
Apr 04 22:24:28 VollaPhone kernel: FDVT [FDVT_probe] DT, i=0, map_irq=128
Apr 04 22:24:28 VollaPhone kernel: kd_camera_hw supply vcama_sub2 not found, using dummy regulator
Apr 04 22:24:28 VollaPhone kernel: kd_camera_hw supply vcamd_sub2 not found, using dummy regulator
Apr 04 22:24:28 VollaPhone kernel: kd_camera_hw supply vcamio_sub2 not found, using dummy regulator
Apr 04 22:24:28 VollaPhone kernel: kd_camera_hw supply vcama_main3 not found, using dummy regulator
Apr 04 22:24:28 VollaPhone kernel: kd_camera_hw supply vcamd_main3 not found, using dummy regulator
Apr 04 22:24:28 VollaPhone kernel: kd_camera_hw supply vcamio_main3 not found, using dummy regulator
Apr 04 22:24:28 VollaPhone kernel: gpio_init : pinctrl err, cam3_pnd1
Apr 04 22:24:28 VollaPhone kernel: gpio_init : pinctrl err, cam3_pnd0
Apr 04 22:24:28 VollaPhone kernel: gpio_init : pinctrl err, cam3_rst1
Apr 04 22:24:28 VollaPhone kernel: gpio_init : pinctrl err, cam3_rst0
Apr 04 22:24:28 VollaPhone kernel: gpio_init : pinctrl err, cam4_pnd1
Apr 04 22:24:28 VollaPhone kernel: gpio_init : pinctrl err, cam4_pnd0
Apr 04 22:24:28 VollaPhone kernel: gpio_init : pinctrl err, cam4_rst1
Apr 04 22:24:28 VollaPhone kernel: gpio_init : pinctrl err, cam4_rst0
Apr 04 22:24:28 VollaPhone kernel: gpio_init : pinctrl err, cam4_vcama_on
Apr 04 22:24:28 VollaPhone kernel: gpio_init : pinctrl err, cam4_vcama_off
Apr 04 22:24:28 VollaPhone kernel: gpio_init : pinctrl err, cam4_vcamd_on
Apr 04 22:24:28 VollaPhone kernel: gpio_init : pinctrl err, cam4_vcamd_off
Apr 04 22:24:28 VollaPhone kernel: gpio_init : pinctrl err, cam_mipi_switch_en_1
Apr 04 22:24:28 VollaPhone kernel: gpio_init : pinctrl err, cam_mipi_switch_en_0
Apr 04 22:24:28 VollaPhone kernel: gpio_init : pinctrl err, cam_mipi_switch_sel_1
Apr 04 22:24:28 VollaPhone kernel: gpio_init : pinctrl err, cam_mipi_switch_sel_0
Apr 04 22:24:28 VollaPhone kernel: gpio_init : pinctrl err, cam0_afen_on
Apr 04 22:24:28 VollaPhone kernel: gpio_init : pinctrl err, cam0_afen_off
Apr 04 22:24:28 VollaPhone kernel: mclk_init : pinctrl err, cam0_mclk_on
Apr 04 22:24:28 VollaPhone kernel: mclk_init : pinctrl err, cam1_mclk_on
Apr 04 22:24:28 VollaPhone kernel: mclk_init : pinctrl err, cam1_mclk_on
Apr 04 22:24:28 VollaPhone kernel: mclk_init : pinctrl err, cam1_mclk_on
Apr 04 22:24:28 VollaPhone kernel: mclk_init : pinctrl err, (null)
Apr 04 22:24:28 VollaPhone kernel: ------------[ cut here ]------------
Apr 04 22:24:28 VollaPhone kernel: WARNING: CPU: 5 PID: 1 at /parentroot/parentroot/data/piggz/mer/android/droid.yggdrasil/kernel/volla/mt6763/fs/sysfs/dir.c:31 sysfs_warn_dup+0x6c/0x8c()
Apr 04 22:24:28 VollaPhone kernel: sysfs: cannot create duplicate filename '/devices/platform/lens_actuator_sub_af.0'
Apr 04 22:24:28 VollaPhone kernel: Modules linked in:
Apr 04 22:24:28 VollaPhone kernel: CPU: 5 PID: 1 Comm: swapper/0 Tainted: G        W       4.4.146+ #16
Apr 04 22:24:28 VollaPhone kernel: Hardware name: MT6763V/V (DT)
Apr 04 22:24:28 VollaPhone kernel: Call trace:
Apr 04 22:24:28 VollaPhone kernel: [<ffffff800808b3dc>] dump_backtrace+0x0/0x1bc
Apr 04 22:24:28 VollaPhone kernel: [<ffffff800808b7a8>] show_stack+0x14/0x1c
Apr 04 22:24:28 VollaPhone kernel: [<ffffff8008484d58>] dump_stack+0x98/0xb8
Apr 04 22:24:28 VollaPhone kernel: [<ffffff80080a4548>] warn_slowpath_common+0x9c/0xd0
Apr 04 22:24:28 VollaPhone kernel: [<ffffff80080a45dc>] warn_slowpath_fmt+0x60/0x80
Apr 04 22:24:28 VollaPhone kernel: [<ffffff8008294504>] sysfs_warn_dup+0x6c/0x8c
Apr 04 22:24:28 VollaPhone kernel: [<ffffff8008294624>] sysfs_create_dir_ns+0x90/0xa0
Apr 04 22:24:28 VollaPhone kernel: [<ffffff8008489168>] kobject_add_internal+0x94/0x2cc
Apr 04 22:24:28 VollaPhone kernel: [<ffffff8008489624>] kobject_add+0xa4/0x104
Apr 04 22:24:28 VollaPhone kernel: [<ffffff8008519990>] device_add+0xdc/0x564
Apr 04 22:24:28 VollaPhone kernel: [<ffffff800851eda0>] platform_device_add+0x174/0x238
Apr 04 22:24:28 VollaPhone kernel: [<ffffff800851fa54>] platform_device_register+0x28/0x34
Apr 04 22:24:28 VollaPhone kernel: [<ffffff800922e338>] SUB2AF_i2C_init+0x1c/0x44
Apr 04 22:24:28 VollaPhone kernel: [<ffffff8008081fb4>] do_one_initcall+0xa4/0x1cc
Apr 04 22:24:28 VollaPhone kernel: [<ffffff80091f4c74>] kernel_init_freeable+0x19c/0x25c
Apr 04 22:24:28 VollaPhone kernel: [<ffffff8008d86acc>] kernel_init+0x18/0x138
Apr 04 22:24:28 VollaPhone kernel: [<ffffff8008085b60>] ret_from_fork+0x10/0x30
Apr 04 22:24:28 VollaPhone kernel: ---[ end trace 837f6958c90d49bc ]---
Apr 04 22:24:28 VollaPhone kernel: kobject_add_internal failed for lens_actuator_sub_af.0 with -EEXIST, don't try to register things with the same name in the same directory.
Apr 04 22:24:28 VollaPhone kernel: [register_low_battery_notify] prio_val=5
Apr 04 22:24:28 VollaPhone kernel: [register_battery_percent_notify] prio_val=5
Apr 04 22:24:28 VollaPhone kernel: [register_battery_oc_notify] prio_val=5
Apr 04 22:24:28 VollaPhone kernel: [ccu][ccu_probe] ccu probe cuccess...
Apr 04 22:24:28 VollaPhone kernel: [ccci1/mcd]gpio pinctrl is not ready yet, use workaround.
Apr 04 22:24:28 VollaPhone kernel: [ccci0/rpc]get_md_dtsi_val 1, mediatek,md_drdi_rf_set_idx -- 0xf0f0f0f
Apr 04 22:24:28 VollaPhone kernel: [ccci1/rpc]get md view gpio id from dt fail
Apr 04 22:24:28 VollaPhone kernel: [ccci1/rpc]get md view gpio id from dt fail
Apr 04 22:24:28 VollaPhone kernel: [ccci1/rpc]get md view gpio id from dt fail
Apr 04 22:24:28 VollaPhone kernel: [ccci1/rpc]get md view gpio id from dt fail
Apr 04 22:24:28 VollaPhone kernel: [ccci1/rpc]get md view gpio id from dt fail
Apr 04 22:24:28 VollaPhone kernel: [ccci1/rpc]get md view gpio id from dt fail
Apr 04 22:24:28 VollaPhone kernel: [ccci1/rpc]get md view gpio id from dt fail
Apr 04 22:24:28 VollaPhone kernel: [ccci1/rpc]get md view gpio id from dt fail
Apr 04 22:24:28 VollaPhone kernel: [ccci1/rpc]get md view gpio id from dt fail
Apr 04 22:24:28 VollaPhone kernel: [ccci1/rpc]get md view gpio id from dt fail
Apr 04 22:24:28 VollaPhone kernel: [ccci1/sys]swtp_init can't find compatible node
Apr 04 22:24:28 VollaPhone kernel: [cpu_ntf] <00>ffffff8008887820 (tz_driver_cpu_callback)
Apr 04 22:24:28 VollaPhone kernel: [ut_km][ERROR]: ut_keymaster class_create failed 200.
Apr 04 22:24:28 VollaPhone kernel: [ut_km][ERROR]: ut_keymaster class_create failed 208.
Apr 04 22:24:28 VollaPhone kernel: [ut_km][ERROR]: ut_keymaster class_create failed 217.
Apr 04 22:24:28 VollaPhone kernel: [ut_km][ERROR]: ut_keymaster class_create failed 224.
Apr 04 22:24:28 VollaPhone kernel: [ut_km][ERROR]: ut_keymaster class_create failed 231.
Apr 04 22:24:28 VollaPhone kernel: mtk_change_policy: thermal/thermal_policy init
Apr 04 22:24:28 VollaPhone kernel: [Thermal/TZ/BTS] mtkts_bts_prepare_table table_num=7
Apr 04 22:24:28 VollaPhone kernel: [Thermal/TZ/BTSMDPA] mtkts_btsmdpa_prepare_table table_num=7
Apr 04 22:24:28 VollaPhone kernel: [Thermal/TZ/CPU]tscpu_init
Apr 04 22:24:28 VollaPhone kernel: [Thermal/TZ/CPU]thermal_prob
Apr 04 22:24:28 VollaPhone kernel: [calibration] temp0=0xa49d8184, temp1=0x30f7e59, temp2=0xbf60afc0
Apr 04 22:24:28 VollaPhone kernel: [lvts_cal] 0: 0x0, 1: 0x0, 2: 0x0
Apr 04 22:24:28 VollaPhone kernel: [Thermal/TZ/CPU][cal] g_adc_ge_t      = 658
Apr 04 22:24:28 VollaPhone kernel: [Thermal/TZ/CPU][cal] g_adc_oe_t      = 472
Apr 04 22:24:28 VollaPhone kernel: [Thermal/TZ/CPU][cal] g_degc_cali     = 44
Apr 04 22:24:28 VollaPhone kernel: [Thermal/TZ/CPU][cal] g_adc_cali_en_t = 1
Apr 04 22:24:28 VollaPhone kernel: [Thermal/TZ/CPU][cal] g_o_slope       = 0
Apr 04 22:24:28 VollaPhone kernel: [Thermal/TZ/CPU][cal] g_o_slope_sign  = 0
Apr 04 22:24:28 VollaPhone kernel: [Thermal/TZ/CPU][cal] g_id            = 0
Apr 04 22:24:28 VollaPhone kernel: [Thermal/TZ/CPU][cal] g_o_vtsmcu1     = 391
Apr 04 22:24:28 VollaPhone kernel: [Thermal/TZ/CPU][cal] g_o_vtsmcu2     = 382
Apr 04 22:24:28 VollaPhone kernel: [Thermal/TZ/CPU][cal] g_o_vtsmcu3     = 388
Apr 04 22:24:28 VollaPhone kernel: [Thermal/TZ/CPU][cal] g_o_vtsmcu4     = 382
Apr 04 22:24:28 VollaPhone kernel: [Thermal/TZ/CPU][cal] g_o_vtsmcu5     = 382
Apr 04 22:24:28 VollaPhone kernel: [Thermal/TZ/CPU][cal] g_o_vtsabb      = 386
Apr 04 22:24:28 VollaPhone kernel: [Thermal/TZ/CPU][cal] lvts_count1_b30c=  0
Apr 04 22:24:28 VollaPhone kernel: [Thermal/TZ/CPU][cal] lvts_count2_b30c=  0
Apr 04 22:24:28 VollaPhone kernel: [Thermal/TZ/CPU][cal] lvts_count3_b30c=  0
Apr 04 22:24:28 VollaPhone kernel: [Thermal/TZ/CPU][cal] lvts_golden_temp1= 0
Apr 04 22:24:28 VollaPhone kernel: [Thermal/TZ/CPU][cal] lvts_golden_temp2= 0
Apr 04 22:24:28 VollaPhone kernel: [Thermal/TZ/CPU][cal] lvts_golden_temp3= 0
Apr 04 22:24:28 VollaPhone kernel: [Thermal/TZ/CPU][T_De][cal] g_ge         = 356
Apr 04 22:24:28 VollaPhone kernel: [Thermal/TZ/CPU][T_De][cal] g_gain       = 10356
Apr 04 22:24:28 VollaPhone kernel: [Thermal/TZ/CPU][T_De][cal] g_x_roomt0   = 8912
Apr 04 22:24:28 VollaPhone kernel: [Thermal/TZ/CPU][T_De][cal] g_x_roomt1   = 8891
Apr 04 22:24:28 VollaPhone kernel: [Thermal/TZ/CPU][T_De][cal] g_x_roomt2   = 8905
Apr 04 22:24:28 VollaPhone kernel: [Thermal/TZ/CPU][T_De][cal] g_x_roomt3   = 8891
Apr 04 22:24:28 VollaPhone kernel: [Thermal/TZ/CPU][T_De][cal] g_x_roomt4   = 8891
Apr 04 22:24:28 VollaPhone kernel: [Thermal/TZ/CPU][T_De][cal] g_x_roomt5   = 8901
Apr 04 22:24:28 VollaPhone kernel: [Thermal/TZ/CPU]Driver is NOT ready to report valid temperatures
Apr 04 22:24:28 VollaPhone kernel: [Thermal/TZ/PMIC] [mtktspmic_init]
Apr 04 22:24:28 VollaPhone kernel: [Thermal/TZ/PMIC] [pmic_debug]  start
Apr 04 22:24:28 VollaPhone kernel: [Thermal/TZ/PMIC] [pmic_debug] 6356_efuse: g_o_vts        = 1607
Apr 04 22:24:28 VollaPhone kernel: [Thermal/TZ/PMIC] [pmic_debug] 6356_efuse: g_o_vts_2      = 1595
Apr 04 22:24:28 VollaPhone kernel: [Thermal/TZ/PMIC] [pmic_debug] 6356_efuse: g_o_vts_3      = 1579
Apr 04 22:24:28 VollaPhone kernel: [Thermal/TZ/PMIC] [pmic_debug] 6356_efuse: g_degc_cali    = 52
Apr 04 22:24:28 VollaPhone kernel: [Thermal/TZ/PMIC] [pmic_debug] 6356_efuse: g_adc_cali_en  = 1
Apr 04 22:24:28 VollaPhone kernel: [Thermal/TZ/PMIC] [pmic_debug] 6356_efuse: g_o_slope      = 0
Apr 04 22:24:28 VollaPhone kernel: [Thermal/TZ/PMIC] [pmic_debug] 6356_efuse: g_o_slope_sign = 0
Apr 04 22:24:28 VollaPhone kernel: [Thermal/TZ/PMIC] [pmic_debug] 6356_efuse: g_id                   = 0
Apr 04 22:24:28 VollaPhone kernel: [Thermal/TZ/PMIC] [pmic_debug]  end
Apr 04 22:24:28 VollaPhone kernel: [Thermal/TZ/PMIC] [pmic_debug] g_o_vts        = 0x647
Apr 04 22:24:28 VollaPhone kernel: [Thermal/TZ/PMIC] [pmic_debug] g_o_vts_2      = 0x63b
Apr 04 22:24:28 VollaPhone kernel: [Thermal/TZ/PMIC] [pmic_debug] g_o_vts_3      = 0x62b
Apr 04 22:24:28 VollaPhone kernel: [Thermal/TZ/PMIC] [pmic_debug] g_degc_cali    = 0x34
Apr 04 22:24:28 VollaPhone kernel: [Thermal/TZ/PMIC] [pmic_debug] g_adc_cali_en  = 0x1
Apr 04 22:24:28 VollaPhone kernel: [Thermal/TZ/PMIC] [pmic_debug] g_o_slope      = 0x0
Apr 04 22:24:28 VollaPhone kernel: [Thermal/TZ/PMIC] [pmic_debug] g_o_slope_sign = 0x0
Apr 04 22:24:28 VollaPhone kernel: [Thermal/TZ/PMIC] [pmic_debug] g_id           = 0x0
Apr 04 22:24:28 VollaPhone kernel: [Thermal/TZ/PMIC] [Thermal calibration] SLOPE1=1000000 SLOPE2=-1681 INTERCEPT=445988, Vbe = -706000
Apr 04 22:24:28 VollaPhone kernel: [Thermal/TZ/PMIC] [Thermal calibration] SLOPE1=1000000 SLOPE2=-1863 INTERCEPT=401738, Vbe = -700000
Apr 04 22:24:28 VollaPhone kernel: [Thermal/TZ/PMIC] [Thermal calibration] SLOPE1=1000000 SLOPE2=-1863 INTERCEPT=397980, Vbe = -693000
Apr 04 22:24:28 VollaPhone kernel: [W]mtk_wcn_cmb_stub_query_ctrl:Thermal query not registered
Apr 04 22:24:28 VollaPhone kernel: [Thermal/TZ/IMGS][mtk_imgs_init]
Apr 04 22:24:28 VollaPhone kernel: [Thermal/TZ/CPU]tscpu_bind binding OK, 3
Apr 04 22:24:28 VollaPhone kernel: [Thermal/TZ/CPU]tscpu_bind binding OK, 1
Apr 04 22:24:28 VollaPhone kernel: [Thermal/TZ/CPU]tscpu_bind binding OK, 2
Apr 04 22:24:28 VollaPhone kernel: [Thermal/TZ/CPU]tscpu_bind binding OK, 0
Apr 04 22:24:28 VollaPhone kernel: [Cooler_NR]mtk_cooler_NR_init 215
Apr 04 22:24:28 VollaPhone kernel: [Cooler_NR]mtk_cooler_NR_init 233
Apr 04 22:24:28 VollaPhone kernel: [Thermal/TZ/PMIC] [mt6356tsbuck1_init]
Apr 04 22:24:28 VollaPhone kernel: [Thermal/TZ/PMIC] [pmic_debug]  start
Apr 04 22:24:28 VollaPhone kernel: [Thermal/TZ/PMIC] [pmic_debug] 6356_efuse: g_o_vts        = 1607
Apr 04 22:24:28 VollaPhone kernel: [Thermal/TZ/PMIC] [pmic_debug] 6356_efuse: g_o_vts_2      = 1595
Apr 04 22:24:28 VollaPhone kernel: [Thermal/TZ/PMIC] [pmic_debug] 6356_efuse: g_o_vts_3      = 1579
Apr 04 22:24:28 VollaPhone kernel: [Thermal/TZ/PMIC] [pmic_debug] 6356_efuse: g_degc_cali    = 52
Apr 04 22:24:28 VollaPhone kernel: [Thermal/TZ/PMIC] [pmic_debug] 6356_efuse: g_adc_cali_en  = 1
Apr 04 22:24:28 VollaPhone kernel: [Thermal/TZ/PMIC] [pmic_debug] 6356_efuse: g_o_slope      = 0
Apr 04 22:24:28 VollaPhone kernel: [Thermal/TZ/PMIC] [pmic_debug] 6356_efuse: g_o_slope_sign = 0
Apr 04 22:24:28 VollaPhone kernel: [Thermal/TZ/PMIC] [pmic_debug] 6356_efuse: g_id                   = 0
Apr 04 22:24:28 VollaPhone kernel: [Thermal/TZ/PMIC] [pmic_debug]  end
Apr 04 22:24:28 VollaPhone kernel: [Thermal/TZ/PMIC] [pmic_debug] g_o_vts        = 0x647
Apr 04 22:24:28 VollaPhone kernel: [Thermal/TZ/PMIC] [pmic_debug] g_o_vts_2      = 0x63b
Apr 04 22:24:28 VollaPhone kernel: [Thermal/TZ/PMIC] [pmic_debug] g_o_vts_3      = 0x62b
Apr 04 22:24:28 VollaPhone kernel: [Thermal/TZ/PMIC] [pmic_debug] g_degc_cali    = 0x34
Apr 04 22:24:28 VollaPhone kernel: [Thermal/TZ/PMIC] [pmic_debug] g_adc_cali_en  = 0x1
Apr 04 22:24:28 VollaPhone kernel: [Thermal/TZ/PMIC] [pmic_debug] g_o_slope      = 0x0
Apr 04 22:24:28 VollaPhone kernel: [Thermal/TZ/PMIC] [pmic_debug] g_o_slope_sign = 0x0
Apr 04 22:24:28 VollaPhone kernel: [Thermal/TZ/PMIC] [pmic_debug] g_id           = 0x0
Apr 04 22:24:28 VollaPhone kernel: [Thermal/TZ/PMIC] [Thermal calibration] SLOPE1=1000000 SLOPE2=-1681 INTERCEPT=445988, Vbe = -706000
Apr 04 22:24:28 VollaPhone kernel: [Thermal/TZ/PMIC] [Thermal calibration] SLOPE1=1000000 SLOPE2=-1863 INTERCEPT=401738, Vbe = -700000
Apr 04 22:24:28 VollaPhone kernel: [Thermal/TZ/PMIC] [Thermal calibration] SLOPE1=1000000 SLOPE2=-1863 INTERCEPT=397980, Vbe = -693000
Apr 04 22:24:28 VollaPhone kernel: [Thermal/TZ/PMIC] [mt6356tsbuck2_init]
Apr 04 22:24:28 VollaPhone kernel: [Thermal/TZ/PMIC] [pmic_debug]  start
Apr 04 22:24:28 VollaPhone kernel: [Thermal/TZ/PMIC] [pmic_debug] 6356_efuse: g_o_vts        = 1607
Apr 04 22:24:28 VollaPhone kernel: [Thermal/TZ/PMIC] [pmic_debug] 6356_efuse: g_o_vts_2      = 1595
Apr 04 22:24:28 VollaPhone kernel: [Thermal/TZ/PMIC] [pmic_debug] 6356_efuse: g_o_vts_3      = 1579
Apr 04 22:24:28 VollaPhone kernel: [Thermal/TZ/PMIC] [pmic_debug] 6356_efuse: g_degc_cali    = 52
Apr 04 22:24:28 VollaPhone kernel: [Thermal/TZ/PMIC] [pmic_debug] 6356_efuse: g_adc_cali_en  = 1
Apr 04 22:24:28 VollaPhone kernel: [Thermal/TZ/PMIC] [pmic_debug] 6356_efuse: g_o_slope      = 0
Apr 04 22:24:28 VollaPhone kernel: [Thermal/TZ/PMIC] [pmic_debug] 6356_efuse: g_o_slope_sign = 0
Apr 04 22:24:28 VollaPhone kernel: [Thermal/TZ/PMIC] [pmic_debug] 6356_efuse: g_id                   = 0
Apr 04 22:24:28 VollaPhone kernel: [Thermal/TZ/PMIC] [pmic_debug]  end
Apr 04 22:24:28 VollaPhone kernel: [Thermal/TZ/PMIC] [pmic_debug] g_o_vts        = 0x647
Apr 04 22:24:28 VollaPhone kernel: [Thermal/TZ/PMIC] [pmic_debug] g_o_vts_2      = 0x63b
Apr 04 22:24:28 VollaPhone kernel: [Thermal/TZ/PMIC] [pmic_debug] g_o_vts_3      = 0x62b
Apr 04 22:24:28 VollaPhone kernel: [Thermal/TZ/PMIC] [pmic_debug] g_degc_cali    = 0x34
Apr 04 22:24:28 VollaPhone kernel: [Thermal/TZ/PMIC] [pmic_debug] g_adc_cali_en  = 0x1
Apr 04 22:24:28 VollaPhone kernel: [Thermal/TZ/PMIC] [pmic_debug] g_o_slope      = 0x0
Apr 04 22:24:28 VollaPhone kernel: [Thermal/TZ/PMIC] [pmic_debug] g_o_slope_sign = 0x0
Apr 04 22:24:28 VollaPhone kernel: [Thermal/TZ/PMIC] [pmic_debug] g_id           = 0x0
Apr 04 22:24:28 VollaPhone kernel: [Thermal/TZ/PMIC] [Thermal calibration] SLOPE1=1000000 SLOPE2=-1681 INTERCEPT=445988, Vbe = -706000
Apr 04 22:24:28 VollaPhone kernel: [Thermal/TZ/PMIC] [Thermal calibration] SLOPE1=1000000 SLOPE2=-1863 INTERCEPT=401738, Vbe = -700000
Apr 04 22:24:28 VollaPhone kernel: [Thermal/TZ/PMIC] [Thermal calibration] SLOPE1=1000000 SLOPE2=-1863 INTERCEPT=397980, Vbe = -693000
Apr 04 22:24:28 VollaPhone kernel: mrdump_key_init:MRDUMP_KEY node mediatek, mrdump_ext_rst-eint is not exist
                                   MRDUMP_KEY is disabled
Apr 04 22:24:28 VollaPhone kernel: mrdump_sysfs_init: done.
Apr 04 22:24:28 VollaPhone kernel: atf_log: inited
Apr 04 22:24:28 VollaPhone kernel: ATF reserved memory: 0x6ffc0000 - 0x73bfffff (0x3c40000)
Apr 04 22:24:28 VollaPhone kernel: atf_buf_phy_ctl: 0x6ffc0000
Apr 04 22:24:28 VollaPhone kernel: atf_buf_len: 63176704
Apr 04 22:24:28 VollaPhone kernel: atf_buf_vir_ctl: ffffff800e7fe000
Apr 04 22:24:28 VollaPhone kernel: atf_log_vir_addr: ffffff800e9a0100
Apr 04 22:24:28 VollaPhone kernel: atf_log_len: 81664
Apr 04 22:24:28 VollaPhone kernel: atf irq num 19.
Apr 04 22:24:28 VollaPhone kernel: atf_time_sync: inited
Apr 04 22:24:28 VollaPhone kernel: SSPM platform service is ready
Apr 04 22:24:28 VollaPhone kernel: USB_BOOST, <test_loops(), 346> id<-1>, loops:100000, spent 0 sec, 700 usec
Apr 04 22:24:28 VollaPhone kernel: USB_BOOST, <test_loops(), 346> id<0>, loops:100000, spent 0 sec, 699 usec
Apr 04 22:24:28 VollaPhone kernel: USB_BOOST, <test_loops(), 346> id<1>, loops:100000, spent 0 sec, 698 usec
Apr 04 22:24:28 VollaPhone kernel: USB_BOOST, <test_loops(), 346> id<2>, loops:100000, spent 0 sec, 715 usec
Apr 04 22:24:28 VollaPhone kernel: USB_BOOST, <create_sys_fs(), 514> 
Apr 04 22:24:28 VollaPhone kernel: USB_BOOST, <usb_boost_set_para_and_arg(), 146> para_range:<4>
Apr 04 22:24:28 VollaPhone kernel: USB_BOOST, <usb_boost_set_para_and_arg(), 146> para_range:<4>
Apr 04 22:24:28 VollaPhone kernel: USB_BOOST, <usb_boost_set_para_and_arg(), 146> para_range:<4>
Apr 04 22:24:28 VollaPhone kernel: USB_BOOST, <usb_boost_set_para_and_arg(), 146> para_range:<4>
Apr 04 22:24:28 VollaPhone kernel: USB_BOOST, <usb_boost_set_para_and_arg(), 146> para_range:<4>
Apr 04 22:24:28 VollaPhone kernel: USB_BOOST, <usb_boost_set_para_and_arg(), 146> para_range:<4>
Apr 04 22:24:28 VollaPhone kernel: [HW_INFO] hardware_info initialized ok 
Apr 04 22:24:28 VollaPhone kernel: sys_timer 10017000.sys_timer: invalid resource
Apr 04 22:24:28 VollaPhone kernel: unable to ioremap sysram base, might be disabled
Apr 04 22:24:28 VollaPhone kernel: mult=161319385, shift=21, maxsec=5000
Apr 04 22:24:28 VollaPhone kernel: enabled: 1, support_sysram: 0
Apr 04 22:24:28 VollaPhone kernel: tun: Universal TUN/TAP device driver, 1.6
Apr 04 22:24:28 VollaPhone kernel: tun: (C) 1999-2004 Max Krasnyansky <maxk@qualcomm.com>
Apr 04 22:24:28 VollaPhone kernel: PPP generic driver version 2.4.2
Apr 04 22:24:28 VollaPhone kernel: PPP BSD Compression module registered
Apr 04 22:24:28 VollaPhone kernel: PPP Deflate Compression module registered
Apr 04 22:24:28 VollaPhone kernel: PPP MPPE Compression module registered
Apr 04 22:24:28 VollaPhone kernel: NET: Registered protocol family 24
Apr 04 22:24:28 VollaPhone kernel: usbcore: registered new interface driver usb-storage
Apr 04 22:24:28 VollaPhone kernel: usbcore: registered new interface driver ums-alauda
Apr 04 22:24:28 VollaPhone kernel: usbcore: registered new interface driver ums-cypress
Apr 04 22:24:28 VollaPhone kernel: usbcore: registered new interface driver ums-datafab
Apr 04 22:24:28 VollaPhone kernel: usbcore: registered new interface driver ums-freecom
Apr 04 22:24:28 VollaPhone kernel: usbcore: registered new interface driver ums-isd200
Apr 04 22:24:28 VollaPhone kernel: usbcore: registered new interface driver ums-jumpshot
Apr 04 22:24:28 VollaPhone kernel: usbcore: registered new interface driver ums-karma
Apr 04 22:24:28 VollaPhone kernel: usbcore: registered new interface driver ums-onetouch
Apr 04 22:24:28 VollaPhone kernel: usbcore: registered new interface driver ums-sddr09
Apr 04 22:24:28 VollaPhone kernel: usbcore: registered new interface driver ums-sddr55
Apr 04 22:24:28 VollaPhone kernel: usbcore: registered new interface driver ums-usbat
Apr 04 22:24:28 VollaPhone kernel: usbcore: registered new interface driver trancevibrator
Apr 04 22:24:28 VollaPhone kernel: usb_function_register name=acm
Apr 04 22:24:28 VollaPhone kernel: usb_function_register name=gser
Apr 04 22:24:28 VollaPhone kernel: usb_function_register name=rndis
Apr 04 22:24:28 VollaPhone kernel: usb_function_register name=mass_storage
Apr 04 22:24:28 VollaPhone kernel: usb_function_register name=ffs
Apr 04 22:24:28 VollaPhone kernel: usb_function_register name=midi
Apr 04 22:24:28 VollaPhone kernel: usb_function_register name=hid
Apr 04 22:24:28 VollaPhone kernel: usb_function_register name=mtp
Apr 04 22:24:28 VollaPhone kernel: usb_function_register name=ptp
Apr 04 22:24:28 VollaPhone kernel: usb_function_register name=audio_source
Apr 04 22:24:28 VollaPhone kernel: usb_function_register name=accessory
Apr 04 22:24:28 VollaPhone kernel: input: mtk-kpd as /devices/platform/10010000.kp/input/input1
Apr 04 22:24:28 VollaPhone kernel: focaltech_fp: FocalTech fingerprint device control driver registered.
Apr 04 22:24:28 VollaPhone kernel: Mapp dma regs successfully.
Apr 04 22:24:28 VollaPhone kernel:  mt_i2c_init driver as platform device
Apr 04 22:24:28 VollaPhone kernel: [I2C] id : 0, freq : 400000, div : 5, ch_offset: 0, dma_ch_offset: 0
Apr 04 22:24:28 VollaPhone kernel: mt-i2c 11007000.i2c: i2c0 clock source ffffffc037814640,clock src frequency 13650000
Apr 04 22:24:28 VollaPhone kernel: Map cg regs successfully.
Apr 04 22:24:28 VollaPhone kernel: [I2C] id : 1, freq : 400000, div : 5, ch_offset: 0, dma_ch_offset: 0
Apr 04 22:24:28 VollaPhone kernel: mt-i2c 11014000.i2c: i2c1 clock source ffffffc037814c00,clock src frequency 13650000
Apr 04 22:24:28 VollaPhone kernel: i2c i2c-1: of_i2c: modalias failure on /i2c@11014000/msensor@0d
Apr 04 22:24:28 VollaPhone kernel: i2c i2c-1: of_i2c: modalias failure on /i2c@11014000/gyro@68
Apr 04 22:24:28 VollaPhone kernel: [I2C] id : 2, freq : 400000, div : 5, ch_offset: 0, dma_ch_offset: 0
Apr 04 22:24:28 VollaPhone kernel: mt-i2c 11015000.i2c: i2c2 clock source ffffffc037822600,clock src frequency 13650000
Apr 04 22:24:28 VollaPhone kernel: MAINAF [AF_i2c_probe] Start
Apr 04 22:24:28 VollaPhone kernel: MAINAF [Register_AF_CharDrv] Start
Apr 04 22:24:28 VollaPhone kernel: MAINAF [Register_AF_CharDrv] End
Apr 04 22:24:28 VollaPhone kernel: MAINAF [AFRegulatorCtrl] AFIOC_S_SETPOWERCTRL regulator_put           (null)
Apr 04 22:24:28 VollaPhone kernel: MAINAF [AFRegulatorCtrl] [Init] regulator_get ffffffc037826300
Apr 04 22:24:28 VollaPhone kernel: MAINAF [AF_i2c_probe] Attached!!
Apr 04 22:24:28 VollaPhone kernel: [I2C] id : 5, freq : 3400000, div : 5, ch_offset: 0, dma_ch_offset: 0
Apr 04 22:24:28 VollaPhone kernel: mt-i2c 1100f000.i2c: i2c5 clock source ffffffc037822f40,clock src frequency 13650000
Apr 04 22:24:28 VollaPhone kernel: mt6370_pmu 5-0034: find mt6370_pmu_dts node
Apr 04 22:24:28 VollaPhone kernel: regmap_device_register: name = mt6370_pmu
Apr 04 22:24:28 VollaPhone kernel:  rt_regmap_mt6370_pmu: rt register cache data init
Apr 04 22:24:28 VollaPhone kernel:  rt_regmap_mt6370_pmu: cache cata init successfully
Apr 04 22:24:28 VollaPhone kernel: mt6370_pmu_core mt6370_pmu_core: mt6370_pmu_core_probe successfully
Apr 04 22:24:28 VollaPhone kernel: mt6370_pmu_charger_probe: (1.1.24_MTK)
Apr 04 22:24:28 VollaPhone kernel: mt6370_pmu_charger mt6370_pmu_charger: mt_parse_dt: no chg alias name
Apr 04 22:24:28 VollaPhone kernel: mt6370_pmu_charger mt6370_pmu_charger: mt_parse_dt: no ls alias name
Apr 04 22:24:28 VollaPhone kernel: mt_parse_dt can't find chg_data pinctrl default
Apr 04 22:24:28 VollaPhone kernel: mt6370_pmu_charger mt6370_pmu_charger: mt6370_pmu_charger_probe: get usb switch failed
Apr 04 22:24:28 VollaPhone kernel: mt6370_pmu_charger mt6370_pmu_charger: mt6370_pmu_charger_probe successfully
Apr 04 22:24:28 VollaPhone kernel: mt6370_pmu_fled_probe (1.0.2_MTK) id = 0
Apr 04 22:24:28 VollaPhone kernel: mt6370_fled_parse_dt start
Apr 04 22:24:28 VollaPhone kernel: mt6370_fled_parse_dt use torch cur 300000
Apr 04 22:24:28 VollaPhone kernel: mt6370_fled_parse_dt use strobe cur 1200000
Apr 04 22:24:28 VollaPhone kernel: mt6370_fled_parse_dt use strobe timeout 2400
Apr 04 22:24:28 VollaPhone kernel: mt6370_pmu_fled_probe flash name = mt-flash-led1
Apr 04 22:24:28 VollaPhone kernel: rt-flash-led:rtfled_probe() line-388: Richtek FlashLED Driver is probing
Apr 04 22:24:28 VollaPhone kernel: rt-flash-led:rtfled_check_hal_implement() line-374: check_hal_implemented have NULL item.
Apr 04 22:24:28 VollaPhone kernel: rt-flash-led:rtfled_probe() line-406: Richtek FlashLED Driver initialized successfully
Apr 04 22:24:28 VollaPhone kernel: mt6370_pmu_fled mt6370_pmu_fled.0: mt6370 fled inited
Apr 04 22:24:28 VollaPhone kernel: mt6370_pmu_fled mt6370_pmu_fled.0: mt6370_pmu_fled_probe successfully
Apr 04 22:24:28 VollaPhone kernel: mt6370_pmu_fled_probe (1.0.2_MTK) id = 1
Apr 04 22:24:28 VollaPhone kernel: mt6370_fled_parse_dt start
Apr 04 22:24:28 VollaPhone kernel: mt6370_fled_parse_dt use torch cur 200000
Apr 04 22:24:28 VollaPhone kernel: mt6370_fled_parse_dt use strobe cur 1000000
Apr 04 22:24:28 VollaPhone kernel: mt6370_fled_parse_dt use strobe timeout 1200
Apr 04 22:24:28 VollaPhone kernel: mt6370_pmu_fled_probe flash name = mt-flash-led2
Apr 04 22:24:28 VollaPhone kernel: rt-flash-led:rtfled_probe() line-388: Richtek FlashLED Driver is probing
Apr 04 22:24:28 VollaPhone kernel: rt-flash-led:rtfled_check_hal_implement() line-374: check_hal_implemented have NULL item.
Apr 04 22:24:28 VollaPhone kernel: rt-flash-led:rtfled_probe() line-406: Richtek FlashLED Driver initialized successfully
Apr 04 22:24:28 VollaPhone kernel: mt6370_pmu_fled mt6370_pmu_fled.1: mt6370_pmu_fled_probe successfully
Apr 04 22:24:28 VollaPhone kernel: mt6370_pmu_ldo mt6370_pmu_ldo: regulator_name = irtx_ldo, min_uV = 1600000, max_uV = 4000000
Apr 04 22:24:28 VollaPhone kernel: mt6370_pmu_ldo mt6370_pmu_ldo: mt6370_pmu_ldo_probe successfully
Apr 04 22:24:28 VollaPhone kernel: rt-flash-led:rtfled_probe() line-388: Richtek FlashLED Driver is probing
Apr 04 22:24:28 VollaPhone kernel: rt-flash-led:rtfled_probe() line-406: Richtek FlashLED Driver initialized successfully
Apr 04 22:24:28 VollaPhone kernel: mt6370_pmu_bled mt6370_pmu_bled: mt6370_pmu_bled_probe successfully
Apr 04 22:24:28 VollaPhone kernel: mt6370_pmu_dsv mt6370_pmu_dsv: Probing....
Apr 04 22:24:28 VollaPhone kernel: mt6370_pmu_dsv mt6370_pmu_dsv: regulator_name = dsv_pos, min_uV = 4000000, max_uV = 6000000
Apr 04 22:24:28 VollaPhone kernel: mt6370_pmu_dsv mt6370_pmu_dsv: regulator_name = dsv_neg, min_uV = 4000000, max_uV = 6000000
Apr 04 22:24:28 VollaPhone kernel: mt6370_pmu_dsv mt6370_pmu_dsv: mt6370_pmu_dsv_probe successfully
Apr 04 22:24:28 VollaPhone kernel: mt6370_pmu 5-0034: mt6370_pmu_probe successfully
Apr 04 22:24:28 VollaPhone kernel: mt6370_i2c_probe
Apr 04 22:24:28 VollaPhone kernel: I2C functionality : OK...
Apr 04 22:24:28 VollaPhone kernel: 0
Apr 04 22:24:28 VollaPhone kernel: t2-t1 = 13
Apr 04 22:24:28 VollaPhone kernel: 1
Apr 04 22:24:28 VollaPhone kernel: t2-t1 = 10
Apr 04 22:24:28 VollaPhone kernel: 2
Apr 04 22:24:28 VollaPhone kernel: t2-t1 = 10
Apr 04 22:24:28 VollaPhone kernel: 3
Apr 04 22:24:28 VollaPhone kernel: t2-t1 = 10
Apr 04 22:24:28 VollaPhone kernel: 4
Apr 04 22:24:28 VollaPhone kernel: t2-t1 = 10
Apr 04 22:24:28 VollaPhone kernel: 5
Apr 04 22:24:28 VollaPhone kernel: t2-t1 = 10
Apr 04 22:24:28 VollaPhone kernel: 6
Apr 04 22:24:28 VollaPhone kernel: t2-t1 = 11
Apr 04 22:24:28 VollaPhone kernel: 7
Apr 04 22:24:28 VollaPhone kernel: t2-t1 = 10
Apr 04 22:24:28 VollaPhone kernel: 8
Apr 04 22:24:28 VollaPhone kernel: t2-t1 = 10
Apr 04 22:24:28 VollaPhone kernel: 9
Apr 04 22:24:28 VollaPhone kernel: t2-t1 = 10
Apr 04 22:24:28 VollaPhone kernel: mt_parse_dt
Apr 04 22:24:28 VollaPhone kernel: mt6370_chipID = 0x2486
Apr 04 22:24:28 VollaPhone kernel: regmap_device_register: name = mt6370-4e
Apr 04 22:24:28 VollaPhone kernel:  rt_regmap_mt6370-4e: rt register cache data init
Apr 04 22:24:28 VollaPhone kernel:  rt_regmap_mt6370-4e: cache cata init successfully
Apr 04 22:24:28 VollaPhone kernel: tcpc_device_register register tcpc device (type_c_port0)
Apr 04 22:24:28 VollaPhone kernel: PD Timer number = 57
Apr 04 22:24:28 VollaPhone kernel: tcpci_timer_init : init OK
Apr 04 22:24:28 VollaPhone kernel: pd_parse_pdata
Apr 04 22:24:28 VollaPhone kernel: pd_parse_pdata src pdo data =
Apr 04 22:24:28 VollaPhone kernel: pd_parse_pdata 0: 0x00019032
Apr 04 22:24:28 VollaPhone kernel: pd_parse_pdata snk pdo data =
Apr 04 22:24:28 VollaPhone kernel: pd_parse_pdata 0: 0x000190c8
Apr 04 22:24:28 VollaPhone kernel: pd_parse_pdata 1: 0xc0761e3c
Apr 04 22:24:28 VollaPhone kernel: pd_parse_pdata id vdos data =
Apr 04 22:24:28 VollaPhone kernel: pd_parse_pdata 0: 0xd10029cf
Apr 04 22:24:28 VollaPhone kernel: pd_parse_pdata 1: 0x00000000
Apr 04 22:24:28 VollaPhone kernel: pd_parse_pdata 2: 0x00010000
Apr 04 22:24:28 VollaPhone kernel: pd_parse_pdata charging_policy = 33
Apr 04 22:24:28 VollaPhone kernel: pd_parse_pdata_bats Battery NR = 1
Apr 04 22:24:28 VollaPhone kernel: pd_parse_pdata_bats fix_bat_info[0].mfrs_info.vid = 0x29cf,                                             .mfrs_info.pid = 0x1711,                                             .mfrs_string = bat1,                                             .bat_design_cap = 3000
